hybrid_bka__p0.5__g0__s0         intact         len   256 recall 1.000 no-marker 1.000 (1s)
hybrid_bka__p0.5__g0__s0         intact         len  4096 recall 0.875 no-marker 0.917 (21s)
hybrid_bka__p0.5__g0__s0         layer3         len   256 recall 0.002 no-marker 0.002 (1s)
hybrid_bka__p0.5__g0__s0         layer3         len  4096 recall 0.000 no-marker 0.003 (22s)
hybrid_bka__p0.5__g0__s0         layer7         len   256 recall 1.000 no-marker 1.000 (1s)
hybrid_bka__p0.5__g0__s0         layer7         len  4096 recall 0.875 no-marker 0.922 (22s)
hybrid_bka__p0.5__g0__s0         layer3_head0   len   256 recall 0.996 no-marker 0.996 (1s)
hybrid_bka__p0.5__g0__s0         layer3_head0   len  4096 recall 0.862 no-marker 0.883 (22s)
hybrid_bka__p0.5__g0__s0         layer3_head1   len   256 recall 1.000 no-marker 1.000 (1s)
hybrid_bka__p0.5__g0__s0         layer3_head1   len  4096 recall 0.878 no-marker 0.896 (22s)
hybrid_bka__p0.5__g0__s0         layer3_head2   len   256 recall 1.000 no-marker 1.000 (1s)
hybrid_bka__p0.5__g0__s0         layer3_head2   len  4096 recall 0.875 no-marker 0.919 (22s)
hybrid_bka__p0.5__g0__s0         layer3_head3   len   256 recall 1.000 no-marker 1.000 (1s)
hybrid_bka__p0.5__g0__s0         layer3_head3   len  4096 recall 0.878 no-marker 0.901 (22s)
hybrid_bka__p0.5__g0__s1         intact         len   256 recall 1.000 no-marker 1.000 (1s)
hybrid_bka__p0.5__g0__s1         intact         len  4096 recall 1.000 no-marker 1.000 (22s)
hybrid_bka__p0.5__g0__s1         layer3         len   256 recall 0.004 no-marker 0.004 (1s)
hybrid_bka__p0.5__g0__s1         layer3         len  4096 recall 0.005 no-marker 0.005 (23s)
hybrid_bka__p0.5__g0__s1         layer7         len   256 recall 1.000 no-marker 1.000 (1s)
hybrid_bka__p0.5__g0__s1         layer7         len  4096 recall 1.000 no-marker 1.000 (22s)
hybrid_bka__p0.5__g0__s1         layer3_head0   len   256 recall 1.000 no-marker 1.000 (1s)
hybrid_bka__p0.5__g0__s1         layer3_head0   len  4096 recall 1.000 no-marker 1.000 (23s)
hybrid_bka__p0.5__g0__s1         layer3_head1   len   256 recall 1.000 no-marker 1.000 (1s)
hybrid_bka__p0.5__g0__s1         layer3_head1   len  4096 recall 1.000 no-marker 1.000 (22s)
hybrid_bka__p0.5__g0__s1         layer3_head2   len   256 recall 0.006 no-marker 0.008 (1s)
hybrid_bka__p0.5__g0__s1         layer3_head2   len  4096 recall 0.000 no-marker 0.000 (22s)
hybrid_bka__p0.5__g0__s1         layer3_head3   len   256 recall 1.000 no-marker 1.000 (1s)
hybrid_bka__p0.5__g0__s1         layer3_head3   len  4096 recall 0.992 no-marker 1.000 (22s)
hybrid_bka__p0.5__g0__s10        intact         len   256 recall 1.000 no-marker 1.000 (1s)
hybrid_bka__p0.5__g0__s10        intact         len  4096 recall 0.987 no-marker 0.995 (21s)
hybrid_bka__p0.5__g0__s10        layer3         len   256 recall 0.004 no-marker 0.004 (1s)
hybrid_bka__p0.5__g0__s10        layer3         len  4096 recall 0.008 no-marker 0.008 (21s)
hybrid_bka__p0.5__g0__s10        layer7         len   256 recall 1.000 no-marker 1.000 (1s)
hybrid_bka__p0.5__g0__s10        layer7         len  4096 recall 0.987 no-marker 0.995 (17s)
hybrid_bka__p0.5__g0__s10        layer3_head0   len   256 recall 1.000 no-marker 1.000 (1s)
hybrid_bka__p0.5__g0__s10        layer3_head0   len  4096 recall 0.977 no-marker 0.984 (16s)
hybrid_bka__p0.5__g0__s10        layer3_head1   len   256 recall 1.000 no-marker 1.000 (1s)
hybrid_bka__p0.5__g0__s10        layer3_head1   len  4096 recall 0.987 no-marker 1.000 (16s)
hybrid_bka__p0.5__g0__s10        layer3_head2   len   256 recall 0.980 no-marker 0.980 (1s)
hybrid_bka__p0.5__g0__s10        layer3_head2   len  4096 recall 0.977 no-marker 0.977 (17s)
hybrid_bka__p0.5__g0__s10        layer3_head3   len   256 recall 0.846 no-marker 0.846 (1s)
hybrid_bka__p0.5__g0__s10        layer3_head3   len  4096 recall 0.820 no-marker 0.820 (17s)
hybrid_bka__p0.5__g0__s2         intact         len   256 recall 0.998 no-marker 0.998 (1s)
hybrid_bka__p0.5__g0__s2         intact         len  4096 recall 0.872 no-marker 0.878 (16s)
hybrid_bka__p0.5__g0__s2         layer3         len   256 recall 0.002 no-marker 0.002 (1s)
hybrid_bka__p0.5__g0__s2         layer3         len  4096 recall 0.010 no-marker 0.010 (17s)
hybrid_bka__p0.5__g0__s2         layer7         len   256 recall 0.994 no-marker 0.994 (1s)
hybrid_bka__p0.5__g0__s2         layer7         len  4096 recall 0.872 no-marker 0.880 (20s)
hybrid_bka__p0.5__g0__s2         layer3_head0   len   256 recall 0.834 no-marker 0.834 (1s)
hybrid_bka__p0.5__g0__s2         layer3_head0   len  4096 recall 0.659 no-marker 0.667 (25s)
hybrid_bka__p0.5__g0__s2         layer3_head1   len   256 recall 0.617 no-marker 0.633 (1s)
hybrid_bka__p0.5__g0__s2         layer3_head1   len  4096 recall 0.357 no-marker 0.372 (25s)
hybrid_bka__p0.5__g0__s2         layer3_head2   len   256 recall 0.971 no-marker 0.971 (1s)
hybrid_bka__p0.5__g0__s2         layer3_head2   len  4096 recall 0.810 no-marker 0.815 (25s)
hybrid_bka__p0.5__g0__s2         layer3_head3   len   256 recall 0.004 no-marker 0.004 (1s)
hybrid_bka__p0.5__g0__s2         layer3_head3   len  4096 recall 0.005 no-marker 0.008 (25s)
hybrid_bka__p0.5__g0__s3         skipped: not learned
hybrid_bka__p0.5__g0__s4         intact         len   256 recall 1.000 no-marker 1.000 (1s)
hybrid_bka__p0.5__g0__s4         intact         len  4096 recall 0.875 no-marker 0.885 (25s)
hybrid_bka__p0.5__g0__s4         layer3         len   256 recall 0.008 no-marker 0.008 (1s)
hybrid_bka__p0.5__g0__s4         layer3         len  4096 recall 0.003 no-marker 0.005 (25s)
hybrid_bka__p0.5__g0__s4         layer7         len   256 recall 1.000 no-marker 1.000 (1s)
hybrid_bka__p0.5__g0__s4         layer7         len  4096 recall 0.875 no-marker 0.885 (25s)
hybrid_bka__p0.5__g0__s4         layer3_head0   len   256 recall 0.979 no-marker 0.979 (1s)
hybrid_bka__p0.5__g0__s4         layer3_head0   len  4096 recall 0.826 no-marker 0.828 (25s)
hybrid_bka__p0.5__g0__s4         layer3_head1   len   256 recall 1.000 no-marker 1.000 (1s)
hybrid_bka__p0.5__g0__s4         layer3_head1   len  4096 recall 0.875 no-marker 0.880 (25s)
hybrid_bka__p0.5__g0__s4         layer3_head2   len   256 recall 1.000 no-marker 1.000 (1s)
hybrid_bka__p0.5__g0__s4         layer3_head2   len  4096 recall 0.872 no-marker 0.875 (24s)
hybrid_bka__p0.5__g0__s4         layer3_head3   len   256 recall 1.000 no-marker 1.000 (1s)
hybrid_bka__p0.5__g0__s4         layer3_head3   len  4096 recall 0.875 no-marker 0.885 (17s)
hybrid_bka__p0.5__g0__s5         skipped: not learned
hybrid_bka__p0.5__g0__s6         intact         len   256 recall 1.000 no-marker 1.000 (1s)
hybrid_bka__p0.5__g0__s6         intact         len  4096 recall 0.901 no-marker 0.924 (17s)
hybrid_bka__p0.5__g0__s6         layer3         len   256 recall 0.004 no-marker 0.004 (1s)
hybrid_bka__p0.5__g0__s6         layer3         len  4096 recall 0.003 no-marker 0.003 (17s)
hybrid_bka__p0.5__g0__s6         layer7         len   256 recall 1.000 no-marker 1.000 (1s)
hybrid_bka__p0.5__g0__s6         layer7         len  4096 recall 0.901 no-marker 0.927 (17s)
hybrid_bka__p0.5__g0__s6         layer3_head0   len   256 recall 1.000 no-marker 1.000 (1s)
hybrid_bka__p0.5__g0__s6         layer3_head0   len  4096 recall 0.911 no-marker 0.927 (17s)
hybrid_bka__p0.5__g0__s6         layer3_head1   len   256 recall 0.938 no-marker 0.938 (1s)
hybrid_bka__p0.5__g0__s6         layer3_head1   len  4096 recall 0.844 no-marker 0.849 (17s)
hybrid_bka__p0.5__g0__s6         layer3_head2   len   256 recall 0.943 no-marker 0.943 (1s)
hybrid_bka__p0.5__g0__s6         layer3_head2   len  4096 recall 0.797 no-marker 0.797 (17s)
hybrid_bka__p0.5__g0__s6         layer3_head3   len   256 recall 1.000 no-marker 1.000 (1s)
hybrid_bka__p0.5__g0__s6         layer3_head3   len  4096 recall 0.901 no-marker 0.930 (16s)
hybrid_bka__p0.5__g0__s7         skipped: not learned
hybrid_bka__p0.5__g0__s8         intact         len   256 recall 1.000 no-marker 1.000 (1s)
hybrid_bka__p0.5__g0__s8         intact         len  4096 recall 1.000 no-marker 1.000 (17s)
hybrid_bka__p0.5__g0__s8         layer3         len   256 recall 0.000 no-marker 0.000 (1s)
hybrid_bka__p0.5__g0__s8         layer3         len  4096 recall 0.000 no-marker 0.000 (22s)
hybrid_bka__p0.5__g0__s8         layer7         len   256 recall 1.000 no-marker 1.000 (1s)
hybrid_bka__p0.5__g0__s8         layer7         len  4096 recall 1.000 no-marker 1.000 (25s)
hybrid_bka__p0.5__g0__s8         layer3_head0   len   256 recall 1.000 no-marker 1.000 (1s)
hybrid_bka__p0.5__g0__s8         layer3_head0   len  4096 recall 1.000 no-marker 1.000 (25s)
hybrid_bka__p0.5__g0__s8         layer3_head1   len   256 recall 0.809 no-marker 0.809 (1s)
hybrid_bka__p0.5__g0__s8         layer3_head1   len  4096 recall 0.721 no-marker 0.721 (25s)
hybrid_bka__p0.5__g0__s8         layer3_head2   len   256 recall 1.000 no-marker 1.000 (1s)
hybrid_bka__p0.5__g0__s8         layer3_head2   len  4096 recall 0.997 no-marker 0.997 (25s)
hybrid_bka__p0.5__g0__s8         layer3_head3   len   256 recall 1.000 no-marker 1.000 (1s)
hybrid_bka__p0.5__g0__s8         layer3_head3   len  4096 recall 0.971 no-marker 0.971 (25s)
hybrid_bka__p0.5__g0__s9         intact         len   256 recall 1.000 no-marker 1.000 (1s)
hybrid_bka__p0.5__g0__s9         intact         len  4096 recall 1.000 no-marker 1.000 (25s)
hybrid_bka__p0.5__g0__s9         layer3         len   256 recall 0.000 no-marker 0.004 (1s)
hybrid_bka__p0.5__g0__s9         layer3         len  4096 recall 0.005 no-marker 0.008 (25s)
hybrid_bka__p0.5__g0__s9         layer7         len   256 recall 1.000 no-marker 1.000 (1s)
hybrid_bka__p0.5__g0__s9         layer7         len  4096 recall 1.000 no-marker 1.000 (25s)
hybrid_bka__p0.5__g0__s9         layer3_head0   len   256 recall 1.000 no-marker 1.000 (1s)
hybrid_bka__p0.5__g0__s9         layer3_head0   len  4096 recall 1.000 no-marker 1.000 (25s)
hybrid_bka__p0.5__g0__s9         layer3_head1   len   256 recall 1.000 no-marker 1.000 (1s)
hybrid_bka__p0.5__g0__s9         layer3_head1   len  4096 recall 1.000 no-marker 1.000 (25s)
hybrid_bka__p0.5__g0__s9         layer3_head2   len   256 recall 0.223 no-marker 0.223 (1s)
hybrid_bka__p0.5__g0__s9         layer3_head2   len  4096 recall 0.237 no-marker 0.237 (25s)
hybrid_bka__p0.5__g0__s9         layer3_head3   len   256 recall 1.000 no-marker 1.000 (1s)
hybrid_bka__p0.5__g0__s9         layer3_head3   len  4096 recall 1.000 no-marker 1.000 (25s)
hybrid_bka_first__p0.5__g0__s0   intact         len   256 recall 1.000 no-marker 1.000 (1s)
hybrid_bka_first__p0.5__g0__s0   intact         len  4096 recall 1.000 no-marker 1.000 (25s)
hybrid_bka_first__p0.5__g0__s0   layer0         len   256 recall 0.008 no-marker 0.008 (1s)
hybrid_bka_first__p0.5__g0__s0   layer0         len  4096 recall 0.003 no-marker 0.003 (26s)
hybrid_bka_first__p0.5__g0__s0   layer4         len   256 recall 1.000 no-marker 1.000 (1s)
hybrid_bka_first__p0.5__g0__s0   layer4         len  4096 recall 1.000 no-marker 1.000 (20s)
hybrid_bka_first__p0.5__g0__s0   layer0_head0   len   256 recall 1.000 no-marker 1.000 (1s)
hybrid_bka_first__p0.5__g0__s0   layer0_head0   len  4096 recall 0.997 no-marker 0.997 (25s)
hybrid_bka_first__p0.5__g0__s0   layer0_head1   len   256 recall 0.998 no-marker 1.000 (1s)
hybrid_bka_first__p0.5__g0__s0   layer0_head1   len  4096 recall 0.979 no-marker 1.000 (25s)
hybrid_bka_first__p0.5__g0__s0   layer0_head2   len   256 recall 0.947 no-marker 0.992 (1s)
hybrid_bka_first__p0.5__g0__s0   layer0_head2   len  4096 recall 0.555 no-marker 0.878 (25s)
hybrid_bka_first__p0.5__g0__s0   layer0_head3   len   256 recall 0.973 no-marker 1.000 (1s)
hybrid_bka_first__p0.5__g0__s0   layer0_head3   len  4096 recall 0.826 no-marker 0.966 (24s)
hybrid_bka_first__p0.5__g0__s1   intact         len   256 recall 1.000 no-marker 1.000 (1s)
hybrid_bka_first__p0.5__g0__s1   intact         len  4096 recall 0.966 no-marker 1.000 (24s)
hybrid_bka_first__p0.5__g0__s1   layer0         len   256 recall 0.004 no-marker 0.004 (1s)
hybrid_bka_first__p0.5__g0__s1   layer0         len  4096 recall 0.008 no-marker 0.008 (25s)
hybrid_bka_first__p0.5__g0__s1   layer4         len   256 recall 1.000 no-marker 1.000 (1s)
hybrid_bka_first__p0.5__g0__s1   layer4         len  4096 recall 0.427 no-marker 1.000 (25s)
hybrid_bka_first__p0.5__g0__s1   layer0_head0   len   256 recall 0.998 no-marker 1.000 (1s)
hybrid_bka_first__p0.5__g0__s1   layer0_head0   len  4096 recall 1.000 no-marker 1.000 (25s)
hybrid_bka_first__p0.5__g0__s1   layer0_head1   len   256 recall 1.000 no-marker 1.000 (1s)
hybrid_bka_first__p0.5__g0__s1   layer0_head1   len  4096 recall 0.982 no-marker 1.000 (25s)
hybrid_bka_first__p0.5__g0__s1   layer0_head2   len   256 recall 1.000 no-marker 1.000 (1s)
hybrid_bka_first__p0.5__g0__s1   layer0_head2   len  4096 recall 0.982 no-marker 1.000 (25s)
hybrid_bka_first__p0.5__g0__s1   layer0_head3   len   256 recall 1.000 no-marker 1.000 (1s)
hybrid_bka_first__p0.5__g0__s1   layer0_head3   len  4096 recall 0.974 no-marker 1.000 (25s)
hybrid_bka_first__p0.5__g0__s10  intact         len   256 recall 1.000 no-marker 1.000 (1s)
hybrid_bka_first__p0.5__g0__s10  intact         len  4096 recall 1.000 no-marker 1.000 (17s)
hybrid_bka_first__p0.5__g0__s10  layer0         len   256 recall 0.002 no-marker 0.002 (1s)
hybrid_bka_first__p0.5__g0__s10  layer0         len  4096 recall 0.003 no-marker 0.003 (16s)
hybrid_bka_first__p0.5__g0__s10  layer4         len   256 recall 1.000 no-marker 1.000 (1s)
hybrid_bka_first__p0.5__g0__s10  layer4         len  4096 recall 1.000 no-marker 1.000 (16s)
hybrid_bka_first__p0.5__g0__s10  layer0_head0   len   256 recall 1.000 no-marker 1.000 (1s)
hybrid_bka_first__p0.5__g0__s10  layer0_head0   len  4096 recall 1.000 no-marker 1.000 (16s)
hybrid_bka_first__p0.5__g0__s10  layer0_head1   len   256 recall 0.996 no-marker 1.000 (1s)
hybrid_bka_first__p0.5__g0__s10  layer0_head1   len  4096 recall 0.922 no-marker 0.997 (16s)
hybrid_bka_first__p0.5__g0__s10  layer0_head2   len   256 recall 1.000 no-marker 1.000 (1s)
hybrid_bka_first__p0.5__g0__s10  layer0_head2   len  4096 recall 1.000 no-marker 1.000 (16s)
hybrid_bka_first__p0.5__g0__s10  layer0_head3   len   256 recall 1.000 no-marker 1.000 (1s)
hybrid_bka_first__p0.5__g0__s10  layer0_head3   len  4096 recall 0.990 no-marker 1.000 (16s)
hybrid_bka_first__p0.5__g0__s2   intact         len   256 recall 1.000 no-marker 1.000 (1s)
hybrid_bka_first__p0.5__g0__s2   intact         len  4096 recall 1.000 no-marker 1.000 (16s)
hybrid_bka_first__p0.5__g0__s2   layer0         len   256 recall 0.006 no-marker 0.006 (1s)
hybrid_bka_first__p0.5__g0__s2   layer0         len  4096 recall 0.000 no-marker 0.000 (16s)
hybrid_bka_first__p0.5__g0__s2   layer4         len   256 recall 1.000 no-marker 1.000 (1s)
hybrid_bka_first__p0.5__g0__s2   layer4         len  4096 recall 1.000 no-marker 1.000 (16s)
hybrid_bka_first__p0.5__g0__s2   layer0_head0   len   256 recall 1.000 no-marker 1.000 (1s)
hybrid_bka_first__p0.5__g0__s2   layer0_head0   len  4096 recall 1.000 no-marker 1.000 (16s)
hybrid_bka_first__p0.5__g0__s2   layer0_head1   len   256 recall 0.998 no-marker 1.000 (1s)
hybrid_bka_first__p0.5__g0__s2   layer0_head1   len  4096 recall 0.997 no-marker 0.997 (16s)
hybrid_bka_first__p0.5__g0__s2   layer0_head2   len   256 recall 1.000 no-marker 1.000 (1s)
hybrid_bka_first__p0.5__g0__s2   layer0_head2   len  4096 recall 1.000 no-marker 1.000 (16s)
hybrid_bka_first__p0.5__g0__s2   layer0_head3   len   256 recall 1.000 no-marker 1.000 (1s)
hybrid_bka_first__p0.5__g0__s2   layer0_head3   len  4096 recall 0.997 no-marker 0.997 (16s)
hybrid_bka_first__p0.5__g0__s3   intact         len   256 recall 1.000 no-marker 1.000 (1s)
hybrid_bka_first__p0.5__g0__s3   intact         len  4096 recall 1.000 no-marker 1.000 (16s)
hybrid_bka_first__p0.5__g0__s3   layer0         len   256 recall 0.000 no-marker 0.006 (1s)
hybrid_bka_first__p0.5__g0__s3   layer0         len  4096 recall 0.000 no-marker 0.000 (16s)
hybrid_bka_first__p0.5__g0__s3   layer4         len   256 recall 1.000 no-marker 1.000 (1s)
hybrid_bka_first__p0.5__g0__s3   layer4         len  4096 recall 1.000 no-marker 1.000 (17s)
hybrid_bka_first__p0.5__g0__s3   layer0_head0   len   256 recall 1.000 no-marker 1.000 (1s)
hybrid_bka_first__p0.5__g0__s3   layer0_head0   len  4096 recall 0.875 no-marker 1.000 (16s)
hybrid_bka_first__p0.5__g0__s3   layer0_head1   len   256 recall 1.000 no-marker 1.000 (1s)
hybrid_bka_first__p0.5__g0__s3   layer0_head1   len  4096 recall 0.893 no-marker 1.000 (16s)
hybrid_bka_first__p0.5__g0__s3   layer0_head2   len   256 recall 1.000 no-marker 1.000 (1s)
hybrid_bka_first__p0.5__g0__s3   layer0_head2   len  4096 recall 0.914 no-marker 1.000 (16s)
hybrid_bka_first__p0.5__g0__s3   layer0_head3   len   256 recall 0.984 no-marker 1.000 (1s)
hybrid_bka_first__p0.5__g0__s3   layer0_head3   len  4096 recall 0.997 no-marker 1.000 (16s)
hybrid_bka_first__p0.5__g0__s4   intact         len   256 recall 1.000 no-marker 1.000 (1s)
hybrid_bka_first__p0.5__g0__s4   intact         len  4096 recall 0.977 no-marker 1.000 (17s)
hybrid_bka_first__p0.5__g0__s4   layer0         len   256 recall 0.000 no-marker 0.004 (1s)
hybrid_bka_first__p0.5__g0__s4   layer0         len  4096 recall 0.000 no-marker 0.013 (17s)
hybrid_bka_first__p0.5__g0__s4   layer4         len   256 recall 1.000 no-marker 1.000 (1s)
hybrid_bka_first__p0.5__g0__s4   layer4         len  4096 recall 0.977 no-marker 1.000 (17s)
hybrid_bka_first__p0.5__g0__s4   layer0_head0   len   256 recall 0.996 no-marker 0.996 (1s)
hybrid_bka_first__p0.5__g0__s4   layer0_head0   len  4096 recall 0.258 no-marker 0.990 (19s)
hybrid_bka_first__p0.5__g0__s4   layer0_head1   len   256 recall 0.539 no-marker 0.975 (1s)
hybrid_bka_first__p0.5__g0__s4   layer0_head1   len  4096 recall 0.081 no-marker 0.898 (25s)
hybrid_bka_first__p0.5__g0__s4   layer0_head2   len   256 recall 0.996 no-marker 1.000 (1s)
hybrid_bka_first__p0.5__g0__s4   layer0_head2   len  4096 recall 0.977 no-marker 1.000 (17s)
hybrid_bka_first__p0.5__g0__s4   layer0_head3   len   256 recall 0.984 no-marker 0.984 (1s)
hybrid_bka_first__p0.5__g0__s4   layer0_head3   len  4096 recall 0.250 no-marker 0.982 (17s)
hybrid_bka_first__p0.5__g0__s5   intact         len   256 recall 1.000 no-marker 1.000 (1s)
hybrid_bka_first__p0.5__g0__s5   intact         len  4096 recall 0.974 no-marker 1.000 (17s)
hybrid_bka_first__p0.5__g0__s5   layer0         len   256 recall 0.002 no-marker 0.004 (1s)
hybrid_bka_first__p0.5__g0__s5   layer0         len  4096 recall 0.000 no-marker 0.000 (17s)
hybrid_bka_first__p0.5__g0__s5   layer4         len   256 recall 1.000 no-marker 1.000 (1s)
hybrid_bka_first__p0.5__g0__s5   layer4         len  4096 recall 0.992 no-marker 1.000 (17s)
hybrid_bka_first__p0.5__g0__s5   layer0_head0   len   256 recall 1.000 no-marker 1.000 (1s)
hybrid_bka_first__p0.5__g0__s5   layer0_head0   len  4096 recall 0.846 no-marker 0.990 (17s)
hybrid_bka_first__p0.5__g0__s5   layer0_head1   len   256 recall 1.000 no-marker 1.000 (1s)
hybrid_bka_first__p0.5__g0__s5   layer0_head1   len  4096 recall 0.773 no-marker 0.997 (16s)
hybrid_bka_first__p0.5__g0__s5   layer0_head2   len   256 recall 0.990 no-marker 0.990 (1s)
hybrid_bka_first__p0.5__g0__s5   layer0_head2   len  4096 recall 0.424 no-marker 0.951 (16s)
hybrid_bka_first__p0.5__g0__s5   layer0_head3   len   256 recall 1.000 no-marker 1.000 (1s)
hybrid_bka_first__p0.5__g0__s5   layer0_head3   len  4096 recall 0.794 no-marker 0.992 (17s)
hybrid_bka_first__p0.5__g0__s6   intact         len   256 recall 1.000 no-marker 1.000 (1s)
hybrid_bka_first__p0.5__g0__s6   intact         len  4096 recall 1.000 no-marker 1.000 (17s)
hybrid_bka_first__p0.5__g0__s6   layer0         len   256 recall 0.000 no-marker 0.002 (1s)
hybrid_bka_first__p0.5__g0__s6   layer0         len  4096 recall 0.003 no-marker 0.005 (17s)
hybrid_bka_first__p0.5__g0__s6   layer4         len   256 recall 0.994 no-marker 0.994 (1s)
hybrid_bka_first__p0.5__g0__s6   layer4         len  4096 recall 0.990 no-marker 0.997 (17s)
hybrid_bka_first__p0.5__g0__s6   layer0_head0   len   256 recall 1.000 no-marker 1.000 (1s)
hybrid_bka_first__p0.5__g0__s6   layer0_head0   len  4096 recall 0.982 no-marker 1.000 (17s)
hybrid_bka_first__p0.5__g0__s6   layer0_head1   len   256 recall 1.000 no-marker 1.000 (1s)
hybrid_bka_first__p0.5__g0__s6   layer0_head1   len  4096 recall 1.000 no-marker 1.000 (17s)
hybrid_bka_first__p0.5__g0__s6   layer0_head2   len   256 recall 1.000 no-marker 1.000 (1s)
hybrid_bka_first__p0.5__g0__s6   layer0_head2   len  4096 recall 0.984 no-marker 1.000 (17s)
hybrid_bka_first__p0.5__g0__s6   layer0_head3   len   256 recall 1.000 no-marker 1.000 (1s)
hybrid_bka_first__p0.5__g0__s6   layer0_head3   len  4096 recall 0.883 no-marker 1.000 (17s)
hybrid_bka_first__p0.5__g0__s7   intact         len   256 recall 1.000 no-marker 1.000 (1s)
hybrid_bka_first__p0.5__g0__s7   intact         len  4096 recall 0.990 no-marker 1.000 (17s)
hybrid_bka_first__p0.5__g0__s7   layer0         len   256 recall 0.004 no-marker 0.004 (1s)
hybrid_bka_first__p0.5__g0__s7   layer0         len  4096 recall 0.003 no-marker 0.003 (22s)
hybrid_bka_first__p0.5__g0__s7   layer4         len   256 recall 1.000 no-marker 1.000 (1s)
hybrid_bka_first__p0.5__g0__s7   layer4         len  4096 recall 1.000 no-marker 1.000 (25s)
hybrid_bka_first__p0.5__g0__s7   layer0_head0   len   256 recall 1.000 no-marker 1.000 (1s)
hybrid_bka_first__p0.5__g0__s7   layer0_head0   len  4096 recall 0.917 no-marker 0.997 (25s)
hybrid_bka_first__p0.5__g0__s7   layer0_head1   len   256 recall 1.000 no-marker 1.000 (1s)
hybrid_bka_first__p0.5__g0__s7   layer0_head1   len  4096 recall 0.956 no-marker 1.000 (20s)
hybrid_bka_first__p0.5__g0__s7   layer0_head2   len   256 recall 0.984 no-marker 0.984 (1s)
hybrid_bka_first__p0.5__g0__s7   layer0_head2   len  4096 recall 0.013 no-marker 0.841 (16s)
hybrid_bka_first__p0.5__g0__s7   layer0_head3   len   256 recall 1.000 no-marker 1.000 (1s)
hybrid_bka_first__p0.5__g0__s7   layer0_head3   len  4096 recall 0.854 no-marker 1.000 (16s)
hybrid_bka_first__p0.5__g0__s8   intact         len   256 recall 1.000 no-marker 1.000 (1s)
hybrid_bka_first__p0.5__g0__s8   intact         len  4096 recall 0.982 no-marker 1.000 (16s)
hybrid_bka_first__p0.5__g0__s8   layer0         len   256 recall 0.006 no-marker 0.006 (1s)
hybrid_bka_first__p0.5__g0__s8   layer0         len  4096 recall 0.005 no-marker 0.005 (16s)
hybrid_bka_first__p0.5__g0__s8   layer4         len   256 recall 1.000 no-marker 1.000 (1s)
hybrid_bka_first__p0.5__g0__s8   layer4         len  4096 recall 1.000 no-marker 1.000 (16s)
hybrid_bka_first__p0.5__g0__s8   layer0_head0   len   256 recall 1.000 no-marker 1.000 (1s)
hybrid_bka_first__p0.5__g0__s8   layer0_head0   len  4096 recall 0.953 no-marker 1.000 (16s)
hybrid_bka_first__p0.5__g0__s8   layer0_head1   len   256 recall 1.000 no-marker 1.000 (1s)
hybrid_bka_first__p0.5__g0__s8   layer0_head1   len  4096 recall 0.966 no-marker 1.000 (17s)
hybrid_bka_first__p0.5__g0__s8   layer0_head2   len   256 recall 1.000 no-marker 1.000 (1s)
hybrid_bka_first__p0.5__g0__s8   layer0_head2   len  4096 recall 1.000 no-marker 1.000 (21s)
hybrid_bka_first__p0.5__g0__s8   layer0_head3   len   256 recall 1.000 no-marker 1.000 (1s)
hybrid_bka_first__p0.5__g0__s8   layer0_head3   len  4096 recall 0.971 no-marker 1.000 (17s)
hybrid_bka_first__p0.5__g0__s9   intact         len   256 recall 1.000 no-marker 1.000 (1s)
hybrid_bka_first__p0.5__g0__s9   intact         len  4096 recall 1.000 no-marker 1.000 (17s)
hybrid_bka_first__p0.5__g0__s9   layer0         len   256 recall 0.000 no-marker 0.002 (1s)
hybrid_bka_first__p0.5__g0__s9   layer0         len  4096 recall 0.000 no-marker 0.000 (17s)
hybrid_bka_first__p0.5__g0__s9   layer4         len   256 recall 1.000 no-marker 1.000 (1s)
hybrid_bka_first__p0.5__g0__s9   layer4         len  4096 recall 0.990 no-marker 1.000 (17s)
hybrid_bka_first__p0.5__g0__s9   layer0_head0   len   256 recall 1.000 no-marker 1.000 (1s)
hybrid_bka_first__p0.5__g0__s9   layer0_head0   len  4096 recall 0.471 no-marker 0.984 (17s)
hybrid_bka_first__p0.5__g0__s9   layer0_head1   len   256 recall 1.000 no-marker 1.000 (1s)
hybrid_bka_first__p0.5__g0__s9   layer0_head1   len  4096 recall 0.487 no-marker 0.982 (17s)
hybrid_bka_first__p0.5__g0__s9   layer0_head2   len   256 recall 1.000 no-marker 1.000 (1s)
hybrid_bka_first__p0.5__g0__s9   layer0_head2   len  4096 recall 0.956 no-marker 1.000 (17s)
hybrid_bka_first__p0.5__g0__s9   layer0_head3   len   256 recall 1.000 no-marker 1.000 (1s)
hybrid_bka_first__p0.5__g0__s9   layer0_head3   len  4096 recall 1.000 no-marker 1.000 (17s)
hybrid_nope__p0.5__g0__s0        skipped: not learned
hybrid_nope__p0.5__g0__s1        intact         len   256 recall 1.000 no-marker 1.000 (1s)
hybrid_nope__p0.5__g0__s1        intact         len  4096 recall 0.859 no-marker 0.971 (16s)
hybrid_nope__p0.5__g0__s1        layer3         len   256 recall 0.004 no-marker 0.004 (1s)
hybrid_nope__p0.5__g0__s1        layer3         len  4096 recall 0.005 no-marker 0.005 (16s)
hybrid_nope__p0.5__g0__s1        layer7         len   256 recall 1.000 no-marker 1.000 (1s)
hybrid_nope__p0.5__g0__s1        layer7         len  4096 recall 0.859 no-marker 0.969 (16s)
hybrid_nope__p0.5__g0__s1        layer3_head0   len   256 recall 1.000 no-marker 1.000 (1s)
hybrid_nope__p0.5__g0__s1        layer3_head0   len  4096 recall 0.924 no-marker 0.964 (16s)
hybrid_nope__p0.5__g0__s1        layer3_head1   len   256 recall 0.791 no-marker 0.795 (1s)
hybrid_nope__p0.5__g0__s1        layer3_head1   len  4096 recall 0.214 no-marker 0.224 (16s)
hybrid_nope__p0.5__g0__s1        layer3_head2   len   256 recall 1.000 no-marker 1.000 (1s)
hybrid_nope__p0.5__g0__s1        layer3_head2   len  4096 recall 0.953 no-marker 0.984 (16s)
hybrid_nope__p0.5__g0__s1        layer3_head3   len   256 recall 1.000 no-marker 1.000 (1s)
hybrid_nope__p0.5__g0__s1        layer3_head3   len  4096 recall 0.930 no-marker 0.984 (16s)
hybrid_nope__p0.5__g0__s2        intact         len   256 recall 1.000 no-marker 1.000 (1s)
hybrid_nope__p0.5__g0__s2        intact         len  4096 recall 0.789 no-marker 0.789 (16s)
hybrid_nope__p0.5__g0__s2        layer3         len   256 recall 0.004 no-marker 0.004 (1s)
hybrid_nope__p0.5__g0__s2        layer3         len  4096 recall 0.010 no-marker 0.010 (16s)
hybrid_nope__p0.5__g0__s2        layer7         len   256 recall 1.000 no-marker 1.000 (1s)
hybrid_nope__p0.5__g0__s2        layer7         len  4096 recall 0.797 no-marker 0.797 (16s)
hybrid_nope__p0.5__g0__s2        layer3_head0   len   256 recall 0.504 no-marker 0.504 (1s)
hybrid_nope__p0.5__g0__s2        layer3_head0   len  4096 recall 0.427 no-marker 0.427 (16s)
hybrid_nope__p0.5__g0__s2        layer3_head1   len   256 recall 0.447 no-marker 0.447 (1s)
hybrid_nope__p0.5__g0__s2        layer3_head1   len  4096 recall 0.346 no-marker 0.346 (16s)
hybrid_nope__p0.5__g0__s2        layer3_head2   len   256 recall 0.971 no-marker 0.971 (1s)
hybrid_nope__p0.5__g0__s2        layer3_head2   len  4096 recall 0.638 no-marker 0.638 (16s)
hybrid_nope__p0.5__g0__s2        layer3_head3   len   256 recall 0.986 no-marker 0.986 (1s)
hybrid_nope__p0.5__g0__s2        layer3_head3   len  4096 recall 0.615 no-marker 0.615 (16s)
hybrid_nope_first__p0.5__g0__s0  skipped: not learned
hybrid_nope_first__p0.5__g0__s1  skipped: not learned
hybrid_nope_first__p0.5__g0__s2  intact         len   256 recall 0.977 no-marker 0.977 (1s)
hybrid_nope_first__p0.5__g0__s2  intact         len  4096 recall 0.388 no-marker 0.404 (16s)
hybrid_nope_first__p0.5__g0__s2  layer0         len   256 recall 0.000 no-marker 0.000 (1s)
hybrid_nope_first__p0.5__g0__s2  layer0         len  4096 recall 0.003 no-marker 0.003 (16s)
hybrid_nope_first__p0.5__g0__s2  layer4         len   256 recall 0.326 no-marker 0.326 (1s)
hybrid_nope_first__p0.5__g0__s2  layer4         len  4096 recall 0.042 no-marker 0.042 (16s)
hybrid_nope_first__p0.5__g0__s2  layer0_head0   len   256 recall 0.551 no-marker 0.551 (1s)
hybrid_nope_first__p0.5__g0__s2  layer0_head0   len  4096 recall 0.055 no-marker 0.057 (16s)
hybrid_nope_first__p0.5__g0__s2  layer0_head1   len   256 recall 0.557 no-marker 0.557 (1s)
hybrid_nope_first__p0.5__g0__s2  layer0_head1   len  4096 recall 0.034 no-marker 0.039 (16s)
hybrid_nope_first__p0.5__g0__s2  layer0_head2   len   256 recall 0.457 no-marker 0.457 (1s)
hybrid_nope_first__p0.5__g0__s2  layer0_head2   len  4096 recall 0.117 no-marker 0.120 (16s)
hybrid_nope_first__p0.5__g0__s2  layer0_head3   len   256 recall 0.549 no-marker 0.549 (1s)
hybrid_nope_first__p0.5__g0__s2  layer0_head3   len  4096 recall 0.055 no-marker 0.057 (16s)
hybrid_nope_first__p0.5__g0__s3  skipped: not learned
wrote results/evals\ablation_layers.json with 308 rows
