hybrid_bka__p0.5__g0__s0         len   256 recall 1.000 | layer 3 head 0: value 0.996 (first bin 0.999, last 0.997), sink 0.000, recent 0.351
hybrid_bka__p0.5__g0__s0         len  4096 recall 0.875 | layer 3 head 0: value 0.993 (first bin 0.993, last 0.998), sink 0.000, recent 0.012
hybrid_bka__p0.5__g0__s1         len   256 recall 1.000 | layer 3 head 2: value 0.996 (first bin 0.997, last 0.995), sink 0.000, recent 0.378
hybrid_bka__p0.5__g0__s1         len  4096 recall 1.000 | layer 3 head 2: value 0.993 (first bin 0.994, last 0.995), sink 0.000, recent 0.016
hybrid_bka__p0.5__g0__s2         len   256 recall 0.996 | layer 3 head 3: value 0.966 (first bin 0.966, last 0.953), sink 0.000, recent 0.309
hybrid_bka__p0.5__g0__s2         len  4096 recall 0.867 | layer 3 head 3: value 0.962 (first bin 0.966, last 0.958), sink 0.000, recent 0.016
hybrid_bka__p0.5__g0__s3         len   256 recall 0.578 | layer 3 head 2: value 0.004 (first bin 0.001, last 0.005), sink 0.001, recent 0.381
hybrid_bka__p0.5__g0__s3         len  4096 recall 0.004 | layer 3 head 2: value 0.001 (first bin 0.001, last 0.002), sink 0.000, recent 0.033
hybrid_bka__p0.5__g0__s4         len   256 recall 1.000 | layer 3 head 0: value 1.000 (first bin 1.000, last 1.000), sink 0.000, recent 0.332
hybrid_bka__p0.5__g0__s4         len  4096 recall 0.875 | layer 3 head 0: value 0.999 (first bin 1.000, last 0.999), sink 0.000, recent 0.016
hybrid_bka__p0.5__g0__s5         len   256 recall 0.215 | layer 3 head 0: value 0.004 (first bin 0.005, last 0.004), sink 0.000, recent 0.265
hybrid_bka__p0.5__g0__s5         len  4096 recall 0.039 | layer 7 head 1: value 0.000 (first bin 0.003, last 0.000), sink 0.002, recent 0.002
hybrid_bka_first__p0.5__g0__s0   len   256 recall 1.000 | layer 0 head 2: value 0.675 (first bin 0.693, last 0.667), sink 0.000, recent 0.322
hybrid_bka_first__p0.5__g0__s0   len  4096 recall 1.000 | layer 0 head 2: value 0.606 (first bin 0.587, last 0.583), sink 0.000, recent 0.014
hybrid_bka_first__p0.5__g0__s1   len   256 recall 1.000 | layer 0 head 3: value 0.729 (first bin 0.725, last 0.730), sink 0.005, recent 0.343
hybrid_bka_first__p0.5__g0__s1   len  4096 recall 0.977 | layer 0 head 3: value 0.694 (first bin 0.703, last 0.668), sink 0.001, recent 0.014
hybrid_bka_first__p0.5__g0__s2   len   256 recall 1.000 | layer 0 head 1: value 0.664 (first bin 0.627, last 0.619), sink 0.000, recent 0.291
hybrid_bka_first__p0.5__g0__s2   len  4096 recall 1.000 | layer 0 head 1: value 0.572 (first bin 0.546, last 0.551), sink 0.000, recent 0.019
hybrid_bka_first__p0.5__g0__s3   len   256 recall 1.000 | layer 0 head 2: value 0.743 (first bin 0.751, last 0.730), sink 0.001, recent 0.321
hybrid_bka_first__p0.5__g0__s3   len  4096 recall 0.996 | layer 0 head 0: value 0.674 (first bin 0.652, last 0.677), sink 0.000, recent 0.022
hybrid_bka_first__p0.5__g0__s4   len   256 recall 1.000 | layer 0 head 0: value 0.730 (first bin 0.731, last 0.736), sink 0.002, recent 0.317
hybrid_bka_first__p0.5__g0__s4   len  4096 recall 0.980 | layer 0 head 0: value 0.676 (first bin 0.683, last 0.657), sink 0.000, recent 0.015
hybrid_bka_first__p0.5__g0__s5   len   256 recall 1.000 | layer 0 head 2: value 0.682 (first bin 0.605, last 0.691), sink 0.000, recent 0.326
hybrid_bka_first__p0.5__g0__s5   len  4096 recall 0.961 | layer 0 head 2: value 0.634 (first bin 0.614, last 0.631), sink 0.000, recent 0.030
hybrid_nope__p0.5__g0__s0        len   256 recall 0.012 | layer 3 head 0: value 0.011 (first bin 0.016, last 0.014), sink 0.005, recent 0.274
hybrid_nope__p0.5__g0__s0        len  4096 recall 0.000 | layer 3 head 0: value 0.000 (first bin 0.001, last 0.000), sink 0.000, recent 0.015
hybrid_nope__p0.5__g0__s1        len   256 recall 1.000 | layer 3 head 1: value 0.980 (first bin 0.990, last 0.981), sink 0.001, recent 0.377
hybrid_nope__p0.5__g0__s1        len  4096 recall 0.863 | layer 3 head 1: value 0.766 (first bin 0.778, last 0.771), sink 0.001, recent 0.016
hybrid_nope__p0.5__g0__s2        len   256 recall 1.000 | layer 3 head 2: value 0.735 (first bin 0.682, last 0.743), sink 0.004, recent 0.314
hybrid_nope__p0.5__g0__s2        len  4096 recall 0.773 | layer 3 head 1: value 0.358 (first bin 0.408, last 0.307), sink 0.001, recent 0.015
hybrid_nope_first__p0.5__g0__s0  len   256 recall 0.738 | layer 4 head 2: value 0.006 (first bin 0.003, last 0.006), sink 0.015, recent 0.285
hybrid_nope_first__p0.5__g0__s0  len  4096 recall 0.258 | layer 4 head 2: value 0.001 (first bin 0.001, last 0.001), sink 0.004, recent 0.009
hybrid_nope_first__p0.5__g0__s1  len   256 recall 0.547 | layer 4 head 3: value 0.004 (first bin 0.036, last 0.000), sink 0.093, recent 0.001
hybrid_nope_first__p0.5__g0__s1  len  4096 recall 0.000 | layer 0 head 1: value 0.000 (first bin 0.000, last 0.000), sink 0.004, recent 0.015
hybrid_nope_first__p0.5__g0__s2  len   256 recall 0.969 | layer 0 head 2: value 0.003 (first bin 0.003, last 0.004), sink 0.014, recent 0.233
hybrid_nope_first__p0.5__g0__s2  len  4096 recall 0.438 | layer 0 head 1: value 0.000 (first bin 0.000, last 0.000), sink 0.001, recent 0.015
hybrid_nope_first__p0.5__g0__s3  len   256 recall 0.824 | layer 4 head 2: value 0.005 (first bin 0.012, last 0.003), sink 0.025, recent 0.185
hybrid_nope_first__p0.5__g0__s3  len  4096 recall 0.648 | layer 4 head 1: value 0.000 (first bin 0.001, last 0.000), sink 0.010, recent 0.004
wrote results/evals\attention_standard.json with 38 rows
