hybrid_bka__p0.5__g0__s0         len   256 recall 1.000 | layer 3 head 0: value 0.997 (first bin 0.999, last 0.999), sink 0.000, recent 0.301
hybrid_bka__p0.5__g0__s0         len  4096 recall 0.875 | layer 3 head 0: value 0.997 (first bin 1.000, last 1.000), sink 0.000, recent 0.020
hybrid_bka__p0.5__g0__s1         len   256 recall 1.000 | layer 3 head 2: value 0.995 (first bin 0.999, last 0.993), sink 0.000, recent 0.351
hybrid_bka__p0.5__g0__s1         len  4096 recall 1.000 | layer 3 head 2: value 0.996 (first bin 0.993, last 0.999), sink 0.000, recent 0.027
hybrid_bka__p0.5__g0__s2         len   256 recall 0.988 | layer 3 head 3: value 0.972 (first bin 0.983, last 0.967), sink 0.000, recent 0.307
hybrid_bka__p0.5__g0__s2         len  4096 recall 0.844 | layer 3 head 3: value 0.970 (first bin 0.973, last 0.978), sink 0.000, recent 0.016
hybrid_bka__p0.5__g0__s3         len   256 recall 0.562 | layer 3 head 2: value 0.005 (first bin 0.001, last 0.003), sink 0.001, recent 0.366
hybrid_bka__p0.5__g0__s3         len  4096 recall 0.008 | layer 3 head 1: value 0.001 (first bin 0.000, last 0.000), sink 0.000, recent 0.021
hybrid_bka__p0.5__g0__s4         len   256 recall 1.000 | layer 3 head 0: value 0.999 (first bin 1.000, last 0.999), sink 0.000, recent 0.320
hybrid_bka__p0.5__g0__s4         len  4096 recall 0.875 | layer 3 head 2: value 1.000 (first bin 1.000, last 1.000), sink 0.000, recent 0.020
hybrid_bka__p0.5__g0__s5         len   256 recall 0.285 | layer 3 head 0: value 0.005 (first bin 0.006, last 0.004), sink 0.000, recent 0.264
hybrid_bka__p0.5__g0__s5         len  4096 recall 0.016 | layer 3 head 0: value 0.000 (first bin 0.000, last 0.000), sink 0.000, recent 0.016
hybrid_bka_first__p0.5__g0__s0   len   256 recall 0.996 | layer 0 head 2: value 0.678 (first bin 0.681, last 0.655), sink 0.000, recent 0.286
hybrid_bka_first__p0.5__g0__s0   len  4096 recall 0.988 | layer 0 head 2: value 0.642 (first bin 0.618, last 0.650), sink 0.000, recent 0.019
hybrid_bka_first__p0.5__g0__s1   len   256 recall 1.000 | layer 0 head 3: value 0.746 (first bin 0.721, last 0.747), sink 0.005, recent 0.319
hybrid_bka_first__p0.5__g0__s1   len  4096 recall 0.906 | layer 0 head 3: value 0.708 (first bin 0.729, last 0.674), sink 0.001, recent 0.023
hybrid_bka_first__p0.5__g0__s2   len   256 recall 1.000 | layer 0 head 1: value 0.689 (first bin 0.652, last 0.670), sink 0.000, recent 0.306
hybrid_bka_first__p0.5__g0__s2   len  4096 recall 0.992 | layer 0 head 1: value 0.646 (first bin 0.690, last 0.588), sink 0.000, recent 0.015
hybrid_bka_first__p0.5__g0__s3   len   256 recall 1.000 | layer 0 head 2: value 0.735 (first bin 0.723, last 0.749), sink 0.000, recent 0.303
hybrid_bka_first__p0.5__g0__s3   len  4096 recall 1.000 | layer 0 head 2: value 0.706 (first bin 0.703, last 0.728), sink 0.000, recent 0.018
hybrid_bka_first__p0.5__g0__s4   len   256 recall 1.000 | layer 0 head 0: value 0.746 (first bin 0.727, last 0.748), sink 0.002, recent 0.307
hybrid_bka_first__p0.5__g0__s4   len  4096 recall 0.871 | layer 0 head 0: value 0.712 (first bin 0.688, last 0.685), sink 0.000, recent 0.018
hybrid_bka_first__p0.5__g0__s5   len   256 recall 1.000 | layer 0 head 2: value 0.698 (first bin 0.561, last 0.716), sink 0.000, recent 0.355
hybrid_bka_first__p0.5__g0__s5   len  4096 recall 0.191 | layer 0 head 2: value 0.678 (first bin 0.682, last 0.709), sink 0.000, recent 0.021
hybrid_nope__p0.5__g0__s0        len   256 recall 0.012 | layer 3 head 0: value 0.011 (first bin 0.020, last 0.010), sink 0.005, recent 0.267
hybrid_nope__p0.5__g0__s0        len  4096 recall 0.000 | layer 3 head 0: value 0.001 (first bin 0.001, last 0.000), sink 0.000, recent 0.016
hybrid_nope__p0.5__g0__s1        len   256 recall 1.000 | layer 3 head 1: value 0.981 (first bin 0.993, last 0.988), sink 0.004, recent 0.351
hybrid_nope__p0.5__g0__s1        len  4096 recall 0.770 | layer 3 head 1: value 0.836 (first bin 0.875, last 0.831), sink 0.001, recent 0.028
hybrid_nope__p0.5__g0__s2        len   256 recall 0.996 | layer 3 head 2: value 0.845 (first bin 0.874, last 0.858), sink 0.004, recent 0.303
hybrid_nope__p0.5__g0__s2        len  4096 recall 0.812 | layer 3 head 2: value 0.685 (first bin 0.740, last 0.681), sink 0.005, recent 0.013
hybrid_nope_first__p0.5__g0__s0  len   256 recall 0.984 | layer 4 head 3: value 0.011 (first bin 0.021, last 0.002), sink 0.459, recent 0.033
hybrid_nope_first__p0.5__g0__s0  len  4096 recall 0.391 | layer 4 head 2: value 0.002 (first bin 0.003, last 0.002), sink 0.010, recent 0.021
hybrid_nope_first__p0.5__g0__s1  len   256 recall 0.934 | layer 0 head 1: value 0.003 (first bin 0.003, last 0.004), sink 0.028, recent 0.242
hybrid_nope_first__p0.5__g0__s1  len  4096 recall 0.688 | layer 4 head 2: value 0.002 (first bin 0.000, last 0.003), sink 0.000, recent 0.003
hybrid_nope_first__p0.5__g0__s2  len   256 recall 0.996 | layer 0 head 1: value 0.003 (first bin 0.004, last 0.003), sink 0.006, recent 0.230
hybrid_nope_first__p0.5__g0__s2  len  4096 recall 0.648 | layer 0 head 1: value 0.000 (first bin 0.000, last 0.000), sink 0.001, recent 0.014
hybrid_nope_first__p0.5__g0__s3  len   256 recall 1.000 | layer 4 head 3: value 0.009 (first bin 0.007, last 0.010), sink 0.002, recent 0.203
hybrid_nope_first__p0.5__g0__s3  len  4096 recall 0.836 | layer 4 head 3: value 0.004 (first bin 0.004, last 0.004), sink 0.000, recent 0.011
wrote results/evals\attention_copyrich.json with 38 rows
