[softmax s0] step     0 loss 11.965 ce_ans 5.976 recall 0.000 1s
C:\Users\mohdm\Downloads\ICLR2027 - Copy\sinkprobe-release\sinkprobe\.venv\Lib\site-packages\torch\autograd\graph.py:869: UserWarning: The AccumulateGrad node's stream does not match the stream of the node that produced the incoming gradient. This may incur unnecessary synchronization and break CUDA graph capture if the AccumulateGrad node's stream is the default stream. This mismatch is caused by an AccumulateGrad node created prior to the current iteration being kept alive. This can happen if the autograd graph is still being kept alive by tensors such as the loss, or if you are using DDP, which will stash a reference to the node. To resolve the mismatch, delete all references to the autograd graph or ensure that DDP initialization is performed under the same stream as subsequent forwards. If the mismatch is intentional, you can use torch.autograd.graph.set_warn_on_accumulate_grad_stream_mismatch(False) to suppress this warning. (Triggered internally at C:\actions-runner\_work\pytorch\pytorch\pytorch\torch\csrc\autograd\input_buffer.cpp:250.)
  return Variable._execution_engine.run_backward(  # Calls into the C++ engine to run the backward pass
[softmax s0] step   100 loss 9.641 ce_ans 4.203 recall 0.012 8s
[softmax s0] step   200 loss 9.541 ce_ans 4.199 recall 0.016 17s
[softmax s0] step   300 loss 9.548 ce_ans 4.207 recall 0.012 25s
[softmax s0] step   400 loss 9.510 ce_ans 4.187 recall 0.008 34s
[softmax s0] step   500 loss 9.489 ce_ans 4.165 recall 0.016 42s
[softmax s0] step   600 loss 9.478 ce_ans 4.160 recall 0.016 50s
[softmax s0] step   700 loss 9.489 ce_ans 4.165 recall 0.020 59s
[softmax s0] step   800 loss 9.477 ce_ans 4.168 recall 0.031 67s
[softmax s0] step   900 loss 9.465 ce_ans 4.150 recall 0.023 76s
[softmax s0] step  1000 loss 9.481 ce_ans 4.168 recall 0.016 84s
[softmax s0] step  1100 loss 9.484 ce_ans 4.174 recall 0.008 93s
[softmax s0] step  1200 loss 9.475 ce_ans 4.162 recall 0.008 101s
[softmax s0] step  1300 loss 9.471 ce_ans 4.164 recall 0.027 110s
[softmax s0] step  1400 loss 9.465 ce_ans 4.164 recall 0.016 118s
[softmax s0] step  1499 loss 9.469 ce_ans 4.163 recall 0.016 126s
[softmax s0] len   256 recall 0.010 sink 0.027 ratio 1.3 noop 0.036 copy 0.013 gap -0.003
[softmax s0] len  1024 recall 0.017 sink 0.020 ratio 3.2 noop 0.024 copy 0.016 gap -0.004
wrote results/runs/diag/softmax_noqk_s0.json
