attnres__p0.5__g0__s0        bias   0.0 len   256 recall 1.000 sink 0.0640 noop 0.0879 gap +0.000
attnres__p0.5__g0__s0        bias   0.0 len  1024 recall 0.526 sink 0.0200 noop 0.0278 gap +0.903
attnres__p0.5__g0__s0        bias  -inf len   256 recall 0.963 sink 0.0000 noop 0.0000 gap +0.136
attnres__p0.5__g0__s0        bias  -inf len  1024 recall 0.521 sink 0.0000 noop 0.0000 gap +0.910
gate__p0.5__g0__s0           bias   0.0 len   256 recall 0.990 sink 0.0527 noop 0.0616 gap +0.006
gate__p0.5__g0__s0           bias   0.0 len  1024 recall 0.111 sink 0.0148 noop 0.0165 gap +0.280
gate__p0.5__g0__s0           bias  -inf len   256 recall 0.902 sink 0.0000 noop 0.0000 gap +0.322
gate__p0.5__g0__s0           bias  -inf len  1024 recall 0.111 sink 0.0000 noop 0.0000 gap +0.283
gate__p0.5__g0__s1           bias   0.0 len   256 recall 1.000 sink 0.0502 noop 0.0534 gap +0.000
gate__p0.5__g0__s1           bias   0.0 len  1024 recall 0.444 sink 0.0187 noop 0.0186 gap +0.934
gate__p0.5__g0__s1           bias  -inf len   256 recall 0.993 sink 0.0000 noop 0.0000 gap +0.028
gate__p0.5__g0__s1           bias  -inf len  1024 recall 0.450 sink 0.0000 noop 0.0000 gap +0.931
hybrid__p0.5__g0__s0         bias   0.0 len   256 recall 0.991 sink 0.0086 noop 0.0121 gap +0.006
hybrid__p0.5__g0__s0         bias   0.0 len  1024 recall 0.363 sink 0.0029 noop 0.0039 gap +0.871
hybrid__p0.5__g0__s0         bias  -inf len   256 recall 0.991 sink 0.0000 noop 0.0000 gap +0.006
hybrid__p0.5__g0__s0         bias  -inf len  1024 recall 0.362 sink 0.0000 noop 0.0000 gap +0.868
hybrid__p0.5__g0__s1         skipped: recall 0.691 at the training length
hybrid_attnres__p0.5__g0__s0 bias   0.0 len   256 recall 0.999 sink 0.0209 noop 0.0303 gap +0.000
hybrid_attnres__p0.5__g0__s0 bias   0.0 len  1024 recall 0.986 sink 0.0080 noop 0.0109 gap -0.002
hybrid_attnres__p0.5__g0__s0 bias  -inf len   256 recall 0.999 sink 0.0000 noop 0.0000 gap +0.000
hybrid_attnres__p0.5__g0__s0 bias  -inf len  1024 recall 0.986 sink 0.0000 noop 0.0000 gap -0.002
hybrid_attnres__p0.5__g0__s1 skipped: recall 0.008 at the training length
hybrid_nogate__p0.5__g0__s0  bias   0.0 len   256 recall 0.999 sink 0.0841 noop 0.1311 gap +0.000
hybrid_nogate__p0.5__g0__s0  bias   0.0 len  1024 recall 0.428 sink 0.0468 noop 0.0707 gap +0.987
hybrid_nogate__p0.5__g0__s0  bias  -inf len   256 recall 0.980 sink 0.0000 noop 0.0000 gap +0.073
hybrid_nogate__p0.5__g0__s0  bias  -inf len  1024 recall 0.430 sink 0.0000 noop 0.0000 gap +0.985
hybrid_nogate__p0.5__g0__s1  skipped: recall 0.005 at the training length
hybrid_nope__p0.5__g0__s0    skipped: recall 0.009 at the training length
hybrid_nope__p0.5__g0__s1    bias   0.0 len   256 recall 1.000 sink 0.0289 noop 0.0392 gap +0.000
hybrid_nope__p0.5__g0__s1    bias   0.0 len  1024 recall 0.884 sink 0.0095 noop 0.0132 gap +0.015
hybrid_nope__p0.5__g0__s1    bias  -inf len   256 recall 1.000 sink 0.0000 noop 0.0000 gap +0.000
hybrid_nope__p0.5__g0__s1    bias  -inf len  1024 recall 0.885 sink 0.0000 noop 0.0000 gap +0.017
nope__p0.5__g0__s0           bias   0.0 len   256 recall 1.000 sink 0.0713 noop 0.0914 gap +0.000
nope__p0.5__g0__s0           bias   0.0 len  1024 recall 0.070 sink 0.0543 noop 0.0606 gap -0.262
nope__p0.5__g0__s0           bias  -inf len   256 recall 0.000 sink 0.0000 noop 0.0000 gap +0.000
nope__p0.5__g0__s0           bias  -inf len  1024 recall 0.000 sink 0.0000 noop 0.0000 gap +0.000
sinklogit__p0.5__g0__s0      bias   0.0 len   256 recall 1.000 sink 0.0564 noop 0.0701 gap +0.000
sinklogit__p0.5__g0__s0      bias   0.0 len  1024 recall 0.417 sink 0.0184 noop 0.0227 gap +0.759
sinklogit__p0.5__g0__s0      bias  -inf len   256 recall 0.959 sink 0.0000 noop 0.0000 gap +0.131
sinklogit__p0.5__g0__s0      bias  -inf len  1024 recall 0.395 sink 0.0000 noop 0.0000 gap +0.770
softmax__p0.5__g0__s0        bias   0.0 len   256 recall 1.000 sink 0.0352 noop 0.0457 gap +0.000
softmax__p0.5__g0__s0        bias   0.0 len  1024 recall 0.447 sink 0.0113 noop 0.0145 gap +0.880
softmax__p0.5__g0__s0        bias  -inf len   256 recall 0.967 sink 0.0000 noop 0.0000 gap +0.123
softmax__p0.5__g0__s0        bias  -inf len  1024 recall 0.446 sink 0.0000 noop 0.0000 gap +0.895
softmax__p0.5__g0__s1        bias   0.0 len   256 recall 1.000 sink 0.0464 noop 0.0602 gap +0.000
softmax__p0.5__g0__s1        bias   0.0 len  1024 recall 0.456 sink 0.0157 noop 0.0209 gap +0.929
softmax__p0.5__g0__s1        bias  -inf len   256 recall 0.991 sink 0.0000 noop 0.0000 gap +0.034
softmax__p0.5__g0__s1        bias  -inf len  1024 recall 0.458 sink 0.0000 noop 0.0000 gap +0.937
wrote results/interventions/synthetic.json with 44 rows
