Discovery at other thresholds (runs not learned at the end are censored at 4000 steps)
  50%: bound-key layer first [300, 300, 300, 300, 300, 300, 300, 300, 300, 300, 300]; LLLS [1000, 1300, 1400, 1400, 1400, 1700, 1800, 1800, 1800, 2400, 2600, 3100, 3400] + 7 not learned; log-rank p = 4.3e-08
  80%: bound-key layer first [300, 300, 300, 300, 300, 300, 300, 300, 300, 300, 300]; LLLS [1100, 1300, 1400, 1500, 1800, 1800, 1800, 1800, 1900, 2600, 2700, 3200, 3500] + 7 not learned; log-rank p = 4.3e-08
  90%: bound-key layer first [300, 300, 300, 300, 300, 300, 300, 300, 300, 300, 300]; LLLS [1100, 1400, 1500, 1500, 1800, 1800, 1900, 1900, 1900, 2700, 2700, 3200, 3600] + 7 not learned; log-rank p = 4.3e-08
  95%: bound-key layer first [300, 300, 300, 300, 300, 300, 300, 300, 300, 300, 300]; LLLS [1100, 1400, 1500, 1500, 1800, 1800, 1900, 1900, 1900, 2800, 2900, 3300, 3700] + 7 not learned; log-rank p = 4.3e-08
Sink mass and discovery (probes every 500 steps)
  LLLS runs, from the probe before discovery to the probe after: 3 up, 10 down, 0 unchanged (changes -0.001, -0.001, -0.029, -0.041, +0.011, -0.000, -0.005, -0.003, -0.012, -0.054, +0.017, +0.004, -0.001)
  final sink mass: learned hybrids 0.009 to 0.169; hybrids that never learned 0.016 to 0.248
  sink at no-op above copy queries in 33 of 34 learned runs, sign test p = 4.1e-09
Uniformity at 4096 tokens: lowest 95% lower bound over the ten depth bins
  Bound-key layer first        scaling on 11 runs: lowest bin bound 90.2 to 98.0
  Bound keys, layer last       scaling on 8 runs: lowest bin bound 74.9 to 98.0
  Layer first, no bound keys   scaling on 1 runs: lowest bin bound 5.8 to 5.8
  Layer last, NoPE             as trained 2 runs: lowest bin bound 67.0 to 78.6
  Layer last, NoPE             scaling on 2 runs: lowest bin bound 79.7 to 95.6
  Layer last, NoPE, AttnRes    as trained 1 runs: lowest bin bound 79.1 to 79.1
Longer contexts, learned models: recall / after the first slot, by seed
  hybrid_bka                           8192: 87.5/100.0, 100.0/100.0, 86.7/99.1, 87.5/100.0
  hybrid_bka                          16384: 87.5/100.0, 100.0/100.0, 87.0/99.4, 87.5/100.0
  hybrid_bka_first                     8192: 99.7/100.0, 98.7/98.8, 100.0/100.0, 99.5/100.0, 97.1/100.0, 97.7/97.3
  hybrid_bka_first                    16384: 100.0/100.0, 98.7/98.5, 100.0/100.0, 99.0/100.0, 98.4/100.0, 98.7/98.5
  hybrid_nope                          8192: 81.0/92.6, 60.2/62.2
  hybrid_nope                         16384: 69.0/78.9, 32.8/32.1
  hybrid_nope (scaling on)             8192: 87.8/100.0, 98.4/98.8
  hybrid_nope (scaling on)            16384: 87.5/100.0, 96.6/96.1
  hybrid_nope_first                    8192: 42.7/45.8
  hybrid_nope_first                   16384: 40.1/43.5
More key-value pairs: recall with 16, 32 and 64 pairs (drop from 16 to 64)
  hybrid_bka             256: s0 100/100/100; s1 100/100/100; s2 100/100/100; s3* 53/53/54; s4 100/100/100; s5* 17/18/19 | mean drop -0.6
  hybrid_bka            2048: s0 88/88/88; s1 100/100/100; s2 87/87/87; s3* 1/1/1; s4 88/88/88; s5* 2/2/2 | mean drop -0.1
  hybrid_bka_first       256: s0 100/100/100; s1 100/100/100; s2 100/100/100; s3 100/100/100; s4 100/100/100; s5 100/100/100 | mean drop 0.0
  hybrid_bka_first      2048: s0 100/100/100; s1 100/100/100; s2 100/100/100; s3 100/100/100; s4 98/98/98; s5 97/96/96 | mean drop 0.1
  hybrid_nope            256: s0* 1/0/1; s1 100/100/100; s2 100/100/100 | mean drop -0.1
  hybrid_nope           2048: s0* 0/0/0; s1 88/88/87; s2 93/93/93 | mean drop -0.2
  hybrid_nope_first      256: s0* 78/60/40; s1* 52/44/23; s2 98/97/91; s3* 82/76/58 | mean drop 24.4
  hybrid_nope_first     2048: s0* 22/19/20; s1* 1/1/0; s2 41/40/47; s3* 55/50/47 | mean drop 1.3
  (* not learned at the training length)
Sink removal: recall change with attention to position 0 removed, by learned model
  hybrid_bka             256: +0.0, +0.0, +0.0, +0.0 (sink kept 0.071)
  hybrid_bka            2048: +0.0, +0.0, +0.0, +0.0 (sink kept 0.010)
  hybrid_bka_first       256: -0.5, +0.0, +0.0, +0.0, +0.0, +0.0 (sink kept 0.083)
  hybrid_bka_first      2048: -0.6, -28.4, +0.0, +0.0, +1.1, +2.0 (sink kept 0.025)
  hybrid_nope            256: +0.0, +0.0 (sink kept 0.023)
  hybrid_nope           2048: +0.0, +0.0 (sink kept 0.005)
  hybrid_nope_first      256: -9.6 (sink kept 0.010)
  hybrid_nope_first     2048: -1.1 (sink kept 0.002)
