C:\Users\mohdm\Downloads\ICLR2027 - Copy\sinkprobe-release\sinkprobe\.venv\Lib\site-packages\torch\nn\functional.py:2954: UserWarning: Mismatch dtype between input and weight: input dtype = struct c10::BFloat16, weight dtype = float, Cannot dispatch to fused implementation. (Triggered internally at C:\actions-runner\_work\pytorch\pytorch\pytorch\aten\src\ATen\native\layer_norm.cpp:347.)
  return torch.rms_norm(input, normalized_shape, weight, eps)
[softmax s0] step     0 loss 11.958 ce_ans 5.969 recall 0.000 1s
[softmax s0] step   100 loss 9.605 ce_ans 4.207 recall 0.008 7s
[softmax s0] step   200 loss 9.541 ce_ans 4.194 recall 0.016 13s
[softmax s0] step   300 loss 9.544 ce_ans 4.207 recall 0.012 19s
[softmax s0] step   400 loss 9.507 ce_ans 4.186 recall 0.008 25s
[softmax s0] step   500 loss 9.484 ce_ans 4.162 recall 0.020 32s
[softmax s0] step   600 loss 9.481 ce_ans 4.159 recall 0.016 38s
[softmax s0] step   700 loss 9.488 ce_ans 4.166 recall 0.008 44s
[softmax s0] step   800 loss 9.479 ce_ans 4.168 recall 0.012 50s
[softmax s0] step   900 loss 9.461 ce_ans 4.146 recall 0.023 56s
[softmax s0] step  1000 loss 9.478 ce_ans 4.165 recall 0.016 62s
[softmax s0] step  1100 loss 9.486 ce_ans 4.175 recall 0.008 68s
[softmax s0] step  1200 loss 9.477 ce_ans 4.163 recall 0.008 74s
[softmax s0] step  1300 loss 9.474 ce_ans 4.166 recall 0.027 80s
[softmax s0] step  1400 loss 9.443 ce_ans 4.139 recall 0.035 87s
[softmax s0] step  1500 loss 9.424 ce_ans 4.119 recall 0.039 92s
[softmax s0] step  1600 loss 9.449 ce_ans 4.148 recall 0.023 99s
[softmax s0] step  1700 loss 9.421 ce_ans 4.112 recall 0.043 105s
[softmax s0] step  1800 loss 9.414 ce_ans 4.106 recall 0.043 111s
[softmax s0] step  1900 loss 9.426 ce_ans 4.123 recall 0.023 122s
[softmax s0] step  1999 loss 9.420 ce_ans 4.117 recall 0.039 132s
[softmax s0] len   256 recall 0.042 sink 0.063 ratio 3.1 noop 0.072 copy 0.058 gap +0.007
[softmax s0] len  1024 recall 0.012 sink 0.030 ratio 4.7 noop 0.032 copy 0.028 gap -0.002
wrote results/runs/pilot/softmax_s0.json
