[gate s1] step     0 loss 11.155 ce_ans 5.585 ce_copy 5.572 recall 0.000 1s
C:\Users\mohdm\Downloads\ICLR2027 - Copy\sinkprobe-release\sinkprobe\.venv\Lib\site-packages\torch\autograd\graph.py:869: UserWarning: The AccumulateGrad node's stream does not match the stream of the node that produced the incoming gradient. This may incur unnecessary synchronization and break CUDA graph capture if the AccumulateGrad node's stream is the default stream. This mismatch is caused by an AccumulateGrad node created prior to the current iteration being kept alive. This can happen if the autograd graph is still being kept alive by tensors such as the loss, or if you are using DDP, which will stash a reference to the node. To resolve the mismatch, delete all references to the autograd graph or ensure that DDP initialization is performed under the same stream as subsequent forwards. If the mismatch is intentional, you can use torch.autograd.graph.set_warn_on_accumulate_grad_stream_mismatch(False) to suppress this warning. (Triggered internally at C:\actions-runner\_work\pytorch\pytorch\pytorch\torch\csrc\autograd\input_buffer.cpp:250.)
  return Variable._execution_engine.run_backward(  # Calls into the C++ engine to run the backward pass
[gate s1] step   100 loss 11.022 ce_ans 5.638 ce_copy 5.398 recall 0.000 12s
[gate s1] step   200 loss 10.779 ce_ans 5.581 ce_copy 5.095 recall 0.000 23s
[gate s1] step   300 loss 10.724 ce_ans 5.582 ce_copy 5.016 recall 0.000 34s
[gate s1] step   400 loss 10.404 ce_ans 5.562 ce_copy 4.569 recall 0.000 45s
[gate s1] step   500 loss 8.438 ce_ans 5.541 ce_copy 1.739 recall 0.004 56s
[gate s1] step   600 loss 1.817 ce_ans 0.069 ce_copy 0.161 recall 0.992 67s
[gate s1] step   700 loss 1.694 ce_ans 0.010 ce_copy 0.079 recall 0.996 77s
[gate s1] step   800 loss 1.664 ce_ans 0.024 ce_copy 0.061 recall 0.992 88s
[gate s1] step   900 loss 1.639 ce_ans 0.006 ce_copy 0.076 recall 1.000 99s
[gate s1] step  1000 loss 1.614 ce_ans 0.010 ce_copy 0.032 recall 0.996 110s
[gate s1] step  1100 loss 1.588 ce_ans 0.001 ce_copy 0.081 recall 1.000 121s
[gate s1] step  1200 loss 1.506 ce_ans 0.001 ce_copy 0.024 recall 1.000 131s
[gate s1] step  1300 loss 1.489 ce_ans 0.001 ce_copy 0.031 recall 1.000 142s
[gate s1] step  1400 loss 1.449 ce_ans 0.002 ce_copy 0.031 recall 1.000 153s
[gate s1] step  1500 loss 4.028 ce_ans 0.002 ce_copy 0.709 recall 1.000 164s
[gate s1] step  1600 loss 3.573 ce_ans 0.001 ce_copy 0.234 recall 1.000 175s
[gate s1] step  1700 loss 3.536 ce_ans 0.000 ce_copy 0.190 recall 1.000 186s
[gate s1] step  1800 loss 3.708 ce_ans 0.000 ce_copy 0.216 recall 1.000 197s
[gate s1] step  1900 loss 3.584 ce_ans 0.000 ce_copy 0.138 recall 1.000 208s
[gate s1] step  2000 loss 3.457 ce_ans 0.000 ce_copy 0.129 recall 1.000 219s
[gate s1] step  2100 loss 3.622 ce_ans 0.001 ce_copy 0.149 recall 1.000 230s
[gate s1] step  2200 loss 3.479 ce_ans 0.000 ce_copy 0.154 recall 1.000 240s
[gate s1] step  2300 loss 3.672 ce_ans 0.000 ce_copy 0.124 recall 1.000 251s
[gate s1] step  2400 loss 3.414 ce_ans 0.000 ce_copy 0.149 recall 1.000 262s
[gate s1] step  2500 loss 3.499 ce_ans 0.000 ce_copy 0.139 recall 1.000 273s
[gate s1] step  2600 loss 3.727 ce_ans 0.000 ce_copy 0.149 recall 1.000 284s
[gate s1] step  2700 loss 3.644 ce_ans 0.000 ce_copy 0.130 recall 1.000 295s
[gate s1] step  2800 loss 3.422 ce_ans 0.000 ce_copy 0.127 recall 1.000 306s
[gate s1] step  2900 loss 3.538 ce_ans 0.000 ce_copy 0.115 recall 1.000 317s
[gate s1] step  3000 loss 3.494 ce_ans 0.000 ce_copy 0.111 recall 1.000 328s
[gate s1] step  3100 loss 3.559 ce_ans 0.000 ce_copy 0.121 recall 1.000 339s
[gate s1] step  3200 loss 3.793 ce_ans 0.000 ce_copy 0.133 recall 1.000 350s
[gate s1] step  3300 loss 3.777 ce_ans 0.000 ce_copy 0.125 recall 1.000 361s
[gate s1] step  3400 loss 3.575 ce_ans 0.000 ce_copy 0.114 recall 1.000 372s
[gate s1] step  3500 loss 3.515 ce_ans 0.000 ce_copy 0.135 recall 1.000 383s
[gate s1] step  3600 loss 3.486 ce_ans 0.000 ce_copy 0.127 recall 1.000 394s
[gate s1] step  3700 loss 3.720 ce_ans 0.000 ce_copy 0.126 recall 1.000 405s
[gate s1] step  3800 loss 3.495 ce_ans 0.000 ce_copy 0.084 recall 1.000 416s
[gate s1] step  3900 loss 3.586 ce_ans 0.000 ce_copy 0.101 recall 1.000 427s
[gate s1] step  3999 loss 3.537 ce_ans 0.000 ce_copy 0.120 recall 1.000 438s
[gate s1] len   256 recall 1.000 sink 0.051 ratio 2.5 noop 0.054 copy 0.054 gap +0.000
[gate s1] len  1024 recall 0.449 sink 0.019 ratio 2.9 noop 0.019 copy 0.019 gap +0.934
[gate s1] len  2048 recall 0.080 sink 0.010 ratio 2.8 noop 0.010 copy 0.010 gap +0.278
wrote results/runs/main/gate__p0.5__g0__s1.json
