[hybrid_attnres s1] step     0 loss 11.184 ce_ans 5.601 ce_copy 5.585 recall 0.000 1s
C:\Users\mohdm\Downloads\ICLR2027 - Copy\sinkprobe-release\sinkprobe\.venv\Lib\site-packages\torch\autograd\graph.py:869: UserWarning: The AccumulateGrad node's stream does not match the stream of the node that produced the incoming gradient. This may incur unnecessary synchronization and break CUDA graph capture if the AccumulateGrad node's stream is the default stream. This mismatch is caused by an AccumulateGrad node created prior to the current iteration being kept alive. This can happen if the autograd graph is still being kept alive by tensors such as the loss, or if you are using DDP, which will stash a reference to the node. To resolve the mismatch, delete all references to the autograd graph or ensure that DDP initialization is performed under the same stream as subsequent forwards. If the mismatch is intentional, you can use torch.autograd.graph.set_warn_on_accumulate_grad_stream_mismatch(False) to suppress this warning. (Triggered internally at C:\actions-runner\_work\pytorch\pytorch\pytorch\torch\csrc\autograd\input_buffer.cpp:250.)
  return Variable._execution_engine.run_backward(  # Calls into the C++ engine to run the backward pass
[hybrid_attnres s1] step   100 loss 11.087 ce_ans 5.582 ce_copy 5.579 recall 0.000 34s
[hybrid_attnres s1] step   200 loss 10.955 ce_ans 5.550 ce_copy 5.565 recall 0.000 66s
[hybrid_attnres s1] step   300 loss 10.950 ce_ans 5.547 ce_copy 5.560 recall 0.000 98s
[hybrid_attnres s1] step   400 loss 10.926 ce_ans 5.539 ce_copy 5.555 recall 0.000 130s
[hybrid_attnres s1] step   500 loss 10.943 ce_ans 5.552 ce_copy 5.549 recall 0.004 162s
[hybrid_attnres s1] step   600 loss 10.938 ce_ans 5.546 ce_copy 5.552 recall 0.000 195s
[hybrid_attnres s1] step   700 loss 10.956 ce_ans 5.553 ce_copy 5.568 recall 0.004 227s
[hybrid_attnres s1] step   800 loss 10.937 ce_ans 5.551 ce_copy 5.551 recall 0.000 259s
[hybrid_attnres s1] step   900 loss 10.934 ce_ans 5.553 ce_copy 5.550 recall 0.000 291s
[hybrid_attnres s1] step  1000 loss 10.928 ce_ans 5.545 ce_copy 5.555 recall 0.016 324s
[hybrid_attnres s1] step  1100 loss 10.926 ce_ans 5.545 ce_copy 5.549 recall 0.000 356s
[hybrid_attnres s1] step  1200 loss 10.924 ce_ans 5.549 ce_copy 5.548 recall 0.004 388s
[hybrid_attnres s1] step  1300 loss 10.925 ce_ans 5.547 ce_copy 5.546 recall 0.000 420s
[hybrid_attnres s1] step  1400 loss 10.918 ce_ans 5.542 ce_copy 5.548 recall 0.016 452s
[hybrid_attnres s1] step  1500 loss 10.921 ce_ans 5.546 ce_copy 5.542 recall 0.008 484s
[hybrid_attnres s1] step  1600 loss 10.921 ce_ans 5.546 ce_copy 5.548 recall 0.004 516s
[hybrid_attnres s1] step  1700 loss 10.920 ce_ans 5.544 ce_copy 5.552 recall 0.000 548s
[hybrid_attnres s1] step  1800 loss 10.926 ce_ans 5.546 ce_copy 5.547 recall 0.004 580s
[hybrid_attnres s1] step  1900 loss 10.921 ce_ans 5.546 ce_copy 5.549 recall 0.000 612s
[hybrid_attnres s1] step  2000 loss 10.920 ce_ans 5.544 ce_copy 5.549 recall 0.004 651s
[hybrid_attnres s1] step  2100 loss 10.920 ce_ans 5.547 ce_copy 5.547 recall 0.008 701s
[hybrid_attnres s1] step  2200 loss 10.920 ce_ans 5.547 ce_copy 5.548 recall 0.012 751s
[hybrid_attnres s1] step  2300 loss 10.920 ce_ans 5.547 ce_copy 5.546 recall 0.004 800s
[hybrid_attnres s1] step  2400 loss 10.917 ce_ans 5.545 ce_copy 5.548 recall 0.004 849s
[hybrid_attnres s1] step  2500 loss 10.921 ce_ans 5.548 ce_copy 5.547 recall 0.004 899s
[hybrid_attnres s1] step  2600 loss 10.924 ce_ans 5.546 ce_copy 5.550 recall 0.004 949s
[hybrid_attnres s1] step  2700 loss 10.929 ce_ans 5.544 ce_copy 5.551 recall 0.008 998s
[hybrid_attnres s1] step  2800 loss 10.920 ce_ans 5.547 ce_copy 5.547 recall 0.012 1047s
[hybrid_attnres s1] step  2900 loss 10.938 ce_ans 5.544 ce_copy 5.559 recall 0.000 1096s
[hybrid_attnres s1] step  3000 loss 10.918 ce_ans 5.546 ce_copy 5.547 recall 0.008 1146s
[hybrid_attnres s1] step  3100 loss 10.915 ce_ans 5.544 ce_copy 5.546 recall 0.004 1195s
[hybrid_attnres s1] step  3200 loss 10.912 ce_ans 5.545 ce_copy 5.546 recall 0.000 1244s
[hybrid_attnres s1] step  3300 loss 10.919 ce_ans 5.544 ce_copy 5.552 recall 0.012 1293s
[hybrid_attnres s1] step  3400 loss 10.922 ce_ans 5.547 ce_copy 5.548 recall 0.004 1342s
[hybrid_attnres s1] step  3500 loss 10.914 ce_ans 5.546 ce_copy 5.546 recall 0.000 1392s
[hybrid_attnres s1] step  3600 loss 10.918 ce_ans 5.545 ce_copy 5.546 recall 0.000 1441s
[hybrid_attnres s1] step  3700 loss 10.921 ce_ans 5.547 ce_copy 5.548 recall 0.000 1490s
[hybrid_attnres s1] step  3800 loss 10.916 ce_ans 5.547 ce_copy 5.547 recall 0.004 1537s
[hybrid_attnres s1] step  3900 loss 10.934 ce_ans 5.546 ce_copy 5.546 recall 0.000 1587s
[hybrid_attnres s1] step  3999 loss 10.915 ce_ans 5.547 ce_copy 5.545 recall 0.004 1634s
[hybrid_attnres s1] len   256 recall 0.008 sink 0.248 ratio 12.3 noop 0.256 copy 0.256 gap -0.006
[hybrid_attnres s1] len  1024 recall 0.003 sink 0.153 ratio 24.0 noop 0.155 copy 0.151 gap +0.002
[hybrid_attnres s1] len  2048 recall 0.003 sink 0.134 ratio 38.2 noop 0.136 copy 0.133 gap -0.002
wrote results/runs/main/hybrid_attnres__p0.5__g0__s1.json
