[hybrid_bka_first s0] step     0 loss 11.162 ce_ans 5.569 ce_copy 5.595 recall 0.000 2s
C:\Users\mohdm\Downloads\ICLR2027 - Copy\sinkprobe-release\sinkprobe\.venv\Lib\site-packages\torch\autograd\graph.py:869: UserWarning: The AccumulateGrad node's stream does not match the stream of the node that produced the incoming gradient. This may incur unnecessary synchronization and break CUDA graph capture if the AccumulateGrad node's stream is the default stream. This mismatch is caused by an AccumulateGrad node created prior to the current iteration being kept alive. This can happen if the autograd graph is still being kept alive by tensors such as the loss, or if you are using DDP, which will stash a reference to the node. To resolve the mismatch, delete all references to the autograd graph or ensure that DDP initialization is performed under the same stream as subsequent forwards. If the mismatch is intentional, you can use torch.autograd.graph.set_warn_on_accumulate_grad_stream_mismatch(False) to suppress this warning. (Triggered internally at C:\actions-runner\_work\pytorch\pytorch\pytorch\torch\csrc\autograd\input_buffer.cpp:250.)
  return Variable._execution_engine.run_backward(  # Calls into the C++ engine to run the backward pass
[hybrid_bka_first s0] step   100 loss 10.959 ce_ans 5.540 ce_copy 5.586 recall 0.004 30s
[hybrid_bka_first s0] step   200 loss 10.955 ce_ans 5.556 ce_copy 5.563 recall 0.008 59s
[hybrid_bka_first s0] step   300 loss 10.950 ce_ans 5.561 ce_copy 5.549 recall 0.004 88s
[hybrid_bka_first s0] step   400 loss 10.920 ce_ans 5.540 ce_copy 5.550 recall 0.008 117s
[hybrid_bka_first s0] step   500 loss 10.921 ce_ans 5.533 ce_copy 5.559 recall 0.004 145s
[hybrid_bka_first s0] step   600 loss 10.935 ce_ans 5.555 ce_copy 5.548 recall 0.004 174s
[hybrid_bka_first s0] step   700 loss 10.973 ce_ans 5.550 ce_copy 5.593 recall 0.004 202s
[hybrid_bka_first s0] step   800 loss 10.923 ce_ans 5.543 ce_copy 5.546 recall 0.004 231s
[hybrid_bka_first s0] step   900 loss 10.916 ce_ans 5.541 ce_copy 5.544 recall 0.000 259s
[hybrid_bka_first s0] step  1000 loss 9.709 ce_ans 4.566 ce_copy 4.631 recall 0.066 288s
[hybrid_bka_first s0] step  1100 loss 4.040 ce_ans 0.084 ce_copy 1.156 recall 1.000 317s
[hybrid_bka_first s0] step  1200 loss 3.856 ce_ans 0.008 ce_copy 1.025 recall 1.000 345s
[hybrid_bka_first s0] step  1300 loss 3.691 ce_ans 0.003 ce_copy 0.716 recall 1.000 374s
[hybrid_bka_first s0] step  1400 loss 3.842 ce_ans 0.002 ce_copy 0.752 recall 1.000 402s
[hybrid_bka_first s0] step  1500 loss 3.840 ce_ans 0.001 ce_copy 0.765 recall 1.000 431s
[hybrid_bka_first s0] step  1600 loss 3.720 ce_ans 0.001 ce_copy 0.641 recall 1.000 460s
[hybrid_bka_first s0] step  1700 loss 3.938 ce_ans 0.000 ce_copy 0.711 recall 1.000 488s
[hybrid_bka_first s0] step  1800 loss 3.822 ce_ans 0.001 ce_copy 0.591 recall 1.000 517s
[hybrid_bka_first s0] step  1900 loss 3.616 ce_ans 0.001 ce_copy 0.499 recall 1.000 546s
[hybrid_bka_first s0] step  2000 loss 3.689 ce_ans 0.000 ce_copy 0.451 recall 1.000 575s
[hybrid_bka_first s0] step  2100 loss 3.612 ce_ans 0.000 ce_copy 0.543 recall 1.000 603s
[hybrid_bka_first s0] step  2200 loss 3.680 ce_ans 0.000 ce_copy 0.336 recall 1.000 632s
[hybrid_bka_first s0] step  2300 loss 3.854 ce_ans 0.000 ce_copy 0.491 recall 1.000 661s
[hybrid_bka_first s0] step  2400 loss 3.459 ce_ans 0.000 ce_copy 0.424 recall 1.000 690s
[hybrid_bka_first s0] step  2500 loss 3.520 ce_ans 0.000 ce_copy 0.389 recall 1.000 719s
[hybrid_bka_first s0] step  2600 loss 3.640 ce_ans 0.000 ce_copy 0.339 recall 1.000 747s
[hybrid_bka_first s0] step  2700 loss 3.745 ce_ans 0.000 ce_copy 0.339 recall 1.000 776s
[hybrid_bka_first s0] step  2800 loss 3.741 ce_ans 0.000 ce_copy 0.363 recall 1.000 805s
[hybrid_bka_first s0] step  2900 loss 3.659 ce_ans 0.000 ce_copy 0.270 recall 1.000 834s
[hybrid_bka_first s0] step  3000 loss 3.603 ce_ans 0.000 ce_copy 0.304 recall 1.000 862s
[hybrid_bka_first s0] step  3100 loss 3.615 ce_ans 0.000 ce_copy 0.291 recall 1.000 891s
[hybrid_bka_first s0] step  3200 loss 3.632 ce_ans 0.000 ce_copy 0.304 recall 1.000 920s
[hybrid_bka_first s0] step  3300 loss 3.700 ce_ans 0.000 ce_copy 0.278 recall 1.000 948s
[hybrid_bka_first s0] step  3400 loss 3.690 ce_ans 0.000 ce_copy 0.300 recall 1.000 977s
[hybrid_bka_first s0] step  3500 loss 3.634 ce_ans 0.000 ce_copy 0.258 recall 1.000 1005s
[hybrid_bka_first s0] step  3600 loss 3.734 ce_ans 0.000 ce_copy 0.322 recall 1.000 1034s
[hybrid_bka_first s0] step  3700 loss 3.469 ce_ans 0.000 ce_copy 0.268 recall 1.000 1063s
[hybrid_bka_first s0] step  3800 loss 3.653 ce_ans 0.000 ce_copy 0.284 recall 1.000 1092s
[hybrid_bka_first s0] step  3900 loss 3.693 ce_ans 0.000 ce_copy 0.259 recall 1.000 1121s
[hybrid_bka_first s0] step  3999 loss 3.880 ce_ans 0.000 ce_copy 0.324 recall 1.000 1147s
[hybrid_bka_first s0] len   256 recall 1.000 sink 0.086 ratio 4.3 noop 0.121 copy 0.032 gap +0.000
[hybrid_bka_first s0] len  1024 recall 0.994 sink 0.034 ratio 5.3 noop 0.046 copy 0.018 gap +0.002
[hybrid_bka_first s0] len  2048 recall 0.997 sink 0.021 ratio 5.9 noop 0.030 copy 0.011 gap +0.000
[hybrid_bka_first s0] len  4096 recall 0.995 sink 0.013 ratio 6.7 noop 0.016 copy 0.009 gap +0.000
wrote results/runs/main/hybrid_bka_first__p0.5__g0__s0__w0.json
