[hybrid_bka s1] step     0 loss 11.176 ce_ans 5.586 ce_copy 5.590 recall 0.004 1s
C:\Users\mohdm\Downloads\ICLR2027 - Copy\sinkprobe-release\sinkprobe\.venv\Lib\site-packages\torch\autograd\graph.py:869: UserWarning: The AccumulateGrad node's stream does not match the stream of the node that produced the incoming gradient. This may incur unnecessary synchronization and break CUDA graph capture if the AccumulateGrad node's stream is the default stream. This mismatch is caused by an AccumulateGrad node created prior to the current iteration being kept alive. This can happen if the autograd graph is still being kept alive by tensors such as the loss, or if you are using DDP, which will stash a reference to the node. To resolve the mismatch, delete all references to the autograd graph or ensure that DDP initialization is performed under the same stream as subsequent forwards. If the mismatch is intentional, you can use torch.autograd.graph.set_warn_on_accumulate_grad_stream_mismatch(False) to suppress this warning. (Triggered internally at C:\actions-runner\_work\pytorch\pytorch\pytorch\torch\csrc\autograd\input_buffer.cpp:250.)
  return Variable._execution_engine.run_backward(  # Calls into the C++ engine to run the backward pass
[hybrid_bka s1] step   100 loss 11.082 ce_ans 5.580 ce_copy 5.573 recall 0.004 30s
[hybrid_bka s1] step   200 loss 10.947 ce_ans 5.553 ce_copy 5.549 recall 0.000 58s
[hybrid_bka s1] step   300 loss 10.953 ce_ans 5.550 ce_copy 5.564 recall 0.000 87s
[hybrid_bka s1] step   400 loss 10.930 ce_ans 5.538 ce_copy 5.550 recall 0.000 116s
[hybrid_bka s1] step   500 loss 10.945 ce_ans 5.552 ce_copy 5.567 recall 0.004 145s
[hybrid_bka s1] step   600 loss 10.934 ce_ans 5.547 ce_copy 5.556 recall 0.000 174s
[hybrid_bka s1] step   700 loss 10.925 ce_ans 5.552 ce_copy 5.538 recall 0.008 203s
[hybrid_bka s1] step   800 loss 10.868 ce_ans 5.541 ce_copy 5.467 recall 0.000 232s
[hybrid_bka s1] step   900 loss 10.280 ce_ans 5.551 ce_copy 4.466 recall 0.008 261s
[hybrid_bka s1] step  1000 loss 8.945 ce_ans 5.422 ce_copy 2.653 recall 0.008 290s
[hybrid_bka s1] step  1100 loss 7.644 ce_ans 5.185 ce_copy 1.104 recall 0.027 319s
[hybrid_bka s1] step  1200 loss 7.286 ce_ans 4.963 ce_copy 0.878 recall 0.082 348s
[hybrid_bka s1] step  1300 loss 6.864 ce_ans 4.677 ce_copy 0.721 recall 0.078 377s
[hybrid_bka s1] step  1400 loss 6.505 ce_ans 4.468 ce_copy 0.569 recall 0.141 406s
[hybrid_bka s1] step  1500 loss 10.350 ce_ans 5.021 ce_copy 3.409 recall 0.133 435s
[hybrid_bka s1] step  1600 loss 9.337 ce_ans 4.828 ce_copy 2.803 recall 0.059 463s
[hybrid_bka s1] step  1700 loss 8.839 ce_ans 4.454 ce_copy 2.448 recall 0.105 492s
[hybrid_bka s1] step  1800 loss 5.486 ce_ans 1.163 ce_copy 1.877 recall 0.734 521s
[hybrid_bka s1] step  1900 loss 3.959 ce_ans 0.053 ce_copy 0.941 recall 0.992 550s
[hybrid_bka s1] step  2000 loss 3.676 ce_ans 0.020 ce_copy 0.573 recall 0.992 578s
[hybrid_bka s1] step  2100 loss 3.772 ce_ans 0.003 ce_copy 0.569 recall 1.000 607s
[hybrid_bka s1] step  2200 loss 3.603 ce_ans 0.005 ce_copy 0.377 recall 0.996 636s
[hybrid_bka s1] step  2300 loss 3.817 ce_ans 0.020 ce_copy 0.354 recall 0.996 664s
[hybrid_bka s1] step  2400 loss 3.508 ce_ans 0.001 ce_copy 0.273 recall 1.000 693s
[hybrid_bka s1] step  2500 loss 3.562 ce_ans 0.001 ce_copy 0.238 recall 1.000 722s
[hybrid_bka s1] step  2600 loss 3.810 ce_ans 0.012 ce_copy 0.281 recall 0.996 751s
[hybrid_bka s1] step  2700 loss 3.718 ce_ans 0.001 ce_copy 0.286 recall 1.000 779s
[hybrid_bka s1] step  2800 loss 3.480 ce_ans 0.000 ce_copy 0.239 recall 1.000 808s
[hybrid_bka s1] step  2900 loss 3.587 ce_ans 0.000 ce_copy 0.201 recall 1.000 837s
[hybrid_bka s1] step  3000 loss 3.548 ce_ans 0.009 ce_copy 0.184 recall 0.996 865s
[hybrid_bka s1] step  3100 loss 3.616 ce_ans 0.001 ce_copy 0.225 recall 1.000 894s
[hybrid_bka s1] step  3200 loss 3.845 ce_ans 0.000 ce_copy 0.220 recall 1.000 923s
[hybrid_bka s1] step  3300 loss 3.823 ce_ans 0.000 ce_copy 0.203 recall 1.000 951s
[hybrid_bka s1] step  3400 loss 3.619 ce_ans 0.000 ce_copy 0.198 recall 1.000 980s
[hybrid_bka s1] step  3500 loss 3.567 ce_ans 0.000 ce_copy 0.213 recall 1.000 1009s
[hybrid_bka s1] step  3600 loss 3.527 ce_ans 0.000 ce_copy 0.180 recall 1.000 1038s
[hybrid_bka s1] step  3700 loss 3.771 ce_ans 0.000 ce_copy 0.222 recall 1.000 1066s
[hybrid_bka s1] step  3800 loss 3.523 ce_ans 0.000 ce_copy 0.138 recall 1.000 1095s
[hybrid_bka s1] step  3900 loss 3.614 ce_ans 0.000 ce_copy 0.135 recall 1.000 1124s
[hybrid_bka s1] step  3999 loss 3.574 ce_ans 0.000 ce_copy 0.187 recall 1.000 1150s
[hybrid_bka s1] len   256 recall 1.000 sink 0.079 ratio 4.0 noop 0.126 copy 0.018 gap +0.000
[hybrid_bka s1] len  1024 recall 1.000 sink 0.018 ratio 2.9 noop 0.031 copy 0.003 gap +0.000
[hybrid_bka s1] len  2048 recall 1.000 sink 0.009 ratio 2.7 noop 0.015 copy 0.002 gap +0.000
[hybrid_bka s1] len  4096 recall 1.000 sink 0.005 ratio 2.4 noop 0.009 copy 0.001 gap +0.000
wrote results/runs/main/hybrid_bka__p0.5__g0__s1.json
