[hybrid_bka s10] step     0 loss 11.190 ce_ans 5.603 ce_copy 5.587 recall 0.004 1s
C:\Users\mohdm\Downloads\ICLR2027 - Copy\sinkprobe-release\sinkprobe\.venv\Lib\site-packages\torch\autograd\graph.py:869: UserWarning: The AccumulateGrad node's stream does not match the stream of the node that produced the incoming gradient. This may incur unnecessary synchronization and break CUDA graph capture if the AccumulateGrad node's stream is the default stream. This mismatch is caused by an AccumulateGrad node created prior to the current iteration being kept alive. This can happen if the autograd graph is still being kept alive by tensors such as the loss, or if you are using DDP, which will stash a reference to the node. To resolve the mismatch, delete all references to the autograd graph or ensure that DDP initialization is performed under the same stream as subsequent forwards. If the mismatch is intentional, you can use torch.autograd.graph.set_warn_on_accumulate_grad_stream_mismatch(False) to suppress this warning. (Triggered internally at C:\actions-runner\_work\pytorch\pytorch\pytorch\torch\csrc\autograd\input_buffer.cpp:250.)
  return Variable._execution_engine.run_backward(  # Calls into the C++ engine to run the backward pass
[hybrid_bka s10] step   100 loss 11.124 ce_ans 5.589 ce_copy 5.581 recall 0.000 30s
[hybrid_bka s10] step   200 loss 10.962 ce_ans 5.558 ce_copy 5.578 recall 0.000 58s
[hybrid_bka s10] step   300 loss 10.948 ce_ans 5.559 ce_copy 5.554 recall 0.000 86s
[hybrid_bka s10] step   400 loss 10.956 ce_ans 5.551 ce_copy 5.572 recall 0.004 115s
[hybrid_bka s10] step   500 loss 10.935 ce_ans 5.547 ce_copy 5.548 recall 0.004 144s
[hybrid_bka s10] step   600 loss 10.927 ce_ans 5.544 ce_copy 5.557 recall 0.004 172s
[hybrid_bka s10] step   700 loss 10.922 ce_ans 5.542 ce_copy 5.548 recall 0.008 201s
[hybrid_bka s10] step   800 loss 10.925 ce_ans 5.554 ce_copy 5.540 recall 0.004 230s
[hybrid_bka s10] step   900 loss 10.878 ce_ans 5.547 ce_copy 5.475 recall 0.004 258s
[hybrid_bka s10] step  1000 loss 10.725 ce_ans 5.548 ce_copy 5.212 recall 0.016 286s
[hybrid_bka s10] step  1100 loss 10.116 ce_ans 5.558 ce_copy 4.284 recall 0.000 315s
[hybrid_bka s10] step  1200 loss 9.295 ce_ans 5.484 ce_copy 3.164 recall 0.008 344s
[hybrid_bka s10] step  1300 loss 7.374 ce_ans 4.235 ce_copy 2.112 recall 0.168 372s
[hybrid_bka s10] step  1400 loss 3.101 ce_ans 0.794 ce_copy 0.840 recall 0.891 400s
[hybrid_bka s10] step  1500 loss 4.605 ce_ans 0.140 ce_copy 0.650 recall 0.980 429s
[hybrid_bka s10] step  1600 loss 3.691 ce_ans 0.050 ce_copy 0.625 recall 0.996 457s
[hybrid_bka s10] step  1700 loss 3.669 ce_ans 0.078 ce_copy 0.519 recall 0.984 486s
[hybrid_bka s10] step  1800 loss 3.731 ce_ans 0.012 ce_copy 0.526 recall 1.000 514s
[hybrid_bka s10] step  1900 loss 3.892 ce_ans 0.008 ce_copy 0.507 recall 1.000 543s
[hybrid_bka s10] step  2000 loss 3.671 ce_ans 0.002 ce_copy 0.296 recall 1.000 571s
[hybrid_bka s10] step  2100 loss 3.643 ce_ans 0.004 ce_copy 0.314 recall 1.000 600s
[hybrid_bka s10] step  2200 loss 3.586 ce_ans 0.002 ce_copy 0.274 recall 1.000 629s
[hybrid_bka s10] step  2300 loss 3.597 ce_ans 0.005 ce_copy 0.240 recall 1.000 657s
[hybrid_bka s10] step  2400 loss 3.674 ce_ans 0.005 ce_copy 0.293 recall 0.996 686s
[hybrid_bka s10] step  2500 loss 3.767 ce_ans 0.001 ce_copy 0.286 recall 1.000 714s
[hybrid_bka s10] step  2600 loss 3.501 ce_ans 0.000 ce_copy 0.251 recall 1.000 742s
[hybrid_bka s10] step  2700 loss 3.530 ce_ans 0.000 ce_copy 0.215 recall 1.000 771s
[hybrid_bka s10] step  2800 loss 3.548 ce_ans 0.000 ce_copy 0.245 recall 1.000 799s
[hybrid_bka s10] step  2900 loss 3.602 ce_ans 0.000 ce_copy 0.200 recall 1.000 828s
[hybrid_bka s10] step  3000 loss 3.633 ce_ans 0.000 ce_copy 0.177 recall 1.000 856s
[hybrid_bka s10] step  3100 loss 3.433 ce_ans 0.000 ce_copy 0.167 recall 1.000 885s
[hybrid_bka s10] step  3200 loss 3.481 ce_ans 0.000 ce_copy 0.185 recall 1.000 913s
[hybrid_bka s10] step  3300 loss 3.455 ce_ans 0.000 ce_copy 0.192 recall 1.000 941s
[hybrid_bka s10] step  3400 loss 3.550 ce_ans 0.000 ce_copy 0.187 recall 1.000 970s
[hybrid_bka s10] step  3500 loss 3.500 ce_ans 0.000 ce_copy 0.162 recall 1.000 998s
[hybrid_bka s10] step  3600 loss 3.538 ce_ans 0.000 ce_copy 0.172 recall 1.000 1027s
[hybrid_bka s10] step  3700 loss 3.648 ce_ans 0.000 ce_copy 0.155 recall 1.000 1055s
[hybrid_bka s10] step  3800 loss 3.555 ce_ans 0.000 ce_copy 0.215 recall 1.000 1083s
[hybrid_bka s10] step  3900 loss 3.524 ce_ans 0.000 ce_copy 0.176 recall 1.000 1112s
[hybrid_bka s10] step  3999 loss 3.441 ce_ans 0.000 ce_copy 0.174 recall 1.000 1140s
[hybrid_bka s10] len   256 recall 1.000 sink 0.081 ratio 4.0 noop 0.134 copy 0.005 gap +0.000
[hybrid_bka s10] len  1024 recall 0.991 sink 0.029 ratio 4.6 noop 0.057 copy 0.003 gap +0.016
[hybrid_bka s10] len  2048 recall 0.989 sink 0.016 ratio 4.6 noop 0.028 copy 0.002 gap +0.009
[hybrid_bka s10] len  4096 recall 0.985 sink 0.008 ratio 4.2 noop 0.014 copy 0.001 gap +0.001
wrote results/runs/main/hybrid_bka__p0.5__g0__s10.json
