[hybrid_bka s7] step     0 loss 11.143 ce_ans 5.559 ce_copy 5.585 recall 0.004 1s
C:\Users\mohdm\Downloads\ICLR2027 - Copy\sinkprobe-release\sinkprobe\.venv\Lib\site-packages\torch\autograd\graph.py:869: UserWarning: The AccumulateGrad node's stream does not match the stream of the node that produced the incoming gradient. This may incur unnecessary synchronization and break CUDA graph capture if the AccumulateGrad node's stream is the default stream. This mismatch is caused by an AccumulateGrad node created prior to the current iteration being kept alive. This can happen if the autograd graph is still being kept alive by tensors such as the loss, or if you are using DDP, which will stash a reference to the node. To resolve the mismatch, delete all references to the autograd graph or ensure that DDP initialization is performed under the same stream as subsequent forwards. If the mismatch is intentional, you can use torch.autograd.graph.set_warn_on_accumulate_grad_stream_mismatch(False) to suppress this warning. (Triggered internally at C:\actions-runner\_work\pytorch\pytorch\pytorch\torch\csrc\autograd\input_buffer.cpp:250.)
  return Variable._execution_engine.run_backward(  # Calls into the C++ engine to run the backward pass
[hybrid_bka s7] step   100 loss 10.974 ce_ans 5.556 ce_copy 5.569 recall 0.004 30s
[hybrid_bka s7] step   200 loss 10.978 ce_ans 5.568 ce_copy 5.566 recall 0.004 58s
[hybrid_bka s7] step   300 loss 10.936 ce_ans 5.543 ce_copy 5.561 recall 0.004 87s
[hybrid_bka s7] step   400 loss 10.934 ce_ans 5.545 ce_copy 5.551 recall 0.000 116s
[hybrid_bka s7] step   500 loss 10.929 ce_ans 5.547 ce_copy 5.554 recall 0.008 144s
[hybrid_bka s7] step   600 loss 10.933 ce_ans 5.555 ce_copy 5.548 recall 0.016 172s
[hybrid_bka s7] step   700 loss 10.929 ce_ans 5.552 ce_copy 5.545 recall 0.004 201s
[hybrid_bka s7] step   800 loss 10.921 ce_ans 5.545 ce_copy 5.548 recall 0.004 230s
[hybrid_bka s7] step   900 loss 10.933 ce_ans 5.544 ce_copy 5.564 recall 0.000 259s
[hybrid_bka s7] step  1000 loss 10.925 ce_ans 5.549 ce_copy 5.547 recall 0.004 287s
[hybrid_bka s7] step  1100 loss 10.964 ce_ans 5.548 ce_copy 5.575 recall 0.000 316s
[hybrid_bka s7] step  1200 loss 10.932 ce_ans 5.552 ce_copy 5.549 recall 0.004 344s
[hybrid_bka s7] step  1300 loss 10.922 ce_ans 5.547 ce_copy 5.549 recall 0.000 373s
[hybrid_bka s7] step  1400 loss 10.926 ce_ans 5.551 ce_copy 5.546 recall 0.004 402s
[hybrid_bka s7] step  1500 loss 10.926 ce_ans 5.546 ce_copy 5.548 recall 0.004 430s
[hybrid_bka s7] step  1600 loss 10.914 ce_ans 5.543 ce_copy 5.546 recall 0.000 458s
[hybrid_bka s7] step  1700 loss 10.924 ce_ans 5.545 ce_copy 5.553 recall 0.016 487s
[hybrid_bka s7] step  1800 loss 10.922 ce_ans 5.547 ce_copy 5.549 recall 0.008 517s
[hybrid_bka s7] step  1900 loss 10.923 ce_ans 5.547 ce_copy 5.548 recall 0.004 545s
[hybrid_bka s7] step  2000 loss 10.920 ce_ans 5.546 ce_copy 5.546 recall 0.000 574s
[hybrid_bka s7] step  2100 loss 10.920 ce_ans 5.550 ce_copy 5.546 recall 0.004 602s
[hybrid_bka s7] step  2200 loss 10.942 ce_ans 5.554 ce_copy 5.548 recall 0.004 631s
[hybrid_bka s7] step  2300 loss 10.925 ce_ans 5.549 ce_copy 5.549 recall 0.008 659s
[hybrid_bka s7] step  2400 loss 10.920 ce_ans 5.545 ce_copy 5.546 recall 0.000 688s
[hybrid_bka s7] step  2500 loss 10.913 ce_ans 5.540 ce_copy 5.543 recall 0.004 716s
[hybrid_bka s7] step  2600 loss 10.916 ce_ans 5.542 ce_copy 5.547 recall 0.004 745s
[hybrid_bka s7] step  2700 loss 10.915 ce_ans 5.542 ce_copy 5.543 recall 0.016 773s
[hybrid_bka s7] step  2800 loss 10.919 ce_ans 5.548 ce_copy 5.546 recall 0.004 802s
[hybrid_bka s7] step  2900 loss 10.914 ce_ans 5.544 ce_copy 5.543 recall 0.004 830s
[hybrid_bka s7] step  3000 loss 10.918 ce_ans 5.544 ce_copy 5.541 recall 0.004 858s
[hybrid_bka s7] step  3100 loss 10.918 ce_ans 5.546 ce_copy 5.544 recall 0.008 887s
[hybrid_bka s7] step  3200 loss 10.927 ce_ans 5.547 ce_copy 5.539 recall 0.008 915s
[hybrid_bka s7] step  3300 loss 10.917 ce_ans 5.540 ce_copy 5.543 recall 0.008 943s
[hybrid_bka s7] step  3400 loss 10.937 ce_ans 5.547 ce_copy 5.537 recall 0.004 972s
[hybrid_bka s7] step  3500 loss 10.919 ce_ans 5.547 ce_copy 5.541 recall 0.008 1000s
[hybrid_bka s7] step  3600 loss 10.916 ce_ans 5.548 ce_copy 5.536 recall 0.008 1028s
[hybrid_bka s7] step  3700 loss 10.915 ce_ans 5.546 ce_copy 5.539 recall 0.008 1057s
[hybrid_bka s7] step  3800 loss 10.940 ce_ans 5.543 ce_copy 5.565 recall 0.000 1086s
[hybrid_bka s7] step  3900 loss 10.917 ce_ans 5.548 ce_copy 5.539 recall 0.008 1114s
[hybrid_bka s7] step  3999 loss 10.919 ce_ans 5.547 ce_copy 5.535 recall 0.008 1150s
[hybrid_bka s7] len   256 recall 0.007 sink 0.070 ratio 3.5 noop 0.090 copy 0.050 gap +0.003
[hybrid_bka s7] len  1024 recall 0.004 sink 0.020 ratio 3.1 noop 0.026 copy 0.014 gap +0.004
[hybrid_bka s7] len  2048 recall 0.006 sink 0.010 ratio 2.9 noop 0.012 copy 0.008 gap +0.002
[hybrid_bka s7] len  4096 recall 0.004 sink 0.004 ratio 2.3 noop 0.006 copy 0.003 gap +0.004
wrote results/runs/main/hybrid_bka__p0.5__g0__s7.json
