[hybrid_bka s6] step     0 loss 11.171 ce_ans 5.593 ce_copy 5.578 recall 0.000 2s
C:\Users\mohdm\Downloads\ICLR2027 - Copy\sinkprobe-release\sinkprobe\.venv\Lib\site-packages\torch\autograd\graph.py:869: UserWarning: The AccumulateGrad node's stream does not match the stream of the node that produced the incoming gradient. This may incur unnecessary synchronization and break CUDA graph capture if the AccumulateGrad node's stream is the default stream. This mismatch is caused by an AccumulateGrad node created prior to the current iteration being kept alive. This can happen if the autograd graph is still being kept alive by tensors such as the loss, or if you are using DDP, which will stash a reference to the node. To resolve the mismatch, delete all references to the autograd graph or ensure that DDP initialization is performed under the same stream as subsequent forwards. If the mismatch is intentional, you can use torch.autograd.graph.set_warn_on_accumulate_grad_stream_mismatch(False) to suppress this warning. (Triggered internally at C:\actions-runner\_work\pytorch\pytorch\pytorch\torch\csrc\autograd\input_buffer.cpp:250.)
  return Variable._execution_engine.run_backward(  # Calls into the C++ engine to run the backward pass
[hybrid_bka s6] step   100 loss 10.993 ce_ans 5.553 ce_copy 5.576 recall 0.008 41s
[hybrid_bka s6] step   200 loss 10.955 ce_ans 5.557 ce_copy 5.555 recall 0.000 80s
[hybrid_bka s6] step   300 loss 10.947 ce_ans 5.555 ce_copy 5.554 recall 0.000 118s
[hybrid_bka s6] step   400 loss 10.931 ce_ans 5.552 ce_copy 5.544 recall 0.004 157s
[hybrid_bka s6] step   500 loss 10.937 ce_ans 5.553 ce_copy 5.552 recall 0.008 196s
[hybrid_bka s6] step   600 loss 10.927 ce_ans 5.550 ce_copy 5.551 recall 0.000 234s
[hybrid_bka s6] step   700 loss 10.926 ce_ans 5.549 ce_copy 5.546 recall 0.008 273s
[hybrid_bka s6] step   800 loss 10.928 ce_ans 5.546 ce_copy 5.553 recall 0.004 311s
[hybrid_bka s6] step   900 loss 10.909 ce_ans 5.543 ce_copy 5.536 recall 0.000 350s
[hybrid_bka s6] step  1000 loss 10.887 ce_ans 5.550 ce_copy 5.485 recall 0.000 388s
[hybrid_bka s6] step  1100 loss 10.825 ce_ans 5.547 ce_copy 5.388 recall 0.008 426s
[hybrid_bka s6] step  1200 loss 10.749 ce_ans 5.546 ce_copy 5.257 recall 0.004 465s
[hybrid_bka s6] step  1300 loss 10.624 ce_ans 5.551 ce_copy 5.047 recall 0.004 496s
[hybrid_bka s6] step  1400 loss 9.968 ce_ans 5.532 ce_copy 4.065 recall 0.008 526s
[hybrid_bka s6] step  1500 loss 10.218 ce_ans 5.533 ce_copy 3.103 recall 0.000 555s
[hybrid_bka s6] step  1600 loss 9.757 ce_ans 5.391 ce_copy 2.302 recall 0.027 584s
[hybrid_bka s6] step  1700 loss 7.879 ce_ans 3.658 ce_copy 2.025 recall 0.172 614s
[hybrid_bka s6] step  1800 loss 4.731 ce_ans 0.643 ce_copy 1.143 recall 0.898 643s
[hybrid_bka s6] step  1900 loss 3.968 ce_ans 0.143 ce_copy 0.821 recall 0.988 673s
[hybrid_bka s6] step  2000 loss 3.973 ce_ans 0.040 ce_copy 0.554 recall 0.996 702s
[hybrid_bka s6] step  2100 loss 3.702 ce_ans 0.029 ce_copy 0.400 recall 0.996 731s
[hybrid_bka s6] step  2200 loss 3.757 ce_ans 0.006 ce_copy 0.481 recall 1.000 761s
[hybrid_bka s6] step  2300 loss 3.795 ce_ans 0.004 ce_copy 0.424 recall 1.000 790s
[hybrid_bka s6] step  2400 loss 3.575 ce_ans 0.003 ce_copy 0.342 recall 1.000 819s
[hybrid_bka s6] step  2500 loss 3.634 ce_ans 0.002 ce_copy 0.352 recall 1.000 849s
[hybrid_bka s6] step  2600 loss 3.621 ce_ans 0.002 ce_copy 0.264 recall 1.000 878s
[hybrid_bka s6] step  2700 loss 3.621 ce_ans 0.001 ce_copy 0.280 recall 1.000 907s
[hybrid_bka s6] step  2800 loss 3.583 ce_ans 0.002 ce_copy 0.286 recall 1.000 937s
[hybrid_bka s6] step  2900 loss 3.594 ce_ans 0.001 ce_copy 0.234 recall 1.000 966s
[hybrid_bka s6] step  3000 loss 3.614 ce_ans 0.001 ce_copy 0.254 recall 1.000 996s
[hybrid_bka s6] step  3100 loss 3.683 ce_ans 0.000 ce_copy 0.221 recall 1.000 1025s
[hybrid_bka s6] step  3200 loss 3.765 ce_ans 0.000 ce_copy 0.218 recall 1.000 1054s
[hybrid_bka s6] step  3300 loss 3.428 ce_ans 0.000 ce_copy 0.197 recall 1.000 1084s
[hybrid_bka s6] step  3400 loss 3.667 ce_ans 0.000 ce_copy 0.280 recall 1.000 1113s
[hybrid_bka s6] step  3500 loss 3.381 ce_ans 0.000 ce_copy 0.152 recall 1.000 1142s
[hybrid_bka s6] step  3600 loss 3.903 ce_ans 0.000 ce_copy 0.244 recall 1.000 1172s
[hybrid_bka s6] step  3700 loss 3.395 ce_ans 0.000 ce_copy 0.199 recall 1.000 1201s
[hybrid_bka s6] step  3800 loss 3.520 ce_ans 0.000 ce_copy 0.179 recall 1.000 1230s
[hybrid_bka s6] step  3900 loss 3.565 ce_ans 0.000 ce_copy 0.212 recall 1.000 1260s
[hybrid_bka s6] step  3999 loss 3.731 ce_ans 0.000 ce_copy 0.201 recall 1.000 1305s
[hybrid_bka s6] len   256 recall 1.000 sink 0.059 ratio 2.9 noop 0.093 copy 0.009 gap +0.000
[hybrid_bka s6] len  1024 recall 1.000 sink 0.026 ratio 4.1 noop 0.044 copy 0.005 gap +0.000
[hybrid_bka s6] len  2048 recall 0.981 sink 0.015 ratio 4.3 noop 0.025 copy 0.003 gap -0.008
[hybrid_bka s6] len  4096 recall 0.893 sink 0.008 ratio 4.2 noop 0.014 copy 0.002 gap -0.002
wrote results/runs/main/hybrid_bka__p0.5__g0__s6.json
