[hybrid_nope s0] step     0 loss 11.175 ce_ans 5.594 ce_copy 5.581 recall 0.000 1s
C:\Users\mohdm\Downloads\ICLR2027 - Copy\sinkprobe-release\sinkprobe\.venv\Lib\site-packages\torch\autograd\graph.py:869: UserWarning: The AccumulateGrad node's stream does not match the stream of the node that produced the incoming gradient. This may incur unnecessary synchronization and break CUDA graph capture if the AccumulateGrad node's stream is the default stream. This mismatch is caused by an AccumulateGrad node created prior to the current iteration being kept alive. This can happen if the autograd graph is still being kept alive by tensors such as the loss, or if you are using DDP, which will stash a reference to the node. To resolve the mismatch, delete all references to the autograd graph or ensure that DDP initialization is performed under the same stream as subsequent forwards. If the mismatch is intentional, you can use torch.autograd.graph.set_warn_on_accumulate_grad_stream_mismatch(False) to suppress this warning. (Triggered internally at C:\actions-runner\_work\pytorch\pytorch\pytorch\torch\csrc\autograd\input_buffer.cpp:250.)
  return Variable._execution_engine.run_backward(  # Calls into the C++ engine to run the backward pass
[hybrid_nope s0] step   100 loss 10.990 ce_ans 5.571 ce_copy 5.567 recall 0.004 29s
[hybrid_nope s0] step   200 loss 10.941 ce_ans 5.551 ce_copy 5.553 recall 0.020 57s
[hybrid_nope s0] step   300 loss 10.958 ce_ans 5.567 ce_copy 5.549 recall 0.000 85s
[hybrid_nope s0] step   400 loss 10.941 ce_ans 5.552 ce_copy 5.557 recall 0.004 113s
[hybrid_nope s0] step   500 loss 10.928 ce_ans 5.548 ce_copy 5.553 recall 0.008 141s
[hybrid_nope s0] step   600 loss 10.939 ce_ans 5.555 ce_copy 5.553 recall 0.004 169s
[hybrid_nope s0] step   700 loss 10.927 ce_ans 5.550 ce_copy 5.550 recall 0.004 197s
[hybrid_nope s0] step   800 loss 10.967 ce_ans 5.547 ce_copy 5.589 recall 0.004 225s
[hybrid_nope s0] step   900 loss 10.932 ce_ans 5.551 ce_copy 5.545 recall 0.004 252s
[hybrid_nope s0] step  1000 loss 10.925 ce_ans 5.545 ce_copy 5.551 recall 0.008 280s
[hybrid_nope s0] step  1100 loss 10.912 ce_ans 5.548 ce_copy 5.523 recall 0.008 308s
[hybrid_nope s0] step  1200 loss 10.896 ce_ans 5.553 ce_copy 5.503 recall 0.004 336s
[hybrid_nope s0] step  1300 loss 10.860 ce_ans 5.545 ce_copy 5.438 recall 0.012 364s
[hybrid_nope s0] step  1400 loss 10.746 ce_ans 5.548 ce_copy 5.241 recall 0.004 392s
[hybrid_nope s0] step  1500 loss 10.942 ce_ans 5.540 ce_copy 5.436 recall 0.008 420s
[hybrid_nope s0] step  1600 loss 10.878 ce_ans 5.537 ce_copy 5.405 recall 0.008 448s
[hybrid_nope s0] step  1700 loss 10.895 ce_ans 5.548 ce_copy 5.389 recall 0.000 476s
[hybrid_nope s0] step  1800 loss 10.875 ce_ans 5.544 ce_copy 5.383 recall 0.000 504s
[hybrid_nope s0] step  1900 loss 10.879 ce_ans 5.541 ce_copy 5.371 recall 0.008 531s
[hybrid_nope s0] step  2000 loss 10.857 ce_ans 5.538 ce_copy 5.261 recall 0.008 559s
[hybrid_nope s0] step  2100 loss 10.825 ce_ans 5.530 ce_copy 5.207 recall 0.004 587s
[hybrid_nope s0] step  2200 loss 10.820 ce_ans 5.537 ce_copy 5.190 recall 0.008 615s
[hybrid_nope s0] step  2300 loss 10.794 ce_ans 5.537 ce_copy 5.144 recall 0.004 643s
[hybrid_nope s0] step  2400 loss 10.744 ce_ans 5.538 ce_copy 4.994 recall 0.004 671s
[hybrid_nope s0] step  2500 loss 10.754 ce_ans 5.551 ce_copy 4.969 recall 0.012 699s
[hybrid_nope s0] step  2600 loss 10.735 ce_ans 5.518 ce_copy 4.985 recall 0.016 727s
[hybrid_nope s0] step  2700 loss 10.708 ce_ans 5.510 ce_copy 4.892 recall 0.000 755s
[hybrid_nope s0] step  2800 loss 10.635 ce_ans 5.517 ce_copy 4.783 recall 0.004 783s
[hybrid_nope s0] step  2900 loss 10.654 ce_ans 5.514 ce_copy 4.716 recall 0.012 811s
[hybrid_nope s0] step  3000 loss 10.566 ce_ans 5.501 ce_copy 4.603 recall 0.004 839s
[hybrid_nope s0] step  3100 loss 10.638 ce_ans 5.525 ce_copy 4.664 recall 0.008 866s
[hybrid_nope s0] step  3200 loss 10.554 ce_ans 5.518 ce_copy 4.495 recall 0.012 894s
[hybrid_nope s0] step  3300 loss 10.591 ce_ans 5.512 ce_copy 4.556 recall 0.008 922s
[hybrid_nope s0] step  3400 loss 10.541 ce_ans 5.488 ce_copy 4.475 recall 0.012 950s
[hybrid_nope s0] step  3500 loss 10.506 ce_ans 5.442 ce_copy 4.522 recall 0.012 978s
[hybrid_nope s0] step  3600 loss 10.553 ce_ans 5.499 ce_copy 4.531 recall 0.023 1006s
[hybrid_nope s0] step  3700 loss 10.525 ce_ans 5.458 ce_copy 4.452 recall 0.004 1034s
[hybrid_nope s0] step  3800 loss 10.475 ce_ans 5.487 ce_copy 4.356 recall 0.012 1062s
[hybrid_nope s0] step  3900 loss 10.511 ce_ans 5.510 ce_copy 4.345 recall 0.004 1090s
[hybrid_nope s0] step  3999 loss 10.543 ce_ans 5.506 ce_copy 4.336 recall 0.008 1115s
[hybrid_nope s0] len   256 recall 0.009 sink 0.017 ratio 0.8 noop 0.024 copy 0.007 gap +0.005
[hybrid_nope s0] len   512 recall 0.005 sink 0.010 ratio 0.8 noop 0.013 copy 0.005 gap +0.000
[hybrid_nope s0] len  1024 recall 0.003 sink 0.006 ratio 0.9 noop 0.008 copy 0.004 gap +0.003
[hybrid_nope s0] len  2048 recall 0.003 sink 0.004 ratio 1.0 noop 0.004 copy 0.002 gap -0.002
wrote results/runs/main\hybrid_nope__p0.5__g0__s0.json
