[hybrid_bka_first s7] step     0 loss 11.154 ce_ans 5.574 ce_copy 5.578 recall 0.004 2s
C:\Users\mohdm\Downloads\ICLR2027 - Copy\sinkprobe-release\sinkprobe\.venv\Lib\site-packages\torch\autograd\graph.py:869: UserWarning: The AccumulateGrad node's stream does not match the stream of the node that produced the incoming gradient. This may incur unnecessary synchronization and break CUDA graph capture if the AccumulateGrad node's stream is the default stream. This mismatch is caused by an AccumulateGrad node created prior to the current iteration being kept alive. This can happen if the autograd graph is still being kept alive by tensors such as the loss, or if you are using DDP, which will stash a reference to the node. To resolve the mismatch, delete all references to the autograd graph or ensure that DDP initialization is performed under the same stream as subsequent forwards. If the mismatch is intentional, you can use torch.autograd.graph.set_warn_on_accumulate_grad_stream_mismatch(False) to suppress this warning. (Triggered internally at C:\actions-runner\_work\pytorch\pytorch\pytorch\torch\csrc\autograd\input_buffer.cpp:250.)
  return Variable._execution_engine.run_backward(  # Calls into the C++ engine to run the backward pass
[hybrid_bka_first s7] step   100 loss 10.940 ce_ans 5.567 ce_copy 5.512 recall 0.008 17s
[hybrid_bka_first s7] step   200 loss 7.492 ce_ans 4.254 ce_copy 2.245 recall 0.238 46s
[hybrid_bka_first s7] step   300 loss 1.766 ce_ans 0.025 ce_copy 0.161 recall 1.000 74s
[hybrid_bka_first s7] step   400 loss 1.772 ce_ans 0.005 ce_copy 0.230 recall 1.000 103s
[hybrid_bka_first s7] step   500 loss 1.667 ce_ans 0.003 ce_copy 0.137 recall 1.000 132s
[hybrid_bka_first s7] step   600 loss 1.731 ce_ans 0.001 ce_copy 0.215 recall 1.000 161s
[hybrid_bka_first s7] step   700 loss 1.674 ce_ans 0.001 ce_copy 0.155 recall 1.000 190s
[hybrid_bka_first s7] step   800 loss 1.618 ce_ans 0.001 ce_copy 0.159 recall 1.000 218s
[hybrid_bka_first s7] step   900 loss 1.581 ce_ans 0.001 ce_copy 0.148 recall 1.000 247s
[hybrid_bka_first s7] step  1000 loss 1.551 ce_ans 0.000 ce_copy 0.089 recall 1.000 277s
[hybrid_bka_first s7] step  1100 loss 1.553 ce_ans 0.000 ce_copy 0.108 recall 1.000 305s
[hybrid_bka_first s7] step  1200 loss 1.587 ce_ans 0.000 ce_copy 0.178 recall 1.000 334s
[hybrid_bka_first s7] step  1300 loss 1.504 ce_ans 0.000 ce_copy 0.093 recall 1.000 363s
[hybrid_bka_first s7] step  1400 loss 1.545 ce_ans 0.000 ce_copy 0.105 recall 1.000 392s
[hybrid_bka_first s7] step  1500 loss 4.152 ce_ans 0.001 ce_copy 0.367 recall 1.000 420s
[hybrid_bka_first s7] step  1600 loss 3.851 ce_ans 0.000 ce_copy 0.523 recall 1.000 449s
[hybrid_bka_first s7] step  1700 loss 3.639 ce_ans 0.000 ce_copy 0.477 recall 1.000 478s
[hybrid_bka_first s7] step  1800 loss 3.678 ce_ans 0.000 ce_copy 0.354 recall 1.000 507s
[hybrid_bka_first s7] step  1900 loss 3.630 ce_ans 0.000 ce_copy 0.365 recall 1.000 536s
[hybrid_bka_first s7] step  2000 loss 3.442 ce_ans 0.000 ce_copy 0.312 recall 1.000 565s
[hybrid_bka_first s7] step  2100 loss 3.615 ce_ans 0.000 ce_copy 0.376 recall 1.000 594s
[hybrid_bka_first s7] step  2200 loss 3.820 ce_ans 0.000 ce_copy 0.403 recall 1.000 622s
[hybrid_bka_first s7] step  2300 loss 3.580 ce_ans 0.000 ce_copy 0.292 recall 1.000 651s
[hybrid_bka_first s7] step  2400 loss 3.474 ce_ans 0.000 ce_copy 0.300 recall 1.000 680s
[hybrid_bka_first s7] step  2500 loss 3.638 ce_ans 0.000 ce_copy 0.355 recall 1.000 709s
[hybrid_bka_first s7] step  2600 loss 3.677 ce_ans 0.000 ce_copy 0.337 recall 1.000 737s
[hybrid_bka_first s7] step  2700 loss 3.600 ce_ans 0.000 ce_copy 0.292 recall 1.000 766s
[hybrid_bka_first s7] step  2800 loss 3.571 ce_ans 0.000 ce_copy 0.345 recall 1.000 795s
[hybrid_bka_first s7] step  2900 loss 3.669 ce_ans 0.000 ce_copy 0.328 recall 1.000 823s
[hybrid_bka_first s7] step  3000 loss 3.728 ce_ans 0.000 ce_copy 0.308 recall 1.000 852s
[hybrid_bka_first s7] step  3100 loss 3.480 ce_ans 0.000 ce_copy 0.254 recall 1.000 881s
[hybrid_bka_first s7] step  3200 loss 3.586 ce_ans 0.000 ce_copy 0.288 recall 1.000 909s
[hybrid_bka_first s7] step  3300 loss 3.632 ce_ans 0.000 ce_copy 0.325 recall 1.000 938s
[hybrid_bka_first s7] step  3400 loss 3.702 ce_ans 0.000 ce_copy 0.234 recall 1.000 966s
[hybrid_bka_first s7] step  3500 loss 3.612 ce_ans 0.000 ce_copy 0.281 recall 1.000 995s
[hybrid_bka_first s7] step  3600 loss 3.461 ce_ans 0.000 ce_copy 0.210 recall 1.000 1024s
[hybrid_bka_first s7] step  3700 loss 3.727 ce_ans 0.000 ce_copy 0.257 recall 1.000 1052s
[hybrid_bka_first s7] step  3800 loss 3.446 ce_ans 0.000 ce_copy 0.212 recall 1.000 1081s
[hybrid_bka_first s7] step  3900 loss 3.664 ce_ans 0.000 ce_copy 0.234 recall 1.000 1110s
[hybrid_bka_first s7] step  3999 loss 3.650 ce_ans 0.000 ce_copy 0.246 recall 1.000 1139s
[hybrid_bka_first s7] len   256 recall 1.000 sink 0.120 ratio 6.0 noop 0.186 copy 0.034 gap +0.000
[hybrid_bka_first s7] len  1024 recall 0.980 sink 0.060 ratio 9.4 noop 0.097 copy 0.020 gap +0.003
[hybrid_bka_first s7] len  2048 recall 0.987 sink 0.037 ratio 10.5 noop 0.057 copy 0.014 gap +0.005
[hybrid_bka_first s7] len  4096 recall 0.995 sink 0.021 ratio 10.9 noop 0.031 copy 0.009 gap -0.000
wrote results/runs/main/hybrid_bka_first__p0.5__g0__s7.json
