[hybrid_bka_first s0] step     0 loss 11.188 ce_ans 5.608 ce_copy 5.574 recall 0.000 2s
C:\Users\mohdm\Downloads\ICLR2027 - Copy\sinkprobe-release\sinkprobe\.venv\Lib\site-packages\torch\autograd\graph.py:869: UserWarning: The AccumulateGrad node's stream does not match the stream of the node that produced the incoming gradient. This may incur unnecessary synchronization and break CUDA graph capture if the AccumulateGrad node's stream is the default stream. This mismatch is caused by an AccumulateGrad node created prior to the current iteration being kept alive. This can happen if the autograd graph is still being kept alive by tensors such as the loss, or if you are using DDP, which will stash a reference to the node. To resolve the mismatch, delete all references to the autograd graph or ensure that DDP initialization is performed under the same stream as subsequent forwards. If the mismatch is intentional, you can use torch.autograd.graph.set_warn_on_accumulate_grad_stream_mismatch(False) to suppress this warning. (Triggered internally at C:\actions-runner\_work\pytorch\pytorch\pytorch\torch\csrc\autograd\input_buffer.cpp:250.)
  return Variable._execution_engine.run_backward(  # Calls into the C++ engine to run the backward pass
[hybrid_bka_first s0] step   100 loss 10.930 ce_ans 5.570 ce_copy 5.485 recall 0.008 32s
[hybrid_bka_first s0] step   200 loss 7.995 ce_ans 4.632 ce_copy 2.465 recall 0.133 60s
[hybrid_bka_first s0] step   300 loss 1.819 ce_ans 0.039 ce_copy 0.232 recall 0.992 89s
[hybrid_bka_first s0] step   400 loss 1.716 ce_ans 0.005 ce_copy 0.166 recall 1.000 118s
[hybrid_bka_first s0] step   500 loss 1.738 ce_ans 0.002 ce_copy 0.198 recall 1.000 146s
[hybrid_bka_first s0] step   600 loss 1.646 ce_ans 0.001 ce_copy 0.131 recall 1.000 174s
[hybrid_bka_first s0] step   700 loss 1.595 ce_ans 0.001 ce_copy 0.151 recall 1.000 275s
[hybrid_bka_first s0] step   800 loss 1.596 ce_ans 0.001 ce_copy 0.117 recall 1.000 304s
[hybrid_bka_first s0] step   900 loss 1.559 ce_ans 0.001 ce_copy 0.127 recall 1.000 332s
[hybrid_bka_first s0] step  1000 loss 1.501 ce_ans 0.000 ce_copy 0.069 recall 1.000 361s
[hybrid_bka_first s0] step  1100 loss 1.519 ce_ans 0.000 ce_copy 0.105 recall 1.000 389s
[hybrid_bka_first s0] step  1200 loss 1.513 ce_ans 0.001 ce_copy 0.114 recall 1.000 418s
[hybrid_bka_first s0] step  1300 loss 1.552 ce_ans 0.000 ce_copy 0.092 recall 1.000 446s
[hybrid_bka_first s0] step  1400 loss 1.500 ce_ans 0.001 ce_copy 0.092 recall 1.000 475s
[hybrid_bka_first s0] step  1500 loss 4.606 ce_ans 0.000 ce_copy 0.471 recall 1.000 503s
[hybrid_bka_first s0] step  1600 loss 3.735 ce_ans 0.000 ce_copy 0.440 recall 1.000 532s
[hybrid_bka_first s0] step  1700 loss 3.771 ce_ans 0.000 ce_copy 0.462 recall 1.000 560s
[hybrid_bka_first s0] step  1800 loss 3.654 ce_ans 0.000 ce_copy 0.473 recall 1.000 589s
[hybrid_bka_first s0] step  1900 loss 3.644 ce_ans 0.000 ce_copy 0.440 recall 1.000 617s
[hybrid_bka_first s0] step  2000 loss 3.827 ce_ans 0.000 ce_copy 0.437 recall 1.000 646s
[hybrid_bka_first s0] step  2100 loss 3.796 ce_ans 0.000 ce_copy 0.418 recall 1.000 674s
[hybrid_bka_first s0] step  2200 loss 3.743 ce_ans 0.000 ce_copy 0.337 recall 1.000 703s
[hybrid_bka_first s0] step  2300 loss 3.674 ce_ans 0.000 ce_copy 0.361 recall 1.000 731s
[hybrid_bka_first s0] step  2400 loss 3.530 ce_ans 0.000 ce_copy 0.296 recall 1.000 760s
[hybrid_bka_first s0] step  2500 loss 3.589 ce_ans 0.000 ce_copy 0.353 recall 1.000 789s
[hybrid_bka_first s0] step  2600 loss 3.698 ce_ans 0.000 ce_copy 0.393 recall 1.000 817s
[hybrid_bka_first s0] step  2700 loss 3.763 ce_ans 0.000 ce_copy 0.351 recall 1.000 846s
[hybrid_bka_first s0] step  2800 loss 3.407 ce_ans 0.000 ce_copy 0.293 recall 1.000 874s
[hybrid_bka_first s0] step  2900 loss 3.616 ce_ans 0.000 ce_copy 0.279 recall 1.000 903s
[hybrid_bka_first s0] step  3000 loss 3.417 ce_ans 0.000 ce_copy 0.240 recall 1.000 931s
[hybrid_bka_first s0] step  3100 loss 3.632 ce_ans 0.000 ce_copy 0.231 recall 1.000 960s
[hybrid_bka_first s0] step  3200 loss 3.526 ce_ans 0.000 ce_copy 0.210 recall 1.000 988s
[hybrid_bka_first s0] step  3300 loss 3.678 ce_ans 0.000 ce_copy 0.299 recall 1.000 1016s
[hybrid_bka_first s0] step  3400 loss 3.613 ce_ans 0.000 ce_copy 0.257 recall 1.000 1045s
[hybrid_bka_first s0] step  3500 loss 3.634 ce_ans 0.000 ce_copy 0.316 recall 1.000 1074s
[hybrid_bka_first s0] step  3600 loss 3.556 ce_ans 0.000 ce_copy 0.288 recall 1.000 1102s
[hybrid_bka_first s0] step  3700 loss 3.751 ce_ans 0.000 ce_copy 0.291 recall 1.000 1131s
[hybrid_bka_first s0] step  3800 loss 3.470 ce_ans 0.000 ce_copy 0.253 recall 1.000 1159s
[hybrid_bka_first s0] step  3900 loss 3.608 ce_ans 0.000 ce_copy 0.224 recall 1.000 1188s
[hybrid_bka_first s0] step  3999 loss 3.695 ce_ans 0.000 ce_copy 0.251 recall 1.000 1216s
[hybrid_bka_first s0] len   256 recall 1.000 sink 0.091 ratio 4.5 noop 0.129 copy 0.034 gap +0.000
[hybrid_bka_first s0] len  1024 recall 1.000 sink 0.039 ratio 6.2 noop 0.054 copy 0.021 gap +0.000
[hybrid_bka_first s0] len  2048 recall 1.000 sink 0.027 ratio 7.6 noop 0.039 copy 0.014 gap -0.002
[hybrid_bka_first s0] len  4096 recall 1.000 sink 0.017 ratio 9.0 noop 0.022 copy 0.011 gap -0.002
wrote results/runs/main/hybrid_bka_first__p0.5__g0__s0.json
