[hybrid_bka_first s6] step     0 loss 11.158 ce_ans 5.579 ce_copy 5.576 recall 0.000 2s
C:\Users\mohdm\Downloads\ICLR2027 - Copy\sinkprobe-release\sinkprobe\.venv\Lib\site-packages\torch\autograd\graph.py:869: UserWarning: The AccumulateGrad node's stream does not match the stream of the node that produced the incoming gradient. This may incur unnecessary synchronization and break CUDA graph capture if the AccumulateGrad node's stream is the default stream. This mismatch is caused by an AccumulateGrad node created prior to the current iteration being kept alive. This can happen if the autograd graph is still being kept alive by tensors such as the loss, or if you are using DDP, which will stash a reference to the node. To resolve the mismatch, delete all references to the autograd graph or ensure that DDP initialization is performed under the same stream as subsequent forwards. If the mismatch is intentional, you can use torch.autograd.graph.set_warn_on_accumulate_grad_stream_mismatch(False) to suppress this warning. (Triggered internally at C:\actions-runner\_work\pytorch\pytorch\pytorch\torch\csrc\autograd\input_buffer.cpp:250.)
  return Variable._execution_engine.run_backward(  # Calls into the C++ engine to run the backward pass
[hybrid_bka_first s6] step   100 loss 10.927 ce_ans 5.563 ce_copy 5.493 recall 0.008 41s
[hybrid_bka_first s6] step   200 loss 8.550 ce_ans 4.981 ce_copy 2.795 recall 0.059 80s
[hybrid_bka_first s6] step   300 loss 1.854 ce_ans 0.039 ce_copy 0.244 recall 0.996 118s
[hybrid_bka_first s6] step   400 loss 1.703 ce_ans 0.004 ce_copy 0.158 recall 1.000 156s
[hybrid_bka_first s6] step   500 loss 1.690 ce_ans 0.002 ce_copy 0.159 recall 1.000 194s
[hybrid_bka_first s6] step   600 loss 1.625 ce_ans 0.001 ce_copy 0.106 recall 1.000 232s
[hybrid_bka_first s6] step   700 loss 1.671 ce_ans 0.002 ce_copy 0.195 recall 1.000 270s
[hybrid_bka_first s6] step   800 loss 1.606 ce_ans 0.001 ce_copy 0.134 recall 1.000 308s
[hybrid_bka_first s6] step   900 loss 1.580 ce_ans 0.000 ce_copy 0.113 recall 1.000 347s
[hybrid_bka_first s6] step  1000 loss 1.586 ce_ans 0.000 ce_copy 0.164 recall 1.000 385s
[hybrid_bka_first s6] step  1100 loss 1.514 ce_ans 0.000 ce_copy 0.079 recall 1.000 422s
[hybrid_bka_first s6] step  1200 loss 1.558 ce_ans 0.000 ce_copy 0.151 recall 1.000 460s
[hybrid_bka_first s6] step  1300 loss 1.564 ce_ans 0.000 ce_copy 0.177 recall 1.000 492s
[hybrid_bka_first s6] step  1400 loss 1.569 ce_ans 0.000 ce_copy 0.118 recall 1.000 522s
[hybrid_bka_first s6] step  1500 loss 4.127 ce_ans 0.000 ce_copy 0.523 recall 1.000 551s
[hybrid_bka_first s6] step  1600 loss 3.712 ce_ans 0.000 ce_copy 0.386 recall 1.000 580s
[hybrid_bka_first s6] step  1700 loss 3.657 ce_ans 0.000 ce_copy 0.531 recall 1.000 609s
[hybrid_bka_first s6] step  1800 loss 3.831 ce_ans 0.000 ce_copy 0.409 recall 1.000 638s
[hybrid_bka_first s6] step  1900 loss 3.669 ce_ans 0.000 ce_copy 0.437 recall 1.000 668s
[hybrid_bka_first s6] step  2000 loss 3.890 ce_ans 0.000 ce_copy 0.529 recall 1.000 697s
[hybrid_bka_first s6] step  2100 loss 3.563 ce_ans 0.000 ce_copy 0.392 recall 1.000 726s
[hybrid_bka_first s6] step  2200 loss 3.732 ce_ans 0.000 ce_copy 0.447 recall 1.000 755s
[hybrid_bka_first s6] step  2300 loss 3.775 ce_ans 0.000 ce_copy 0.460 recall 1.000 784s
[hybrid_bka_first s6] step  2400 loss 3.564 ce_ans 0.000 ce_copy 0.370 recall 1.000 813s
[hybrid_bka_first s6] step  2500 loss 3.648 ce_ans 0.000 ce_copy 0.356 recall 1.000 842s
[hybrid_bka_first s6] step  2600 loss 3.613 ce_ans 0.000 ce_copy 0.324 recall 1.000 872s
[hybrid_bka_first s6] step  2700 loss 3.618 ce_ans 0.000 ce_copy 0.300 recall 1.000 901s
[hybrid_bka_first s6] step  2800 loss 3.585 ce_ans 0.000 ce_copy 0.332 recall 1.000 930s
[hybrid_bka_first s6] step  2900 loss 3.607 ce_ans 0.000 ce_copy 0.321 recall 1.000 959s
[hybrid_bka_first s6] step  3000 loss 3.628 ce_ans 0.000 ce_copy 0.313 recall 1.000 988s
[hybrid_bka_first s6] step  3100 loss 3.674 ce_ans 0.000 ce_copy 0.282 recall 1.000 1017s
[hybrid_bka_first s6] step  3200 loss 3.781 ce_ans 0.000 ce_copy 0.291 recall 1.000 1046s
[hybrid_bka_first s6] step  3300 loss 3.441 ce_ans 0.000 ce_copy 0.262 recall 1.000 1076s
[hybrid_bka_first s6] step  3400 loss 3.697 ce_ans 0.000 ce_copy 0.323 recall 1.000 1105s
[hybrid_bka_first s6] step  3500 loss 3.394 ce_ans 0.000 ce_copy 0.212 recall 1.000 1134s
[hybrid_bka_first s6] step  3600 loss 3.936 ce_ans 0.000 ce_copy 0.303 recall 1.000 1163s
[hybrid_bka_first s6] step  3700 loss 3.406 ce_ans 0.000 ce_copy 0.257 recall 1.000 1192s
[hybrid_bka_first s6] step  3800 loss 3.527 ce_ans 0.000 ce_copy 0.230 recall 1.000 1221s
[hybrid_bka_first s6] step  3900 loss 3.573 ce_ans 0.000 ce_copy 0.245 recall 1.000 1250s
[hybrid_bka_first s6] step  3999 loss 3.767 ce_ans 0.000 ce_copy 0.275 recall 1.000 1279s
[hybrid_bka_first s6] len   256 recall 1.000 sink 0.166 ratio 8.3 noop 0.266 copy 0.024 gap +0.000
[hybrid_bka_first s6] len  1024 recall 1.000 sink 0.069 ratio 10.8 noop 0.115 copy 0.013 gap +0.000
[hybrid_bka_first s6] len  2048 recall 1.000 sink 0.039 ratio 11.2 noop 0.064 copy 0.009 gap +0.000
[hybrid_bka_first s6] len  4096 recall 1.000 sink 0.022 ratio 11.3 noop 0.037 copy 0.006 gap +0.000
wrote results/runs/main/hybrid_bka_first__p0.5__g0__s6.json
