[hybrid_nope s2] step     0 loss 11.174 ce_ans 5.590 ce_copy 5.585 recall 0.000 1s
C:\Users\mohdm\Downloads\ICLR2027 - Copy\sinkprobe-release\sinkprobe\.venv\Lib\site-packages\torch\autograd\graph.py:869: UserWarning: The AccumulateGrad node's stream does not match the stream of the node that produced the incoming gradient. This may incur unnecessary synchronization and break CUDA graph capture if the AccumulateGrad node's stream is the default stream. This mismatch is caused by an AccumulateGrad node created prior to the current iteration being kept alive. This can happen if the autograd graph is still being kept alive by tensors such as the loss, or if you are using DDP, which will stash a reference to the node. To resolve the mismatch, delete all references to the autograd graph or ensure that DDP initialization is performed under the same stream as subsequent forwards. If the mismatch is intentional, you can use torch.autograd.graph.set_warn_on_accumulate_grad_stream_mismatch(False) to suppress this warning. (Triggered internally at C:\actions-runner\_work\pytorch\pytorch\pytorch\torch\csrc\autograd\input_buffer.cpp:250.)
  return Variable._execution_engine.run_backward(  # Calls into the C++ engine to run the backward pass
[hybrid_nope s2] step   100 loss 11.023 ce_ans 5.569 ce_copy 5.577 recall 0.004 29s
[hybrid_nope s2] step   200 loss 10.950 ce_ans 5.562 ce_copy 5.552 recall 0.000 57s
[hybrid_nope s2] step   300 loss 10.935 ce_ans 5.550 ce_copy 5.552 recall 0.008 85s
[hybrid_nope s2] step   400 loss 10.929 ce_ans 5.550 ce_copy 5.548 recall 0.004 112s
[hybrid_nope s2] step   500 loss 10.930 ce_ans 5.552 ce_copy 5.548 recall 0.004 140s
[hybrid_nope s2] step   600 loss 10.937 ce_ans 5.552 ce_copy 5.560 recall 0.004 168s
[hybrid_nope s2] step   700 loss 10.915 ce_ans 5.549 ce_copy 5.527 recall 0.004 196s
[hybrid_nope s2] step   800 loss 10.886 ce_ans 5.548 ce_copy 5.473 recall 0.004 224s
[hybrid_nope s2] step   900 loss 10.825 ce_ans 5.553 ce_copy 5.380 recall 0.000 252s
[hybrid_nope s2] step  1000 loss 10.680 ce_ans 5.543 ce_copy 5.156 recall 0.004 280s
[hybrid_nope s2] step  1100 loss 10.440 ce_ans 5.554 ce_copy 4.746 recall 0.012 307s
[hybrid_nope s2] step  1200 loss 9.891 ce_ans 5.553 ce_copy 3.934 recall 0.000 335s
[hybrid_nope s2] step  1300 loss 9.445 ce_ans 5.536 ce_copy 3.284 recall 0.008 363s
[hybrid_nope s2] step  1400 loss 8.857 ce_ans 5.514 ce_copy 2.454 recall 0.008 391s
[hybrid_nope s2] step  1500 loss 10.205 ce_ans 5.415 ce_copy 2.660 recall 0.012 419s
[hybrid_nope s2] step  1600 loss 9.593 ce_ans 5.290 ce_copy 2.160 recall 0.035 447s
[hybrid_nope s2] step  1700 loss 9.271 ce_ans 4.996 ce_copy 2.011 recall 0.098 474s
[hybrid_nope s2] step  1800 loss 8.626 ce_ans 4.516 ce_copy 1.865 recall 0.109 502s
[hybrid_nope s2] step  1900 loss 8.036 ce_ans 3.859 ce_copy 1.887 recall 0.176 530s
[hybrid_nope s2] step  2000 loss 7.621 ce_ans 3.593 ce_copy 1.507 recall 0.211 558s
[hybrid_nope s2] step  2100 loss 7.176 ce_ans 3.073 ce_copy 1.550 recall 0.270 586s
[hybrid_nope s2] step  2200 loss 6.459 ce_ans 2.533 ce_copy 1.281 recall 0.375 614s
[hybrid_nope s2] step  2300 loss 5.956 ce_ans 2.109 ce_copy 1.155 recall 0.434 641s
[hybrid_nope s2] step  2400 loss 5.434 ce_ans 1.239 ce_copy 1.264 recall 0.688 669s
[hybrid_nope s2] step  2500 loss 4.583 ce_ans 0.801 ce_copy 1.018 recall 0.785 697s
[hybrid_nope s2] step  2600 loss 4.281 ce_ans 0.522 ce_copy 0.818 recall 0.898 725s
[hybrid_nope s2] step  2700 loss 4.203 ce_ans 0.316 ce_copy 0.843 recall 0.922 753s
[hybrid_nope s2] step  2800 loss 4.051 ce_ans 0.321 ce_copy 0.715 recall 0.938 781s
[hybrid_nope s2] step  2900 loss 3.930 ce_ans 0.109 ce_copy 0.656 recall 0.973 808s
[hybrid_nope s2] step  3000 loss 3.718 ce_ans 0.125 ce_copy 0.561 recall 0.973 836s
[hybrid_nope s2] step  3100 loss 3.865 ce_ans 0.059 ce_copy 0.566 recall 0.992 864s
[hybrid_nope s2] step  3200 loss 3.841 ce_ans 0.017 ce_copy 0.584 recall 1.000 892s
[hybrid_nope s2] step  3300 loss 3.887 ce_ans 0.020 ce_copy 0.515 recall 0.996 920s
[hybrid_nope s2] step  3400 loss 3.587 ce_ans 0.023 ce_copy 0.470 recall 0.996 948s
[hybrid_nope s2] step  3500 loss 3.686 ce_ans 0.012 ce_copy 0.484 recall 1.000 976s
[hybrid_nope s2] step  3600 loss 3.634 ce_ans 0.012 ce_copy 0.443 recall 1.000 1003s
[hybrid_nope s2] step  3700 loss 3.670 ce_ans 0.005 ce_copy 0.428 recall 1.000 1031s
[hybrid_nope s2] step  3800 loss 4.004 ce_ans 0.007 ce_copy 0.447 recall 1.000 1059s
[hybrid_nope s2] step  3900 loss 3.814 ce_ans 0.004 ce_copy 0.364 recall 1.000 1087s
[hybrid_nope s2] step  3999 loss 3.710 ce_ans 0.008 ce_copy 0.394 recall 0.996 1114s
[hybrid_nope s2] len   256 recall 1.000 sink 0.016 ratio 0.8 noop 0.023 copy 0.004 gap +0.002
[hybrid_nope s2] len  1024 recall 0.975 sink 0.006 ratio 0.9 noop 0.008 copy 0.002 gap -0.002
[hybrid_nope s2] len  2048 recall 0.926 sink 0.003 ratio 0.9 noop 0.005 copy 0.002 gap -0.003
[hybrid_nope s2] len  4096 recall 0.785 sink 0.002 ratio 1.1 noop 0.003 copy 0.001 gap -0.010
wrote results/runs/main/hybrid_nope__p0.5__g0__s2.json
