[hybrid_bka s8] step     0 loss 11.182 ce_ans 5.602 ce_copy 5.578 recall 0.004 1s
C:\Users\mohdm\Downloads\ICLR2027 - Copy\sinkprobe-release\sinkprobe\.venv\Lib\site-packages\torch\autograd\graph.py:869: UserWarning: The AccumulateGrad node's stream does not match the stream of the node that produced the incoming gradient. This may incur unnecessary synchronization and break CUDA graph capture if the AccumulateGrad node's stream is the default stream. This mismatch is caused by an AccumulateGrad node created prior to the current iteration being kept alive. This can happen if the autograd graph is still being kept alive by tensors such as the loss, or if you are using DDP, which will stash a reference to the node. To resolve the mismatch, delete all references to the autograd graph or ensure that DDP initialization is performed under the same stream as subsequent forwards. If the mismatch is intentional, you can use torch.autograd.graph.set_warn_on_accumulate_grad_stream_mismatch(False) to suppress this warning. (Triggered internally at C:\actions-runner\_work\pytorch\pytorch\pytorch\torch\csrc\autograd\input_buffer.cpp:250.)
  return Variable._execution_engine.run_backward(  # Calls into the C++ engine to run the backward pass
[hybrid_bka s8] step   100 loss 11.019 ce_ans 5.579 ce_copy 5.571 recall 0.004 30s
[hybrid_bka s8] step   200 loss 10.947 ce_ans 5.546 ce_copy 5.560 recall 0.004 58s
[hybrid_bka s8] step   300 loss 10.956 ce_ans 5.556 ce_copy 5.574 recall 0.000 87s
[hybrid_bka s8] step   400 loss 10.941 ce_ans 5.554 ce_copy 5.558 recall 0.004 116s
[hybrid_bka s8] step   500 loss 10.942 ce_ans 5.561 ce_copy 5.555 recall 0.000 145s
[hybrid_bka s8] step   600 loss 10.920 ce_ans 5.546 ce_copy 5.537 recall 0.000 174s
[hybrid_bka s8] step   700 loss 10.859 ce_ans 5.548 ce_copy 5.430 recall 0.000 202s
[hybrid_bka s8] step   800 loss 10.739 ce_ans 5.546 ce_copy 5.248 recall 0.000 230s
[hybrid_bka s8] step   900 loss 10.243 ce_ans 5.539 ce_copy 4.499 recall 0.012 259s
[hybrid_bka s8] step  1000 loss 9.653 ce_ans 5.534 ce_copy 3.606 recall 0.016 287s
[hybrid_bka s8] step  1100 loss 9.010 ce_ans 5.459 ce_copy 2.752 recall 0.016 316s
[hybrid_bka s8] step  1200 loss 6.855 ce_ans 3.860 ce_copy 1.893 recall 0.176 344s
[hybrid_bka s8] step  1300 loss 3.569 ce_ans 1.158 ce_copy 1.048 recall 0.809 372s
[hybrid_bka s8] step  1400 loss 2.095 ce_ans 0.191 ce_copy 0.346 recall 0.992 401s
[hybrid_bka s8] step  1500 loss 4.544 ce_ans 0.067 ce_copy 0.432 recall 0.996 430s
[hybrid_bka s8] step  1600 loss 3.772 ce_ans 0.016 ce_copy 0.567 recall 1.000 458s
[hybrid_bka s8] step  1700 loss 3.524 ce_ans 0.014 ce_copy 0.438 recall 0.996 487s
[hybrid_bka s8] step  1800 loss 3.732 ce_ans 0.006 ce_copy 0.322 recall 1.000 515s
[hybrid_bka s8] step  1900 loss 3.786 ce_ans 0.009 ce_copy 0.330 recall 0.996 544s
[hybrid_bka s8] step  2000 loss 3.615 ce_ans 0.002 ce_copy 0.364 recall 1.000 572s
[hybrid_bka s8] step  2100 loss 3.687 ce_ans 0.001 ce_copy 0.261 recall 1.000 600s
[hybrid_bka s8] step  2200 loss 3.609 ce_ans 0.001 ce_copy 0.310 recall 1.000 629s
[hybrid_bka s8] step  2300 loss 3.615 ce_ans 0.004 ce_copy 0.208 recall 1.000 657s
[hybrid_bka s8] step  2400 loss 3.715 ce_ans 0.000 ce_copy 0.231 recall 1.000 686s
[hybrid_bka s8] step  2500 loss 3.838 ce_ans 0.000 ce_copy 0.241 recall 1.000 714s
[hybrid_bka s8] step  2600 loss 3.635 ce_ans 0.000 ce_copy 0.185 recall 1.000 743s
[hybrid_bka s8] step  2700 loss 3.713 ce_ans 0.000 ce_copy 0.214 recall 1.000 772s
[hybrid_bka s8] step  2800 loss 3.600 ce_ans 0.000 ce_copy 0.180 recall 1.000 800s
[hybrid_bka s8] step  2900 loss 3.522 ce_ans 0.000 ce_copy 0.160 recall 1.000 829s
[hybrid_bka s8] step  3000 loss 3.656 ce_ans 0.000 ce_copy 0.172 recall 1.000 858s
[hybrid_bka s8] step  3100 loss 3.640 ce_ans 0.000 ce_copy 0.208 recall 1.000 887s
[hybrid_bka s8] step  3200 loss 3.694 ce_ans 0.000 ce_copy 0.177 recall 1.000 916s
[hybrid_bka s8] step  3300 loss 3.667 ce_ans 0.000 ce_copy 0.181 recall 1.000 945s
[hybrid_bka s8] step  3400 loss 3.532 ce_ans 0.000 ce_copy 0.149 recall 1.000 974s
[hybrid_bka s8] step  3500 loss 3.627 ce_ans 0.000 ce_copy 0.189 recall 1.000 1003s
[hybrid_bka s8] step  3600 loss 3.643 ce_ans 0.000 ce_copy 0.172 recall 1.000 1032s
[hybrid_bka s8] step  3700 loss 3.429 ce_ans 0.000 ce_copy 0.142 recall 1.000 1060s
[hybrid_bka s8] step  3800 loss 3.520 ce_ans 0.000 ce_copy 0.150 recall 1.000 1089s
[hybrid_bka s8] step  3900 loss 3.554 ce_ans 0.000 ce_copy 0.158 recall 1.000 1117s
[hybrid_bka s8] step  3999 loss 3.459 ce_ans 0.000 ce_copy 0.137 recall 1.000 1143s
[hybrid_bka s8] len   256 recall 1.000 sink 0.024 ratio 1.2 noop 0.041 copy 0.000 gap +0.000
[hybrid_bka s8] len  1024 recall 1.000 sink 0.007 ratio 1.1 noop 0.013 copy 0.001 gap +0.000
[hybrid_bka s8] len  2048 recall 1.000 sink 0.004 ratio 1.1 noop 0.007 copy 0.001 gap +0.000
[hybrid_bka s8] len  4096 recall 1.000 sink 0.002 ratio 1.1 noop 0.003 copy 0.000 gap +0.000
wrote results/runs/main/hybrid_bka__p0.5__g0__s8.json
