[hybrid_bka_first s1] step     0 loss 11.138 ce_ans 5.558 ce_copy 5.583 recall 0.000 2s
C:\Users\mohdm\Downloads\ICLR2027 - Copy\sinkprobe-release\sinkprobe\.venv\Lib\site-packages\torch\autograd\graph.py:869: UserWarning: The AccumulateGrad node's stream does not match the stream of the node that produced the incoming gradient. This may incur unnecessary synchronization and break CUDA graph capture if the AccumulateGrad node's stream is the default stream. This mismatch is caused by an AccumulateGrad node created prior to the current iteration being kept alive. This can happen if the autograd graph is still being kept alive by tensors such as the loss, or if you are using DDP, which will stash a reference to the node. To resolve the mismatch, delete all references to the autograd graph or ensure that DDP initialization is performed under the same stream as subsequent forwards. If the mismatch is intentional, you can use torch.autograd.graph.set_warn_on_accumulate_grad_stream_mismatch(False) to suppress this warning. (Triggered internally at C:\actions-runner\_work\pytorch\pytorch\pytorch\torch\csrc\autograd\input_buffer.cpp:250.)
  return Variable._execution_engine.run_backward(  # Calls into the C++ engine to run the backward pass
[hybrid_bka_first s1] step   100 loss 10.992 ce_ans 5.577 ce_copy 5.570 recall 0.000 21s
[hybrid_bka_first s1] step   200 loss 11.006 ce_ans 5.581 ce_copy 5.599 recall 0.004 49s
[hybrid_bka_first s1] step   300 loss 10.935 ce_ans 5.547 ce_copy 5.554 recall 0.000 78s
[hybrid_bka_first s1] step   400 loss 10.935 ce_ans 5.546 ce_copy 5.551 recall 0.000 107s
[hybrid_bka_first s1] step   500 loss 10.945 ce_ans 5.556 ce_copy 5.547 recall 0.000 136s
[hybrid_bka_first s1] step   600 loss 10.926 ce_ans 5.549 ce_copy 5.547 recall 0.000 165s
[hybrid_bka_first s1] step   700 loss 10.938 ce_ans 5.548 ce_copy 5.558 recall 0.004 194s
[hybrid_bka_first s1] step   800 loss 10.940 ce_ans 5.549 ce_copy 5.556 recall 0.000 223s
[hybrid_bka_first s1] step   900 loss 10.928 ce_ans 5.547 ce_copy 5.555 recall 0.000 252s
[hybrid_bka_first s1] step  1000 loss 10.891 ce_ans 5.533 ce_copy 5.485 recall 0.008 281s
[hybrid_bka_first s1] step  1100 loss 6.622 ce_ans 2.138 ce_copy 2.506 recall 0.715 310s
[hybrid_bka_first s1] step  1200 loss 3.756 ce_ans 0.018 ce_copy 0.828 recall 1.000 338s
[hybrid_bka_first s1] step  1300 loss 3.865 ce_ans 0.006 ce_copy 0.866 recall 1.000 367s
[hybrid_bka_first s1] step  1400 loss 3.928 ce_ans 0.002 ce_copy 0.712 recall 1.000 396s
[hybrid_bka_first s1] step  1500 loss 3.772 ce_ans 0.003 ce_copy 0.653 recall 1.000 425s
[hybrid_bka_first s1] step  1600 loss 3.478 ce_ans 0.001 ce_copy 0.619 recall 1.000 454s
[hybrid_bka_first s1] step  1700 loss 3.677 ce_ans 0.001 ce_copy 0.593 recall 1.000 483s
[hybrid_bka_first s1] step  1800 loss 3.931 ce_ans 0.001 ce_copy 0.640 recall 1.000 512s
[hybrid_bka_first s1] step  1900 loss 3.716 ce_ans 0.000 ce_copy 0.520 recall 1.000 541s
[hybrid_bka_first s1] step  2000 loss 3.625 ce_ans 0.001 ce_copy 0.540 recall 1.000 570s
[hybrid_bka_first s1] step  2100 loss 3.789 ce_ans 0.000 ce_copy 0.468 recall 1.000 599s
[hybrid_bka_first s1] step  2200 loss 3.994 ce_ans 0.000 ce_copy 0.475 recall 1.000 628s
[hybrid_bka_first s1] step  2300 loss 3.467 ce_ans 0.000 ce_copy 0.375 recall 1.000 656s
[hybrid_bka_first s1] step  2400 loss 3.649 ce_ans 0.000 ce_copy 0.418 recall 1.000 685s
[hybrid_bka_first s1] step  2500 loss 3.700 ce_ans 0.000 ce_copy 0.356 recall 1.000 714s
[hybrid_bka_first s1] step  2600 loss 3.643 ce_ans 0.000 ce_copy 0.362 recall 1.000 744s
[hybrid_bka_first s1] step  2700 loss 3.585 ce_ans 0.000 ce_copy 0.349 recall 1.000 772s
[hybrid_bka_first s1] step  2800 loss 3.601 ce_ans 0.000 ce_copy 0.336 recall 1.000 801s
[hybrid_bka_first s1] step  2900 loss 3.577 ce_ans 0.000 ce_copy 0.297 recall 1.000 830s
[hybrid_bka_first s1] step  3000 loss 3.661 ce_ans 0.000 ce_copy 0.334 recall 1.000 859s
[hybrid_bka_first s1] step  3100 loss 3.680 ce_ans 0.000 ce_copy 0.340 recall 1.000 888s
[hybrid_bka_first s1] step  3200 loss 3.532 ce_ans 0.000 ce_copy 0.239 recall 1.000 917s
[hybrid_bka_first s1] step  3300 loss 3.675 ce_ans 0.000 ce_copy 0.306 recall 1.000 946s
[hybrid_bka_first s1] step  3400 loss 3.592 ce_ans 0.000 ce_copy 0.291 recall 1.000 975s
[hybrid_bka_first s1] step  3500 loss 3.654 ce_ans 0.000 ce_copy 0.287 recall 1.000 1004s
[hybrid_bka_first s1] step  3600 loss 3.807 ce_ans 0.000 ce_copy 0.354 recall 1.000 1033s
[hybrid_bka_first s1] step  3700 loss 3.656 ce_ans 0.000 ce_copy 0.281 recall 1.000 1062s
[hybrid_bka_first s1] step  3800 loss 3.717 ce_ans 0.000 ce_copy 0.299 recall 1.000 1091s
[hybrid_bka_first s1] step  3900 loss 3.707 ce_ans 0.000 ce_copy 0.259 recall 1.000 1120s
[hybrid_bka_first s1] step  3999 loss 3.528 ce_ans 0.000 ce_copy 0.238 recall 1.000 1144s
[hybrid_bka_first s1] len   256 recall 1.000 sink 0.098 ratio 4.9 noop 0.149 copy 0.027 gap +0.000
[hybrid_bka_first s1] len  1024 recall 1.000 sink 0.039 ratio 6.1 noop 0.058 copy 0.015 gap +0.000
[hybrid_bka_first s1] len  2048 recall 1.000 sink 0.024 ratio 6.8 noop 0.033 copy 0.011 gap +0.000
[hybrid_bka_first s1] len  4096 recall 1.000 sink 0.014 ratio 7.3 noop 0.021 copy 0.007 gap +0.000
wrote results/runs/main/hybrid_bka_first__p0.5__g0__s1__w0.json
