[hybrid_bka_first s1] step     0 loss 11.159 ce_ans 5.568 ce_copy 5.592 recall 0.000 2s
C:\Users\mohdm\Downloads\ICLR2027 - Copy\sinkprobe-release\sinkprobe\.venv\Lib\site-packages\torch\autograd\graph.py:869: UserWarning: The AccumulateGrad node's stream does not match the stream of the node that produced the incoming gradient. This may incur unnecessary synchronization and break CUDA graph capture if the AccumulateGrad node's stream is the default stream. This mismatch is caused by an AccumulateGrad node created prior to the current iteration being kept alive. This can happen if the autograd graph is still being kept alive by tensors such as the loss, or if you are using DDP, which will stash a reference to the node. To resolve the mismatch, delete all references to the autograd graph or ensure that DDP initialization is performed under the same stream as subsequent forwards. If the mismatch is intentional, you can use torch.autograd.graph.set_warn_on_accumulate_grad_stream_mismatch(False) to suppress this warning. (Triggered internally at C:\actions-runner\_work\pytorch\pytorch\pytorch\torch\csrc\autograd\input_buffer.cpp:250.)
  return Variable._execution_engine.run_backward(  # Calls into the C++ engine to run the backward pass
[hybrid_bka_first s1] step   100 loss 10.939 ce_ans 5.591 ce_copy 5.464 recall 0.000 32s
[hybrid_bka_first s1] step   200 loss 7.424 ce_ans 4.279 ce_copy 2.099 recall 0.188 61s
[hybrid_bka_first s1] step   300 loss 1.883 ce_ans 0.024 ce_copy 0.289 recall 1.000 90s
[hybrid_bka_first s1] step   400 loss 1.776 ce_ans 0.007 ce_copy 0.251 recall 1.000 119s
[hybrid_bka_first s1] step   500 loss 1.675 ce_ans 0.004 ce_copy 0.143 recall 1.000 147s
[hybrid_bka_first s1] step   600 loss 1.652 ce_ans 0.002 ce_copy 0.137 recall 1.000 176s
[hybrid_bka_first s1] step   700 loss 1.617 ce_ans 0.001 ce_copy 0.141 recall 1.000 277s
[hybrid_bka_first s1] step   800 loss 1.556 ce_ans 0.000 ce_copy 0.110 recall 1.000 305s
[hybrid_bka_first s1] step   900 loss 1.575 ce_ans 0.001 ce_copy 0.139 recall 1.000 334s
[hybrid_bka_first s1] step  1000 loss 1.515 ce_ans 0.000 ce_copy 0.086 recall 1.000 363s
[hybrid_bka_first s1] step  1100 loss 1.517 ce_ans 0.001 ce_copy 0.096 recall 1.000 391s
[hybrid_bka_first s1] step  1200 loss 1.526 ce_ans 0.000 ce_copy 0.109 recall 1.000 420s
[hybrid_bka_first s1] step  1300 loss 1.497 ce_ans 0.000 ce_copy 0.063 recall 1.000 449s
[hybrid_bka_first s1] step  1400 loss 1.459 ce_ans 0.000 ce_copy 0.054 recall 1.000 477s
[hybrid_bka_first s1] step  1500 loss 4.124 ce_ans 0.000 ce_copy 0.440 recall 1.000 506s
[hybrid_bka_first s1] step  1600 loss 3.671 ce_ans 0.000 ce_copy 0.560 recall 1.000 534s
[hybrid_bka_first s1] step  1700 loss 3.672 ce_ans 0.000 ce_copy 0.459 recall 1.000 563s
[hybrid_bka_first s1] step  1800 loss 3.838 ce_ans 0.000 ce_copy 0.595 recall 1.000 592s
[hybrid_bka_first s1] step  1900 loss 3.677 ce_ans 0.000 ce_copy 0.400 recall 1.000 620s
[hybrid_bka_first s1] step  2000 loss 3.580 ce_ans 0.000 ce_copy 0.448 recall 1.000 649s
[hybrid_bka_first s1] step  2100 loss 3.733 ce_ans 0.000 ce_copy 0.448 recall 1.000 678s
[hybrid_bka_first s1] step  2200 loss 3.582 ce_ans 0.000 ce_copy 0.380 recall 1.000 706s
[hybrid_bka_first s1] step  2300 loss 3.789 ce_ans 0.000 ce_copy 0.423 recall 1.000 735s
[hybrid_bka_first s1] step  2400 loss 3.528 ce_ans 0.000 ce_copy 0.390 recall 1.000 764s
[hybrid_bka_first s1] step  2500 loss 3.579 ce_ans 0.000 ce_copy 0.338 recall 1.000 793s
[hybrid_bka_first s1] step  2600 loss 3.826 ce_ans 0.000 ce_copy 0.377 recall 1.000 821s
[hybrid_bka_first s1] step  2700 loss 3.741 ce_ans 0.000 ce_copy 0.374 recall 1.000 850s
[hybrid_bka_first s1] step  2800 loss 3.531 ce_ans 0.000 ce_copy 0.324 recall 1.000 878s
[hybrid_bka_first s1] step  2900 loss 3.633 ce_ans 0.000 ce_copy 0.348 recall 1.000 907s
[hybrid_bka_first s1] step  3000 loss 3.582 ce_ans 0.000 ce_copy 0.303 recall 1.000 936s
[hybrid_bka_first s1] step  3100 loss 3.630 ce_ans 0.000 ce_copy 0.266 recall 1.000 964s
[hybrid_bka_first s1] step  3200 loss 3.897 ce_ans 0.000 ce_copy 0.368 recall 1.000 993s
[hybrid_bka_first s1] step  3300 loss 3.863 ce_ans 0.000 ce_copy 0.346 recall 1.000 1021s
[hybrid_bka_first s1] step  3400 loss 3.650 ce_ans 0.000 ce_copy 0.287 recall 1.000 1050s
[hybrid_bka_first s1] step  3500 loss 3.605 ce_ans 0.000 ce_copy 0.301 recall 1.000 1079s
[hybrid_bka_first s1] step  3600 loss 3.572 ce_ans 0.000 ce_copy 0.307 recall 1.000 1108s
[hybrid_bka_first s1] step  3700 loss 3.794 ce_ans 0.000 ce_copy 0.315 recall 1.000 1137s
[hybrid_bka_first s1] step  3800 loss 3.554 ce_ans 0.000 ce_copy 0.231 recall 1.000 1165s
[hybrid_bka_first s1] step  3900 loss 3.648 ce_ans 0.000 ce_copy 0.228 recall 1.000 1194s
[hybrid_bka_first s1] step  3999 loss 3.627 ce_ans 0.000 ce_copy 0.315 recall 1.000 1220s
[hybrid_bka_first s1] len   256 recall 1.000 sink 0.091 ratio 4.5 noop 0.136 copy 0.027 gap +0.000
[hybrid_bka_first s1] len  1024 recall 1.000 sink 0.047 ratio 7.3 noop 0.070 copy 0.017 gap +0.000
[hybrid_bka_first s1] len  2048 recall 0.999 sink 0.029 ratio 8.4 noop 0.041 copy 0.013 gap -0.000
[hybrid_bka_first s1] len  4096 recall 0.974 sink 0.017 ratio 8.6 noop 0.025 copy 0.008 gap +0.011
wrote results/runs/main/hybrid_bka_first__p0.5__g0__s1.json
