[hybrid_bka_first s10] step     0 loss 11.151 ce_ans 5.568 ce_copy 5.586 recall 0.000 1s
C:\Users\mohdm\Downloads\ICLR2027 - Copy\sinkprobe-release\sinkprobe\.venv\Lib\site-packages\torch\autograd\graph.py:869: UserWarning: The AccumulateGrad node's stream does not match the stream of the node that produced the incoming gradient. This may incur unnecessary synchronization and break CUDA graph capture if the AccumulateGrad node's stream is the default stream. This mismatch is caused by an AccumulateGrad node created prior to the current iteration being kept alive. This can happen if the autograd graph is still being kept alive by tensors such as the loss, or if you are using DDP, which will stash a reference to the node. To resolve the mismatch, delete all references to the autograd graph or ensure that DDP initialization is performed under the same stream as subsequent forwards. If the mismatch is intentional, you can use torch.autograd.graph.set_warn_on_accumulate_grad_stream_mismatch(False) to suppress this warning. (Triggered internally at C:\actions-runner\_work\pytorch\pytorch\pytorch\torch\csrc\autograd\input_buffer.cpp:250.)
  return Variable._execution_engine.run_backward(  # Calls into the C++ engine to run the backward pass
[hybrid_bka_first s10] step   100 loss 10.922 ce_ans 5.598 ce_copy 5.430 recall 0.000 24s
[hybrid_bka_first s10] step   200 loss 7.788 ce_ans 4.576 ce_copy 2.227 recall 0.125 53s
[hybrid_bka_first s10] step   300 loss 1.813 ce_ans 0.025 ce_copy 0.219 recall 0.996 82s
[hybrid_bka_first s10] step   400 loss 1.704 ce_ans 0.005 ce_copy 0.137 recall 1.000 110s
[hybrid_bka_first s10] step   500 loss 1.678 ce_ans 0.002 ce_copy 0.192 recall 1.000 140s
[hybrid_bka_first s10] step   600 loss 1.622 ce_ans 0.001 ce_copy 0.175 recall 1.000 168s
[hybrid_bka_first s10] step   700 loss 1.577 ce_ans 0.001 ce_copy 0.145 recall 1.000 197s
[hybrid_bka_first s10] step   800 loss 1.648 ce_ans 0.002 ce_copy 0.189 recall 1.000 226s
[hybrid_bka_first s10] step   900 loss 1.607 ce_ans 0.001 ce_copy 0.186 recall 1.000 255s
[hybrid_bka_first s10] step  1000 loss 1.537 ce_ans 0.000 ce_copy 0.136 recall 1.000 284s
[hybrid_bka_first s10] step  1100 loss 1.530 ce_ans 0.000 ce_copy 0.143 recall 1.000 312s
[hybrid_bka_first s10] step  1200 loss 1.530 ce_ans 0.000 ce_copy 0.096 recall 1.000 341s
[hybrid_bka_first s10] step  1300 loss 1.483 ce_ans 0.000 ce_copy 0.099 recall 1.000 370s
[hybrid_bka_first s10] step  1400 loss 1.512 ce_ans 0.001 ce_copy 0.081 recall 1.000 399s
[hybrid_bka_first s10] step  1500 loss 4.617 ce_ans 0.000 ce_copy 0.462 recall 1.000 427s
[hybrid_bka_first s10] step  1600 loss 3.499 ce_ans 0.000 ce_copy 0.460 recall 1.000 456s
[hybrid_bka_first s10] step  1700 loss 3.545 ce_ans 0.000 ce_copy 0.450 recall 1.000 485s
[hybrid_bka_first s10] step  1800 loss 3.666 ce_ans 0.000 ce_copy 0.454 recall 1.000 513s
[hybrid_bka_first s10] step  1900 loss 3.897 ce_ans 0.000 ce_copy 0.587 recall 1.000 542s
[hybrid_bka_first s10] step  2000 loss 3.670 ce_ans 0.000 ce_copy 0.383 recall 1.000 571s
[hybrid_bka_first s10] step  2100 loss 3.652 ce_ans 0.000 ce_copy 0.413 recall 1.000 599s
[hybrid_bka_first s10] step  2200 loss 3.610 ce_ans 0.000 ce_copy 0.389 recall 1.000 628s
[hybrid_bka_first s10] step  2300 loss 3.550 ce_ans 0.000 ce_copy 0.347 recall 1.000 658s
[hybrid_bka_first s10] step  2400 loss 3.691 ce_ans 0.000 ce_copy 0.343 recall 1.000 686s
[hybrid_bka_first s10] step  2500 loss 3.786 ce_ans 0.000 ce_copy 0.377 recall 1.000 715s
[hybrid_bka_first s10] step  2600 loss 3.530 ce_ans 0.000 ce_copy 0.314 recall 1.000 744s
[hybrid_bka_first s10] step  2700 loss 3.556 ce_ans 0.000 ce_copy 0.316 recall 1.000 772s
[hybrid_bka_first s10] step  2800 loss 3.568 ce_ans 0.000 ce_copy 0.305 recall 1.000 801s
[hybrid_bka_first s10] step  2900 loss 3.626 ce_ans 0.000 ce_copy 0.273 recall 1.000 830s
[hybrid_bka_first s10] step  3000 loss 3.671 ce_ans 0.000 ce_copy 0.299 recall 1.000 858s
[hybrid_bka_first s10] step  3100 loss 3.479 ce_ans 0.000 ce_copy 0.280 recall 1.000 887s
[hybrid_bka_first s10] step  3200 loss 3.525 ce_ans 0.000 ce_copy 0.296 recall 1.000 916s
[hybrid_bka_first s10] step  3300 loss 3.456 ce_ans 0.000 ce_copy 0.255 recall 1.000 944s
[hybrid_bka_first s10] step  3400 loss 3.587 ce_ans 0.000 ce_copy 0.311 recall 1.000 973s
[hybrid_bka_first s10] step  3500 loss 3.543 ce_ans 0.000 ce_copy 0.272 recall 1.000 1002s
[hybrid_bka_first s10] step  3600 loss 3.581 ce_ans 0.000 ce_copy 0.294 recall 1.000 1030s
[hybrid_bka_first s10] step  3700 loss 3.676 ce_ans 0.000 ce_copy 0.247 recall 1.000 1059s
[hybrid_bka_first s10] step  3800 loss 3.579 ce_ans 0.000 ce_copy 0.272 recall 1.000 1088s
[hybrid_bka_first s10] step  3900 loss 3.543 ce_ans 0.000 ce_copy 0.243 recall 1.000 1116s
[hybrid_bka_first s10] step  3999 loss 3.456 ce_ans 0.000 ce_copy 0.220 recall 1.000 1145s
[hybrid_bka_first s10] len   256 recall 1.000 sink 0.148 ratio 7.4 noop 0.220 copy 0.041 gap +0.000
[hybrid_bka_first s10] len  1024 recall 1.000 sink 0.071 ratio 11.2 noop 0.117 copy 0.025 gap +0.000
[hybrid_bka_first s10] len  2048 recall 1.000 sink 0.046 ratio 13.0 noop 0.069 copy 0.018 gap +0.000
[hybrid_bka_first s10] len  4096 recall 1.000 sink 0.026 ratio 13.5 noop 0.039 copy 0.011 gap +0.000
wrote results/runs/main/hybrid_bka_first__p0.5__g0__s10.json
