[hybrid_bka_first s5] step     0 loss 11.179 ce_ans 5.600 ce_copy 5.577 recall 0.000 1s
C:\Users\mohdm\Downloads\ICLR2027 - Copy\sinkprobe-release\sinkprobe\.venv\Lib\site-packages\torch\autograd\graph.py:869: UserWarning: The AccumulateGrad node's stream does not match the stream of the node that produced the incoming gradient. This may incur unnecessary synchronization and break CUDA graph capture if the AccumulateGrad node's stream is the default stream. This mismatch is caused by an AccumulateGrad node created prior to the current iteration being kept alive. This can happen if the autograd graph is still being kept alive by tensors such as the loss, or if you are using DDP, which will stash a reference to the node. To resolve the mismatch, delete all references to the autograd graph or ensure that DDP initialization is performed under the same stream as subsequent forwards. If the mismatch is intentional, you can use torch.autograd.graph.set_warn_on_accumulate_grad_stream_mismatch(False) to suppress this warning. (Triggered internally at C:\actions-runner\_work\pytorch\pytorch\pytorch\torch\csrc\autograd\input_buffer.cpp:250.)
  return Variable._execution_engine.run_backward(  # Calls into the C++ engine to run the backward pass
[hybrid_bka_first s5] step   100 loss 10.953 ce_ans 5.596 ce_copy 5.470 recall 0.000 28s
[hybrid_bka_first s5] step   200 loss 8.030 ce_ans 4.643 ce_copy 2.502 recall 0.113 57s
[hybrid_bka_first s5] step   300 loss 1.795 ce_ans 0.026 ce_copy 0.183 recall 1.000 86s
[hybrid_bka_first s5] step   400 loss 1.766 ce_ans 0.007 ce_copy 0.224 recall 1.000 114s
[hybrid_bka_first s5] step   500 loss 1.676 ce_ans 0.002 ce_copy 0.166 recall 1.000 143s
[hybrid_bka_first s5] step   600 loss 1.614 ce_ans 0.001 ce_copy 0.150 recall 1.000 172s
[hybrid_bka_first s5] step   700 loss 1.570 ce_ans 0.001 ce_copy 0.094 recall 1.000 201s
[hybrid_bka_first s5] step   800 loss 1.596 ce_ans 0.001 ce_copy 0.123 recall 1.000 229s
[hybrid_bka_first s5] step   900 loss 1.552 ce_ans 0.000 ce_copy 0.104 recall 1.000 258s
[hybrid_bka_first s5] step  1000 loss 1.572 ce_ans 0.000 ce_copy 0.120 recall 1.000 287s
[hybrid_bka_first s5] step  1100 loss 1.538 ce_ans 0.001 ce_copy 0.108 recall 1.000 316s
[hybrid_bka_first s5] step  1200 loss 1.518 ce_ans 0.000 ce_copy 0.095 recall 1.000 344s
[hybrid_bka_first s5] step  1300 loss 1.555 ce_ans 0.000 ce_copy 0.112 recall 1.000 373s
[hybrid_bka_first s5] step  1400 loss 1.474 ce_ans 0.000 ce_copy 0.066 recall 1.000 402s
[hybrid_bka_first s5] step  1500 loss 4.598 ce_ans 0.000 ce_copy 0.436 recall 1.000 431s
[hybrid_bka_first s5] step  1600 loss 3.723 ce_ans 0.000 ce_copy 0.629 recall 1.000 460s
[hybrid_bka_first s5] step  1700 loss 3.910 ce_ans 0.000 ce_copy 0.520 recall 1.000 488s
[hybrid_bka_first s5] step  1800 loss 3.747 ce_ans 0.000 ce_copy 0.426 recall 1.000 517s
[hybrid_bka_first s5] step  1900 loss 3.853 ce_ans 0.000 ce_copy 0.498 recall 1.000 546s
[hybrid_bka_first s5] step  2000 loss 3.755 ce_ans 0.000 ce_copy 0.479 recall 1.000 574s
[hybrid_bka_first s5] step  2100 loss 3.670 ce_ans 0.000 ce_copy 0.450 recall 1.000 603s
[hybrid_bka_first s5] step  2200 loss 3.746 ce_ans 0.000 ce_copy 0.482 recall 1.000 632s
[hybrid_bka_first s5] step  2300 loss 3.638 ce_ans 0.000 ce_copy 0.325 recall 1.000 660s
[hybrid_bka_first s5] step  2400 loss 3.603 ce_ans 0.000 ce_copy 0.387 recall 1.000 689s
[hybrid_bka_first s5] step  2500 loss 3.669 ce_ans 0.000 ce_copy 0.444 recall 1.000 718s
[hybrid_bka_first s5] step  2600 loss 3.648 ce_ans 0.000 ce_copy 0.363 recall 1.000 747s
[hybrid_bka_first s5] step  2700 loss 3.708 ce_ans 0.000 ce_copy 0.382 recall 1.000 775s
[hybrid_bka_first s5] step  2800 loss 3.602 ce_ans 0.000 ce_copy 0.389 recall 1.000 804s
[hybrid_bka_first s5] step  2900 loss 3.822 ce_ans 0.000 ce_copy 0.463 recall 1.000 833s
[hybrid_bka_first s5] step  3000 loss 3.645 ce_ans 0.000 ce_copy 0.311 recall 1.000 861s
[hybrid_bka_first s5] step  3100 loss 3.799 ce_ans 0.000 ce_copy 0.343 recall 1.000 890s
[hybrid_bka_first s5] step  3200 loss 3.630 ce_ans 0.000 ce_copy 0.299 recall 1.000 919s
[hybrid_bka_first s5] step  3300 loss 3.482 ce_ans 0.000 ce_copy 0.231 recall 1.000 948s
[hybrid_bka_first s5] step  3400 loss 3.536 ce_ans 0.000 ce_copy 0.273 recall 1.000 976s
[hybrid_bka_first s5] step  3500 loss 3.756 ce_ans 0.000 ce_copy 0.349 recall 1.000 1005s
[hybrid_bka_first s5] step  3600 loss 3.536 ce_ans 0.000 ce_copy 0.322 recall 1.000 1034s
[hybrid_bka_first s5] step  3700 loss 3.485 ce_ans 0.000 ce_copy 0.256 recall 1.000 1062s
[hybrid_bka_first s5] step  3800 loss 3.499 ce_ans 0.000 ce_copy 0.250 recall 1.000 1091s
[hybrid_bka_first s5] step  3900 loss 3.725 ce_ans 0.000 ce_copy 0.302 recall 1.000 1120s
[hybrid_bka_first s5] step  3999 loss 3.675 ce_ans 0.000 ce_copy 0.302 recall 1.000 1146s
[hybrid_bka_first s5] len   256 recall 1.000 sink 0.094 ratio 4.7 noop 0.129 copy 0.035 gap +0.000
[hybrid_bka_first s5] len  1024 recall 0.963 sink 0.041 ratio 6.5 noop 0.057 copy 0.020 gap +0.030
[hybrid_bka_first s5] len  2048 recall 0.969 sink 0.024 ratio 6.9 noop 0.036 copy 0.013 gap +0.031
[hybrid_bka_first s5] len  4096 recall 0.970 sink 0.014 ratio 7.5 noop 0.020 copy 0.008 gap -0.006
wrote results/runs/main/hybrid_bka_first__p0.5__g0__s5.json
