[hybrid_bka_first s3] step     0 loss 11.135 ce_ans 5.564 ce_copy 5.565 recall 0.000 2s
C:\Users\mohdm\Downloads\ICLR2027 - Copy\sinkprobe-release\sinkprobe\.venv\Lib\site-packages\torch\autograd\graph.py:869: UserWarning: The AccumulateGrad node's stream does not match the stream of the node that produced the incoming gradient. This may incur unnecessary synchronization and break CUDA graph capture if the AccumulateGrad node's stream is the default stream. This mismatch is caused by an AccumulateGrad node created prior to the current iteration being kept alive. This can happen if the autograd graph is still being kept alive by tensors such as the loss, or if you are using DDP, which will stash a reference to the node. To resolve the mismatch, delete all references to the autograd graph or ensure that DDP initialization is performed under the same stream as subsequent forwards. If the mismatch is intentional, you can use torch.autograd.graph.set_warn_on_accumulate_grad_stream_mismatch(False) to suppress this warning. (Triggered internally at C:\actions-runner\_work\pytorch\pytorch\pytorch\torch\csrc\autograd\input_buffer.cpp:250.)
  return Variable._execution_engine.run_backward(  # Calls into the C++ engine to run the backward pass
[hybrid_bka_first s3] step   100 loss 10.903 ce_ans 5.552 ce_copy 5.462 recall 0.000 30s
[hybrid_bka_first s3] step   200 loss 7.312 ce_ans 4.294 ce_copy 1.951 recall 0.238 59s
[hybrid_bka_first s3] step   300 loss 1.768 ce_ans 0.014 ce_copy 0.199 recall 1.000 87s
[hybrid_bka_first s3] step   400 loss 1.690 ce_ans 0.006 ce_copy 0.162 recall 1.000 116s
[hybrid_bka_first s3] step   500 loss 1.648 ce_ans 0.004 ce_copy 0.126 recall 1.000 144s
[hybrid_bka_first s3] step   600 loss 1.586 ce_ans 0.002 ce_copy 0.152 recall 1.000 173s
[hybrid_bka_first s3] step   700 loss 1.579 ce_ans 0.001 ce_copy 0.124 recall 1.000 201s
[hybrid_bka_first s3] step   800 loss 1.593 ce_ans 0.001 ce_copy 0.141 recall 1.000 230s
[hybrid_bka_first s3] step   900 loss 1.619 ce_ans 0.000 ce_copy 0.159 recall 1.000 258s
[hybrid_bka_first s3] step  1000 loss 1.560 ce_ans 0.000 ce_copy 0.131 recall 1.000 287s
[hybrid_bka_first s3] step  1100 loss 1.619 ce_ans 0.000 ce_copy 0.181 recall 1.000 316s
[hybrid_bka_first s3] step  1200 loss 1.545 ce_ans 0.000 ce_copy 0.135 recall 1.000 344s
[hybrid_bka_first s3] step  1300 loss 1.514 ce_ans 0.000 ce_copy 0.128 recall 1.000 372s
[hybrid_bka_first s3] step  1400 loss 1.432 ce_ans 0.000 ce_copy 0.071 recall 1.000 401s
[hybrid_bka_first s3] step  1500 loss 4.036 ce_ans 0.000 ce_copy 0.459 recall 1.000 430s
[hybrid_bka_first s3] step  1600 loss 3.692 ce_ans 0.000 ce_copy 0.516 recall 1.000 458s
[hybrid_bka_first s3] step  1700 loss 3.751 ce_ans 0.000 ce_copy 0.453 recall 1.000 486s
[hybrid_bka_first s3] step  1800 loss 3.625 ce_ans 0.000 ce_copy 0.519 recall 1.000 515s
[hybrid_bka_first s3] step  1900 loss 3.570 ce_ans 0.000 ce_copy 0.358 recall 1.000 543s
[hybrid_bka_first s3] step  2000 loss 3.709 ce_ans 0.000 ce_copy 0.386 recall 1.000 572s
[hybrid_bka_first s3] step  2100 loss 3.542 ce_ans 0.000 ce_copy 0.429 recall 1.000 600s
[hybrid_bka_first s3] step  2200 loss 3.747 ce_ans 0.000 ce_copy 0.307 recall 1.000 629s
[hybrid_bka_first s3] step  2300 loss 3.620 ce_ans 0.000 ce_copy 0.409 recall 1.000 657s
[hybrid_bka_first s3] step  2400 loss 3.739 ce_ans 0.000 ce_copy 0.413 recall 1.000 686s
[hybrid_bka_first s3] step  2500 loss 3.698 ce_ans 0.000 ce_copy 0.364 recall 1.000 714s
[hybrid_bka_first s3] step  2600 loss 3.588 ce_ans 0.000 ce_copy 0.303 recall 1.000 743s
[hybrid_bka_first s3] step  2700 loss 3.618 ce_ans 0.000 ce_copy 0.263 recall 1.000 771s
[hybrid_bka_first s3] step  2800 loss 3.708 ce_ans 0.000 ce_copy 0.293 recall 1.000 800s
[hybrid_bka_first s3] step  2900 loss 3.478 ce_ans 0.000 ce_copy 0.276 recall 1.000 830s
[hybrid_bka_first s3] step  3000 loss 3.671 ce_ans 0.000 ce_copy 0.283 recall 1.000 858s
[hybrid_bka_first s3] step  3100 loss 3.446 ce_ans 0.000 ce_copy 0.224 recall 1.000 886s
[hybrid_bka_first s3] step  3200 loss 3.532 ce_ans 0.000 ce_copy 0.270 recall 1.000 915s
[hybrid_bka_first s3] step  3300 loss 3.586 ce_ans 0.000 ce_copy 0.292 recall 1.000 943s
[hybrid_bka_first s3] step  3400 loss 3.652 ce_ans 0.000 ce_copy 0.256 recall 1.000 972s
[hybrid_bka_first s3] step  3500 loss 3.469 ce_ans 0.000 ce_copy 0.250 recall 1.000 1001s
[hybrid_bka_first s3] step  3600 loss 3.554 ce_ans 0.000 ce_copy 0.226 recall 1.000 1030s
[hybrid_bka_first s3] step  3700 loss 3.513 ce_ans 0.000 ce_copy 0.210 recall 1.000 1058s
[hybrid_bka_first s3] step  3800 loss 3.600 ce_ans 0.000 ce_copy 0.280 recall 1.000 1088s
[hybrid_bka_first s3] step  3900 loss 3.596 ce_ans 0.000 ce_copy 0.258 recall 1.000 1117s
[hybrid_bka_first s3] step  3999 loss 3.610 ce_ans 0.000 ce_copy 0.251 recall 1.000 1146s
[hybrid_bka_first s3] len   256 recall 1.000 sink 0.049 ratio 2.5 noop 0.062 copy 0.030 gap +0.000
[hybrid_bka_first s3] len  1024 recall 1.000 sink 0.023 ratio 3.7 noop 0.029 copy 0.016 gap +0.002
[hybrid_bka_first s3] len  2048 recall 0.999 sink 0.016 ratio 4.5 noop 0.020 copy 0.011 gap +0.006
[hybrid_bka_first s3] len  4096 recall 0.997 sink 0.010 ratio 5.4 noop 0.012 copy 0.008 gap -0.002
wrote results/runs/main/hybrid_bka_first__p0.5__g0__s3.json
