[hybrid_bka s0] step     0 loss 11.156 ce_ans 5.573 ce_copy 5.584 recall 0.004 1s
C:\Users\mohdm\Downloads\ICLR2027 - Copy\sinkprobe-release\sinkprobe\.venv\Lib\site-packages\torch\autograd\graph.py:869: UserWarning: The AccumulateGrad node's stream does not match the stream of the node that produced the incoming gradient. This may incur unnecessary synchronization and break CUDA graph capture if the AccumulateGrad node's stream is the default stream. This mismatch is caused by an AccumulateGrad node created prior to the current iteration being kept alive. This can happen if the autograd graph is still being kept alive by tensors such as the loss, or if you are using DDP, which will stash a reference to the node. To resolve the mismatch, delete all references to the autograd graph or ensure that DDP initialization is performed under the same stream as subsequent forwards. If the mismatch is intentional, you can use torch.autograd.graph.set_warn_on_accumulate_grad_stream_mismatch(False) to suppress this warning. (Triggered internally at C:\actions-runner\_work\pytorch\pytorch\pytorch\torch\csrc\autograd\input_buffer.cpp:250.)
  return Variable._execution_engine.run_backward(  # Calls into the C++ engine to run the backward pass
[hybrid_bka s0] step   100 loss 10.955 ce_ans 5.538 ce_copy 5.575 recall 0.008 24s
[hybrid_bka s0] step   200 loss 10.949 ce_ans 5.554 ce_copy 5.562 recall 0.004 53s
[hybrid_bka s0] step   300 loss 10.950 ce_ans 5.562 ce_copy 5.558 recall 0.004 82s
[hybrid_bka s0] step   400 loss 10.924 ce_ans 5.532 ce_copy 5.569 recall 0.012 110s
[hybrid_bka s0] step   500 loss 10.920 ce_ans 5.532 ce_copy 5.552 recall 0.004 139s
[hybrid_bka s0] step   600 loss 10.936 ce_ans 5.553 ce_copy 5.548 recall 0.004 168s
[hybrid_bka s0] step   700 loss 10.938 ce_ans 5.553 ce_copy 5.548 recall 0.000 196s
[hybrid_bka s0] step   800 loss 10.922 ce_ans 5.539 ce_copy 5.548 recall 0.000 225s
[hybrid_bka s0] step   900 loss 10.936 ce_ans 5.546 ce_copy 5.547 recall 0.008 253s
[hybrid_bka s0] step  1000 loss 10.925 ce_ans 5.543 ce_copy 5.548 recall 0.004 282s
[hybrid_bka s0] step  1100 loss 10.915 ce_ans 5.537 ce_copy 5.551 recall 0.004 311s
[hybrid_bka s0] step  1200 loss 10.920 ce_ans 5.543 ce_copy 5.547 recall 0.000 339s
[hybrid_bka s0] step  1300 loss 10.929 ce_ans 5.551 ce_copy 5.546 recall 0.008 368s
[hybrid_bka s0] step  1400 loss 10.934 ce_ans 5.549 ce_copy 5.554 recall 0.004 396s
[hybrid_bka s0] step  1500 loss 10.922 ce_ans 5.547 ce_copy 5.548 recall 0.004 425s
[hybrid_bka s0] step  1600 loss 10.938 ce_ans 5.553 ce_copy 5.557 recall 0.004 454s
[hybrid_bka s0] step  1700 loss 10.935 ce_ans 5.546 ce_copy 5.566 recall 0.004 482s
[hybrid_bka s0] step  1800 loss 10.921 ce_ans 5.547 ce_copy 5.546 recall 0.004 511s
[hybrid_bka s0] step  1900 loss 10.921 ce_ans 5.544 ce_copy 5.550 recall 0.012 540s
[hybrid_bka s0] step  2000 loss 10.969 ce_ans 5.547 ce_copy 5.576 recall 0.000 568s
[hybrid_bka s0] step  2100 loss 10.935 ce_ans 5.546 ce_copy 5.546 recall 0.000 597s
[hybrid_bka s0] step  2200 loss 10.917 ce_ans 5.545 ce_copy 5.546 recall 0.012 625s
[hybrid_bka s0] step  2300 loss 10.934 ce_ans 5.547 ce_copy 5.562 recall 0.008 654s
[hybrid_bka s0] step  2400 loss 10.917 ce_ans 5.544 ce_copy 5.548 recall 0.008 683s
[hybrid_bka s0] step  2500 loss 10.943 ce_ans 5.544 ce_copy 5.562 recall 0.008 711s
[hybrid_bka s0] step  2600 loss 10.919 ce_ans 5.546 ce_copy 5.547 recall 0.000 740s
[hybrid_bka s0] step  2700 loss 10.928 ce_ans 5.547 ce_copy 5.548 recall 0.000 768s
[hybrid_bka s0] step  2800 loss 10.920 ce_ans 5.548 ce_copy 5.548 recall 0.004 797s
[hybrid_bka s0] step  2900 loss 10.919 ce_ans 5.544 ce_copy 5.548 recall 0.012 826s
[hybrid_bka s0] step  3000 loss 10.918 ce_ans 5.547 ce_copy 5.547 recall 0.004 854s
[hybrid_bka s0] step  3100 loss 10.924 ce_ans 5.547 ce_copy 5.546 recall 0.000 883s
[hybrid_bka s0] step  3200 loss 10.920 ce_ans 5.547 ce_copy 5.549 recall 0.008 912s
[hybrid_bka s0] step  3300 loss 10.932 ce_ans 5.547 ce_copy 5.547 recall 0.000 940s
[hybrid_bka s0] step  3400 loss 10.926 ce_ans 5.545 ce_copy 5.555 recall 0.000 969s
[hybrid_bka s0] step  3500 loss 10.918 ce_ans 5.545 ce_copy 5.546 recall 0.004 997s
[hybrid_bka s0] step  3600 loss 10.919 ce_ans 5.549 ce_copy 5.546 recall 0.004 1026s
[hybrid_bka s0] step  3700 loss 10.917 ce_ans 5.547 ce_copy 5.547 recall 0.004 1055s
[hybrid_bka s0] step  3800 loss 10.923 ce_ans 5.548 ce_copy 5.547 recall 0.004 1083s
[hybrid_bka s0] step  3900 loss 10.916 ce_ans 5.545 ce_copy 5.546 recall 0.004 1112s
[hybrid_bka s0] step  3999 loss 10.926 ce_ans 5.546 ce_copy 5.545 recall 0.016 1133s
[hybrid_bka s0] len   256 recall 0.004 sink 0.043 ratio 2.1 noop 0.055 copy 0.027 gap -0.003
[hybrid_bka s0] len  1024 recall 0.003 sink 0.012 ratio 1.9 noop 0.014 copy 0.010 gap -0.002
[hybrid_bka s0] len  2048 recall 0.005 sink 0.006 ratio 1.8 noop 0.008 copy 0.005 gap +0.000
[hybrid_bka s0] len  4096 recall 0.006 sink 0.004 ratio 1.9 noop 0.004 copy 0.003 gap -0.004
wrote results/runs/main/hybrid_bka__p0.5__g0__s0__w0.json
