[hybrid_nope_first s0] step     0 loss 11.164 ce_ans 5.589 ce_copy 5.569 recall 0.000 2s
C:\Users\mohdm\Downloads\ICLR2027 - Copy\sinkprobe-release\sinkprobe\.venv\Lib\site-packages\torch\autograd\graph.py:869: UserWarning: The AccumulateGrad node's stream does not match the stream of the node that produced the incoming gradient. This may incur unnecessary synchronization and break CUDA graph capture if the AccumulateGrad node's stream is the default stream. This mismatch is caused by an AccumulateGrad node created prior to the current iteration being kept alive. This can happen if the autograd graph is still being kept alive by tensors such as the loss, or if you are using DDP, which will stash a reference to the node. To resolve the mismatch, delete all references to the autograd graph or ensure that DDP initialization is performed under the same stream as subsequent forwards. If the mismatch is intentional, you can use torch.autograd.graph.set_warn_on_accumulate_grad_stream_mismatch(False) to suppress this warning. (Triggered internally at C:\actions-runner\_work\pytorch\pytorch\pytorch\torch\csrc\autograd\input_buffer.cpp:250.)
  return Variable._execution_engine.run_backward(  # Calls into the C++ engine to run the backward pass
[hybrid_nope_first s0] step   100 loss 10.979 ce_ans 5.577 ce_copy 5.537 recall 0.008 30s
[hybrid_nope_first s0] step   200 loss 10.819 ce_ans 5.560 ce_copy 5.341 recall 0.000 58s
[hybrid_nope_first s0] step   300 loss 10.747 ce_ans 5.557 ce_copy 5.247 recall 0.008 87s
[hybrid_nope_first s0] step   400 loss 9.912 ce_ans 5.553 ce_copy 3.932 recall 0.004 116s
[hybrid_nope_first s0] step   500 loss 8.245 ce_ans 5.531 ce_copy 1.425 recall 0.000 144s
[hybrid_nope_first s0] step   600 loss 7.663 ce_ans 5.489 ce_copy 0.700 recall 0.008 172s
[hybrid_nope_first s0] step   700 loss 7.368 ce_ans 5.376 ce_copy 0.443 recall 0.023 201s
[hybrid_nope_first s0] step   800 loss 7.197 ce_ans 5.195 ce_copy 0.513 recall 0.039 229s
[hybrid_nope_first s0] step   900 loss 5.455 ce_ans 3.512 ce_copy 0.478 recall 0.266 257s
[hybrid_nope_first s0] step  1000 loss 3.625 ce_ans 1.883 ce_copy 0.260 recall 0.602 286s
[hybrid_nope_first s0] step  1100 loss 3.242 ce_ans 1.605 ce_copy 0.227 recall 0.676 314s
[hybrid_nope_first s0] step  1200 loss 2.829 ce_ans 1.203 ce_copy 0.233 recall 0.691 342s
[hybrid_nope_first s0] step  1300 loss 2.421 ce_ans 0.829 ce_copy 0.200 recall 0.797 371s
[hybrid_nope_first s0] step  1400 loss 2.356 ce_ans 0.821 ce_copy 0.167 recall 0.844 399s
[hybrid_nope_first s0] step  1500 loss 10.938 ce_ans 5.594 ce_copy 3.921 recall 0.172 427s
[hybrid_nope_first s0] step  1600 loss 7.383 ce_ans 3.114 ce_copy 2.075 recall 0.434 456s
[hybrid_nope_first s0] step  1700 loss 7.115 ce_ans 2.841 ce_copy 2.026 recall 0.441 484s
[hybrid_nope_first s0] step  1800 loss 7.030 ce_ans 2.838 ce_copy 2.042 recall 0.449 513s
[hybrid_nope_first s0] step  1900 loss 6.666 ce_ans 2.514 ce_copy 1.937 recall 0.500 541s
[hybrid_nope_first s0] step  2000 loss 6.769 ce_ans 2.425 ce_copy 2.094 recall 0.504 570s
[hybrid_nope_first s0] step  2100 loss 6.477 ce_ans 2.316 ce_copy 1.611 recall 0.500 598s
[hybrid_nope_first s0] step  2200 loss 6.422 ce_ans 2.160 ce_copy 1.965 recall 0.539 627s
[hybrid_nope_first s0] step  2300 loss 6.065 ce_ans 1.916 ce_copy 1.827 recall 0.633 655s
[hybrid_nope_first s0] step  2400 loss 5.839 ce_ans 1.851 ce_copy 1.587 recall 0.602 684s
[hybrid_nope_first s0] step  2500 loss 5.821 ce_ans 1.840 ce_copy 1.468 recall 0.590 712s
[hybrid_nope_first s0] step  2600 loss 6.031 ce_ans 1.806 ce_copy 1.950 recall 0.590 741s
[hybrid_nope_first s0] step  2700 loss 6.117 ce_ans 1.888 ce_copy 1.800 recall 0.578 769s
[hybrid_nope_first s0] step  2800 loss 5.344 ce_ans 1.442 ce_copy 1.577 recall 0.676 798s
[hybrid_nope_first s0] step  2900 loss 5.595 ce_ans 1.564 ce_copy 1.465 recall 0.641 826s
[hybrid_nope_first s0] step  3000 loss 5.109 ce_ans 1.281 ce_copy 1.341 recall 0.707 855s
[hybrid_nope_first s0] step  3100 loss 5.519 ce_ans 1.535 ce_copy 1.308 recall 0.637 883s
[hybrid_nope_first s0] step  3200 loss 5.086 ce_ans 1.210 ce_copy 1.185 recall 0.727 911s
[hybrid_nope_first s0] step  3300 loss 5.312 ce_ans 1.254 ce_copy 1.439 recall 0.688 940s
[hybrid_nope_first s0] step  3400 loss 5.144 ce_ans 1.211 ce_copy 1.220 recall 0.715 968s
[hybrid_nope_first s0] step  3500 loss 5.506 ce_ans 1.472 ce_copy 1.496 recall 0.680 996s
[hybrid_nope_first s0] step  3600 loss 5.036 ce_ans 1.038 ce_copy 1.533 recall 0.766 1025s
[hybrid_nope_first s0] step  3700 loss 5.396 ce_ans 1.285 ce_copy 1.452 recall 0.703 1053s
[hybrid_nope_first s0] step  3800 loss 4.996 ce_ans 1.154 ce_copy 1.286 recall 0.719 1082s
[hybrid_nope_first s0] step  3900 loss 5.255 ce_ans 1.249 ce_copy 1.410 recall 0.719 1110s
[hybrid_nope_first s0] step  3999 loss 5.246 ce_ans 1.206 ce_copy 1.286 recall 0.738 1139s
[hybrid_nope_first s0] len   256 recall 0.740 sink 0.080 ratio 4.0 noop 0.108 copy 0.037 gap +0.113
[hybrid_nope_first s0] len  1024 recall 0.238 sink 0.039 ratio 6.1 noop 0.050 copy 0.024 gap +0.329
[hybrid_nope_first s0] len  2048 recall 0.216 sink 0.028 ratio 8.1 noop 0.039 copy 0.017 gap +0.501
[hybrid_nope_first s0] len  4096 recall 0.292 sink 0.020 ratio 10.6 noop 0.024 copy 0.015 gap +0.717
wrote results/runs/main/hybrid_nope_first__p0.5__g0__s0.json
