[hybrid_bka s2] step     0 loss 11.144 ce_ans 5.565 ce_copy 5.580 recall 0.000 1s
C:\Users\mohdm\Downloads\ICLR2027 - Copy\sinkprobe-release\sinkprobe\.venv\Lib\site-packages\torch\autograd\graph.py:869: UserWarning: The AccumulateGrad node's stream does not match the stream of the node that produced the incoming gradient. This may incur unnecessary synchronization and break CUDA graph capture if the AccumulateGrad node's stream is the default stream. This mismatch is caused by an AccumulateGrad node created prior to the current iteration being kept alive. This can happen if the autograd graph is still being kept alive by tensors such as the loss, or if you are using DDP, which will stash a reference to the node. To resolve the mismatch, delete all references to the autograd graph or ensure that DDP initialization is performed under the same stream as subsequent forwards. If the mismatch is intentional, you can use torch.autograd.graph.set_warn_on_accumulate_grad_stream_mismatch(False) to suppress this warning. (Triggered internally at C:\actions-runner\_work\pytorch\pytorch\pytorch\torch\csrc\autograd\input_buffer.cpp:250.)
  return Variable._execution_engine.run_backward(  # Calls into the C++ engine to run the backward pass
[hybrid_bka s2] step   100 loss 11.006 ce_ans 5.569 ce_copy 5.581 recall 0.004 30s
[hybrid_bka s2] step   200 loss 10.946 ce_ans 5.546 ce_copy 5.557 recall 0.004 58s
[hybrid_bka s2] step   300 loss 10.937 ce_ans 5.553 ce_copy 5.543 recall 0.008 87s
[hybrid_bka s2] step   400 loss 10.938 ce_ans 5.555 ce_copy 5.556 recall 0.004 115s
[hybrid_bka s2] step   500 loss 10.930 ce_ans 5.551 ce_copy 5.544 recall 0.000 144s
[hybrid_bka s2] step   600 loss 10.932 ce_ans 5.553 ce_copy 5.552 recall 0.000 172s
[hybrid_bka s2] step   700 loss 10.932 ce_ans 5.551 ce_copy 5.549 recall 0.000 201s
[hybrid_bka s2] step   800 loss 10.946 ce_ans 5.549 ce_copy 5.570 recall 0.000 229s
[hybrid_bka s2] step   900 loss 10.927 ce_ans 5.547 ce_copy 5.555 recall 0.004 258s
[hybrid_bka s2] step  1000 loss 10.917 ce_ans 5.540 ce_copy 5.551 recall 0.004 286s
[hybrid_bka s2] step  1100 loss 10.929 ce_ans 5.558 ce_copy 5.522 recall 0.004 314s
[hybrid_bka s2] step  1200 loss 10.893 ce_ans 5.545 ce_copy 5.501 recall 0.004 343s
[hybrid_bka s2] step  1300 loss 10.870 ce_ans 5.540 ce_copy 5.470 recall 0.000 371s
[hybrid_bka s2] step  1400 loss 10.852 ce_ans 5.550 ce_copy 5.416 recall 0.004 400s
[hybrid_bka s2] step  1500 loss 10.986 ce_ans 5.549 ce_copy 5.517 recall 0.004 428s
[hybrid_bka s2] step  1600 loss 10.911 ce_ans 5.545 ce_copy 5.516 recall 0.000 456s
[hybrid_bka s2] step  1700 loss 10.912 ce_ans 5.544 ce_copy 5.503 recall 0.004 485s
[hybrid_bka s2] step  1800 loss 10.896 ce_ans 5.550 ce_copy 5.436 recall 0.004 513s
[hybrid_bka s2] step  1900 loss 10.857 ce_ans 5.546 ce_copy 5.295 recall 0.000 542s
[hybrid_bka s2] step  2000 loss 10.788 ce_ans 5.545 ce_copy 5.075 recall 0.004 571s
[hybrid_bka s2] step  2100 loss 10.645 ce_ans 5.553 ce_copy 4.565 recall 0.000 599s
[hybrid_bka s2] step  2200 loss 10.495 ce_ans 5.530 ce_copy 4.314 recall 0.012 628s
[hybrid_bka s2] step  2300 loss 10.346 ce_ans 5.523 ce_copy 3.865 recall 0.008 656s
[hybrid_bka s2] step  2400 loss 10.307 ce_ans 5.479 ce_copy 3.475 recall 0.004 684s
[hybrid_bka s2] step  2500 loss 10.024 ce_ans 5.456 ce_copy 3.161 recall 0.016 713s
[hybrid_bka s2] step  2600 loss 9.892 ce_ans 5.379 ce_copy 2.968 recall 0.031 741s
[hybrid_bka s2] step  2700 loss 9.548 ce_ans 5.002 ce_copy 2.835 recall 0.062 770s
[hybrid_bka s2] step  2800 loss 9.465 ce_ans 5.012 ce_copy 2.712 recall 0.047 798s
[hybrid_bka s2] step  2900 loss 8.132 ce_ans 3.720 ce_copy 2.378 recall 0.203 827s
[hybrid_bka s2] step  3000 loss 6.285 ce_ans 2.088 ce_copy 2.064 recall 0.449 855s
[hybrid_bka s2] step  3100 loss 5.483 ce_ans 1.258 ce_copy 1.758 recall 0.730 883s
[hybrid_bka s2] step  3200 loss 4.961 ce_ans 0.797 ce_copy 1.472 recall 0.938 912s
[hybrid_bka s2] step  3300 loss 4.728 ce_ans 0.566 ce_copy 1.337 recall 0.980 940s
[hybrid_bka s2] step  3400 loss 4.164 ce_ans 0.382 ce_copy 0.883 recall 0.980 969s
[hybrid_bka s2] step  3500 loss 4.042 ce_ans 0.218 ce_copy 0.824 recall 0.988 997s
[hybrid_bka s2] step  3600 loss 3.913 ce_ans 0.138 ce_copy 0.781 recall 0.996 1025s
[hybrid_bka s2] step  3700 loss 3.889 ce_ans 0.114 ce_copy 0.643 recall 0.988 1054s
[hybrid_bka s2] step  3800 loss 4.195 ce_ans 0.075 ce_copy 0.747 recall 1.000 1082s
[hybrid_bka s2] step  3900 loss 3.943 ce_ans 0.048 ce_copy 0.594 recall 1.000 1111s
[hybrid_bka s2] step  3999 loss 3.825 ce_ans 0.048 ce_copy 0.538 recall 0.992 1139s
[hybrid_bka s2] len   256 recall 0.999 sink 0.122 ratio 6.1 noop 0.158 copy 0.072 gap -0.000
[hybrid_bka s2] len  1024 recall 0.871 sink 0.032 ratio 5.0 noop 0.040 copy 0.021 gap +0.027
[hybrid_bka s2] len  2048 recall 0.870 sink 0.016 ratio 4.7 noop 0.023 copy 0.009 gap +0.026
[hybrid_bka s2] len  4096 recall 0.870 sink 0.009 ratio 4.6 noop 0.011 copy 0.006 gap -0.008
wrote results/runs/main/hybrid_bka__p0.5__g0__s2.json
