[hybrid_bka_first s2] step     0 loss 11.153 ce_ans 5.565 ce_copy 5.589 recall 0.000 2s
C:\Users\mohdm\Downloads\ICLR2027 - Copy\sinkprobe-release\sinkprobe\.venv\Lib\site-packages\torch\autograd\graph.py:869: UserWarning: The AccumulateGrad node's stream does not match the stream of the node that produced the incoming gradient. This may incur unnecessary synchronization and break CUDA graph capture if the AccumulateGrad node's stream is the default stream. This mismatch is caused by an AccumulateGrad node created prior to the current iteration being kept alive. This can happen if the autograd graph is still being kept alive by tensors such as the loss, or if you are using DDP, which will stash a reference to the node. To resolve the mismatch, delete all references to the autograd graph or ensure that DDP initialization is performed under the same stream as subsequent forwards. If the mismatch is intentional, you can use torch.autograd.graph.set_warn_on_accumulate_grad_stream_mismatch(False) to suppress this warning. (Triggered internally at C:\actions-runner\_work\pytorch\pytorch\pytorch\torch\csrc\autograd\input_buffer.cpp:250.)
  return Variable._execution_engine.run_backward(  # Calls into the C++ engine to run the backward pass
[hybrid_bka_first s2] step   100 loss 10.933 ce_ans 5.570 ce_copy 5.490 recall 0.004 31s
[hybrid_bka_first s2] step   200 loss 7.749 ce_ans 4.638 ce_copy 2.077 recall 0.133 59s
[hybrid_bka_first s2] step   300 loss 1.742 ce_ans 0.040 ce_copy 0.131 recall 0.996 88s
[hybrid_bka_first s2] step   400 loss 1.732 ce_ans 0.006 ce_copy 0.200 recall 1.000 117s
[hybrid_bka_first s2] step   500 loss 1.678 ce_ans 0.002 ce_copy 0.156 recall 1.000 145s
[hybrid_bka_first s2] step   600 loss 1.691 ce_ans 0.002 ce_copy 0.206 recall 1.000 174s
[hybrid_bka_first s2] step   700 loss 1.615 ce_ans 0.001 ce_copy 0.141 recall 1.000 202s
[hybrid_bka_first s2] step   800 loss 1.605 ce_ans 0.001 ce_copy 0.154 recall 1.000 231s
[hybrid_bka_first s2] step   900 loss 1.581 ce_ans 0.001 ce_copy 0.139 recall 1.000 260s
[hybrid_bka_first s2] step  1000 loss 1.537 ce_ans 0.000 ce_copy 0.106 recall 1.000 288s
[hybrid_bka_first s2] step  1100 loss 1.526 ce_ans 0.000 ce_copy 0.096 recall 1.000 317s
[hybrid_bka_first s2] step  1200 loss 1.540 ce_ans 0.000 ce_copy 0.102 recall 1.000 346s
[hybrid_bka_first s2] step  1300 loss 1.490 ce_ans 0.000 ce_copy 0.111 recall 1.000 374s
[hybrid_bka_first s2] step  1400 loss 1.445 ce_ans 0.000 ce_copy 0.092 recall 1.000 403s
[hybrid_bka_first s2] step  1500 loss 4.638 ce_ans 0.001 ce_copy 0.516 recall 1.000 432s
[hybrid_bka_first s2] step  1600 loss 3.704 ce_ans 0.000 ce_copy 0.558 recall 1.000 460s
[hybrid_bka_first s2] step  1700 loss 3.732 ce_ans 0.000 ce_copy 0.445 recall 1.000 489s
[hybrid_bka_first s2] step  1800 loss 3.556 ce_ans 0.000 ce_copy 0.457 recall 1.000 518s
[hybrid_bka_first s2] step  1900 loss 3.648 ce_ans 0.000 ce_copy 0.406 recall 1.000 546s
[hybrid_bka_first s2] step  2000 loss 3.615 ce_ans 0.000 ce_copy 0.428 recall 1.000 575s
[hybrid_bka_first s2] step  2100 loss 3.694 ce_ans 0.000 ce_copy 0.469 recall 1.000 603s
[hybrid_bka_first s2] step  2200 loss 3.543 ce_ans 0.000 ce_copy 0.341 recall 1.000 632s
[hybrid_bka_first s2] step  2300 loss 3.489 ce_ans 0.000 ce_copy 0.313 recall 1.000 661s
[hybrid_bka_first s2] step  2400 loss 3.919 ce_ans 0.000 ce_copy 0.458 recall 1.000 689s
[hybrid_bka_first s2] step  2500 loss 3.483 ce_ans 0.000 ce_copy 0.359 recall 1.000 718s
[hybrid_bka_first s2] step  2600 loss 3.522 ce_ans 0.000 ce_copy 0.336 recall 1.000 747s
[hybrid_bka_first s2] step  2700 loss 3.686 ce_ans 0.000 ce_copy 0.378 recall 1.000 775s
[hybrid_bka_first s2] step  2800 loss 3.555 ce_ans 0.000 ce_copy 0.289 recall 1.000 804s
[hybrid_bka_first s2] step  2900 loss 3.666 ce_ans 0.000 ce_copy 0.343 recall 1.000 834s
[hybrid_bka_first s2] step  3000 loss 3.457 ce_ans 0.000 ce_copy 0.292 recall 1.000 862s
[hybrid_bka_first s2] step  3100 loss 3.696 ce_ans 0.000 ce_copy 0.310 recall 1.000 891s
[hybrid_bka_first s2] step  3200 loss 3.721 ce_ans 0.000 ce_copy 0.347 recall 1.000 920s
[hybrid_bka_first s2] step  3300 loss 3.786 ce_ans 0.000 ce_copy 0.341 recall 1.000 948s
[hybrid_bka_first s2] step  3400 loss 3.441 ce_ans 0.000 ce_copy 0.218 recall 1.000 977s
[hybrid_bka_first s2] step  3500 loss 3.581 ce_ans 0.000 ce_copy 0.308 recall 1.000 1007s
[hybrid_bka_first s2] step  3600 loss 3.515 ce_ans 0.000 ce_copy 0.264 recall 1.000 1035s
[hybrid_bka_first s2] step  3700 loss 3.582 ce_ans 0.000 ce_copy 0.310 recall 1.000 1065s
[hybrid_bka_first s2] step  3800 loss 3.942 ce_ans 0.000 ce_copy 0.383 recall 1.000 1094s
[hybrid_bka_first s2] step  3900 loss 3.756 ce_ans 0.000 ce_copy 0.331 recall 1.000 1123s
[hybrid_bka_first s2] step  3999 loss 3.617 ce_ans 0.000 ce_copy 0.240 recall 1.000 1151s
[hybrid_bka_first s2] len   256 recall 1.000 sink 0.115 ratio 5.7 noop 0.154 copy 0.053 gap +0.000
[hybrid_bka_first s2] len  1024 recall 1.000 sink 0.059 ratio 9.2 noop 0.078 copy 0.031 gap +0.000
[hybrid_bka_first s2] len  2048 recall 1.000 sink 0.035 ratio 9.9 noop 0.051 copy 0.017 gap +0.000
[hybrid_bka_first s2] len  4096 recall 1.000 sink 0.021 ratio 10.7 noop 0.027 copy 0.012 gap +0.000
wrote results/runs/main/hybrid_bka_first__p0.5__g0__s2.json
