[hybrid_bka s4] step     0 loss 11.200 ce_ans 5.607 ce_copy 5.597 recall 0.000 1s
C:\Users\mohdm\Downloads\ICLR2027 - Copy\sinkprobe-release\sinkprobe\.venv\Lib\site-packages\torch\autograd\graph.py:869: UserWarning: The AccumulateGrad node's stream does not match the stream of the node that produced the incoming gradient. This may incur unnecessary synchronization and break CUDA graph capture if the AccumulateGrad node's stream is the default stream. This mismatch is caused by an AccumulateGrad node created prior to the current iteration being kept alive. This can happen if the autograd graph is still being kept alive by tensors such as the loss, or if you are using DDP, which will stash a reference to the node. To resolve the mismatch, delete all references to the autograd graph or ensure that DDP initialization is performed under the same stream as subsequent forwards. If the mismatch is intentional, you can use torch.autograd.graph.set_warn_on_accumulate_grad_stream_mismatch(False) to suppress this warning. (Triggered internally at C:\actions-runner\_work\pytorch\pytorch\pytorch\torch\csrc\autograd\input_buffer.cpp:250.)
  return Variable._execution_engine.run_backward(  # Calls into the C++ engine to run the backward pass
[hybrid_bka s4] step   100 loss 10.987 ce_ans 5.564 ce_copy 5.561 recall 0.000 30s
[hybrid_bka s4] step   200 loss 10.952 ce_ans 5.555 ce_copy 5.552 recall 0.008 58s
[hybrid_bka s4] step   300 loss 10.945 ce_ans 5.553 ce_copy 5.552 recall 0.004 87s
[hybrid_bka s4] step   400 loss 10.935 ce_ans 5.559 ce_copy 5.528 recall 0.004 115s
[hybrid_bka s4] step   500 loss 10.843 ce_ans 5.552 ce_copy 5.394 recall 0.000 144s
[hybrid_bka s4] step   600 loss 10.261 ce_ans 5.545 ce_copy 4.461 recall 0.004 172s
[hybrid_bka s4] step   700 loss 9.628 ce_ans 5.555 ce_copy 3.551 recall 0.004 201s
[hybrid_bka s4] step   800 loss 8.753 ce_ans 5.496 ce_copy 2.344 recall 0.008 229s
[hybrid_bka s4] step   900 loss 7.126 ce_ans 4.387 ce_copy 1.501 recall 0.164 258s
[hybrid_bka s4] step  1000 loss 4.225 ce_ans 1.744 ce_copy 1.147 recall 0.598 286s
[hybrid_bka s4] step  1100 loss 2.266 ce_ans 0.334 ce_copy 0.397 recall 0.953 315s
[hybrid_bka s4] step  1200 loss 1.916 ce_ans 0.110 ce_copy 0.217 recall 0.984 343s
[hybrid_bka s4] step  1300 loss 1.810 ce_ans 0.116 ce_copy 0.131 recall 0.977 372s
[hybrid_bka s4] step  1400 loss 1.799 ce_ans 0.024 ce_copy 0.197 recall 1.000 400s
[hybrid_bka s4] step  1500 loss 4.474 ce_ans 0.027 ce_copy 0.258 recall 0.996 428s
[hybrid_bka s4] step  1600 loss 3.905 ce_ans 0.026 ce_copy 0.478 recall 0.992 457s
[hybrid_bka s4] step  1700 loss 3.881 ce_ans 0.040 ce_copy 0.353 recall 0.992 485s
[hybrid_bka s4] step  1800 loss 3.888 ce_ans 0.014 ce_copy 0.374 recall 0.996 514s
[hybrid_bka s4] step  1900 loss 3.503 ce_ans 0.009 ce_copy 0.302 recall 0.996 542s
[hybrid_bka s4] step  2000 loss 3.629 ce_ans 0.017 ce_copy 0.258 recall 0.996 571s
[hybrid_bka s4] step  2100 loss 3.757 ce_ans 0.001 ce_copy 0.269 recall 1.000 599s
[hybrid_bka s4] step  2200 loss 3.609 ce_ans 0.001 ce_copy 0.262 recall 1.000 628s
[hybrid_bka s4] step  2300 loss 3.592 ce_ans 0.001 ce_copy 0.217 recall 1.000 656s
[hybrid_bka s4] step  2400 loss 3.698 ce_ans 0.001 ce_copy 0.259 recall 1.000 685s
[hybrid_bka s4] step  2500 loss 3.646 ce_ans 0.000 ce_copy 0.219 recall 1.000 714s
[hybrid_bka s4] step  2600 loss 3.497 ce_ans 0.000 ce_copy 0.179 recall 1.000 742s
[hybrid_bka s4] step  2700 loss 3.708 ce_ans 0.000 ce_copy 0.207 recall 1.000 771s
[hybrid_bka s4] step  2800 loss 3.755 ce_ans 0.000 ce_copy 0.206 recall 1.000 800s
[hybrid_bka s4] step  2900 loss 3.388 ce_ans 0.001 ce_copy 0.146 recall 1.000 828s
[hybrid_bka s4] step  3000 loss 3.843 ce_ans 0.000 ce_copy 0.210 recall 1.000 857s
[hybrid_bka s4] step  3100 loss 3.621 ce_ans 0.000 ce_copy 0.219 recall 1.000 885s
[hybrid_bka s4] step  3200 loss 3.616 ce_ans 0.000 ce_copy 0.198 recall 1.000 914s
[hybrid_bka s4] step  3300 loss 3.495 ce_ans 0.000 ce_copy 0.181 recall 1.000 942s
[hybrid_bka s4] step  3400 loss 3.587 ce_ans 0.018 ce_copy 0.167 recall 0.996 970s
[hybrid_bka s4] step  3500 loss 3.629 ce_ans 0.000 ce_copy 0.166 recall 1.000 1045s
[hybrid_bka s4] step  3600 loss 3.593 ce_ans 0.000 ce_copy 0.185 recall 1.000 1073s
[hybrid_bka s4] step  3700 loss 3.693 ce_ans 0.000 ce_copy 0.176 recall 1.000 1102s
[hybrid_bka s4] step  3800 loss 3.540 ce_ans 0.000 ce_copy 0.184 recall 1.000 1130s
[hybrid_bka s4] step  3900 loss 3.713 ce_ans 0.000 ce_copy 0.150 recall 1.000 1159s
[hybrid_bka s4] step  3999 loss 3.505 ce_ans 0.000 ce_copy 0.159 recall 1.000 1187s
[hybrid_bka s4] len   256 recall 1.000 sink 0.068 ratio 3.4 noop 0.107 copy 0.001 gap +0.000
[hybrid_bka s4] len  1024 recall 0.875 sink 0.016 ratio 2.5 noop 0.028 copy 0.000 gap +0.014
[hybrid_bka s4] len  2048 recall 0.875 sink 0.007 ratio 2.1 noop 0.014 copy 0.000 gap +0.030
[hybrid_bka s4] len  4096 recall 0.875 sink 0.004 ratio 2.0 noop 0.006 copy 0.000 gap +0.020
wrote results/runs/main/hybrid_bka__p0.5__g0__s4.json
