[hybrid_bka_first s4] step     0 loss 11.150 ce_ans 5.568 ce_copy 5.584 recall 0.000 1s
C:\Users\mohdm\Downloads\ICLR2027 - Copy\sinkprobe-release\sinkprobe\.venv\Lib\site-packages\torch\autograd\graph.py:869: UserWarning: The AccumulateGrad node's stream does not match the stream of the node that produced the incoming gradient. This may incur unnecessary synchronization and break CUDA graph capture if the AccumulateGrad node's stream is the default stream. This mismatch is caused by an AccumulateGrad node created prior to the current iteration being kept alive. This can happen if the autograd graph is still being kept alive by tensors such as the loss, or if you are using DDP, which will stash a reference to the node. To resolve the mismatch, delete all references to the autograd graph or ensure that DDP initialization is performed under the same stream as subsequent forwards. If the mismatch is intentional, you can use torch.autograd.graph.set_warn_on_accumulate_grad_stream_mismatch(False) to suppress this warning. (Triggered internally at C:\actions-runner\_work\pytorch\pytorch\pytorch\torch\csrc\autograd\input_buffer.cpp:250.)
  return Variable._execution_engine.run_backward(  # Calls into the C++ engine to run the backward pass
[hybrid_bka_first s4] step   100 loss 10.912 ce_ans 5.545 ce_copy 5.498 recall 0.000 30s
[hybrid_bka_first s4] step   200 loss 8.923 ce_ans 5.153 ce_copy 3.083 recall 0.043 58s
[hybrid_bka_first s4] step   300 loss 1.873 ce_ans 0.069 ce_copy 0.246 recall 0.996 87s
[hybrid_bka_first s4] step   400 loss 1.789 ce_ans 0.007 ce_copy 0.253 recall 1.000 116s
[hybrid_bka_first s4] step   500 loss 1.662 ce_ans 0.003 ce_copy 0.140 recall 1.000 145s
[hybrid_bka_first s4] step   600 loss 1.654 ce_ans 0.001 ce_copy 0.145 recall 1.000 173s
[hybrid_bka_first s4] step   700 loss 1.672 ce_ans 0.001 ce_copy 0.171 recall 1.000 202s
[hybrid_bka_first s4] step   800 loss 1.613 ce_ans 0.001 ce_copy 0.147 recall 1.000 231s
[hybrid_bka_first s4] step   900 loss 1.567 ce_ans 0.003 ce_copy 0.118 recall 1.000 259s
[hybrid_bka_first s4] step  1000 loss 1.585 ce_ans 0.000 ce_copy 0.139 recall 1.000 288s
[hybrid_bka_first s4] step  1100 loss 1.525 ce_ans 0.001 ce_copy 0.121 recall 1.000 316s
[hybrid_bka_first s4] step  1200 loss 1.567 ce_ans 0.000 ce_copy 0.152 recall 1.000 345s
[hybrid_bka_first s4] step  1300 loss 1.545 ce_ans 0.000 ce_copy 0.102 recall 1.000 374s
[hybrid_bka_first s4] step  1400 loss 1.587 ce_ans 0.000 ce_copy 0.138 recall 1.000 402s
[hybrid_bka_first s4] step  1500 loss 4.419 ce_ans 0.000 ce_copy 0.422 recall 1.000 431s
[hybrid_bka_first s4] step  1600 loss 3.882 ce_ans 0.000 ce_copy 0.570 recall 1.000 460s
[hybrid_bka_first s4] step  1700 loss 3.871 ce_ans 0.000 ce_copy 0.516 recall 1.000 488s
[hybrid_bka_first s4] step  1800 loss 3.915 ce_ans 0.000 ce_copy 0.496 recall 1.000 517s
[hybrid_bka_first s4] step  1900 loss 3.566 ce_ans 0.000 ce_copy 0.524 recall 1.000 545s
[hybrid_bka_first s4] step  2000 loss 3.645 ce_ans 0.000 ce_copy 0.451 recall 1.000 574s
[hybrid_bka_first s4] step  2100 loss 3.809 ce_ans 0.000 ce_copy 0.437 recall 1.000 602s
[hybrid_bka_first s4] step  2200 loss 3.672 ce_ans 0.000 ce_copy 0.448 recall 1.000 631s
[hybrid_bka_first s4] step  2300 loss 3.627 ce_ans 0.000 ce_copy 0.358 recall 1.000 660s
[hybrid_bka_first s4] step  2400 loss 3.770 ce_ans 0.000 ce_copy 0.409 recall 1.000 688s
[hybrid_bka_first s4] step  2500 loss 3.688 ce_ans 0.000 ce_copy 0.411 recall 1.000 718s
[hybrid_bka_first s4] step  2600 loss 3.554 ce_ans 0.000 ce_copy 0.300 recall 1.000 747s
[hybrid_bka_first s4] step  2700 loss 3.769 ce_ans 0.000 ce_copy 0.378 recall 1.000 776s
[hybrid_bka_first s4] step  2800 loss 3.815 ce_ans 0.000 ce_copy 0.352 recall 1.000 804s
[hybrid_bka_first s4] step  2900 loss 3.426 ce_ans 0.000 ce_copy 0.221 recall 1.000 833s
[hybrid_bka_first s4] step  3000 loss 3.885 ce_ans 0.000 ce_copy 0.357 recall 1.000 861s
[hybrid_bka_first s4] step  3100 loss 3.669 ce_ans 0.000 ce_copy 0.322 recall 1.000 890s
[hybrid_bka_first s4] step  3200 loss 3.661 ce_ans 0.000 ce_copy 0.362 recall 1.000 919s
[hybrid_bka_first s4] step  3300 loss 3.538 ce_ans 0.000 ce_copy 0.291 recall 1.000 947s
[hybrid_bka_first s4] step  3400 loss 3.617 ce_ans 0.000 ce_copy 0.274 recall 1.000 976s
[hybrid_bka_first s4] step  3500 loss 3.669 ce_ans 0.000 ce_copy 0.275 recall 1.000 1050s
[hybrid_bka_first s4] step  3600 loss 3.627 ce_ans 0.000 ce_copy 0.256 recall 1.000 1078s
[hybrid_bka_first s4] step  3700 loss 3.735 ce_ans 0.000 ce_copy 0.297 recall 1.000 1107s
[hybrid_bka_first s4] step  3800 loss 3.581 ce_ans 0.000 ce_copy 0.283 recall 1.000 1136s
[hybrid_bka_first s4] step  3900 loss 3.750 ce_ans 0.000 ce_copy 0.256 recall 1.000 1164s
[hybrid_bka_first s4] step  3999 loss 3.534 ce_ans 0.000 ce_copy 0.240 recall 1.000 1191s
[hybrid_bka_first s4] len   256 recall 1.000 sink 0.065 ratio 3.2 noop 0.089 copy 0.025 gap +0.000
[hybrid_bka_first s4] len  1024 recall 0.963 sink 0.026 ratio 4.0 noop 0.035 copy 0.014 gap +0.010
[hybrid_bka_first s4] len  2048 recall 0.978 sink 0.016 ratio 4.5 noop 0.023 copy 0.008 gap +0.006
[hybrid_bka_first s4] len  4096 recall 0.982 sink 0.010 ratio 5.0 noop 0.012 copy 0.007 gap +0.007
wrote results/runs/main/hybrid_bka_first__p0.5__g0__s4.json
