[hybrid s0] step     0 loss 11.175 ce_ans 5.593 ce_copy 5.582 recall 0.000 1s
C:\Users\mohdm\Downloads\ICLR2027 - Copy\sinkprobe-release\sinkprobe\.venv\Lib\site-packages\torch\autograd\graph.py:869: UserWarning: The AccumulateGrad node's stream does not match the stream of the node that produced the incoming gradient. This may incur unnecessary synchronization and break CUDA graph capture if the AccumulateGrad node's stream is the default stream. This mismatch is caused by an AccumulateGrad node created prior to the current iteration being kept alive. This can happen if the autograd graph is still being kept alive by tensors such as the loss, or if you are using DDP, which will stash a reference to the node. To resolve the mismatch, delete all references to the autograd graph or ensure that DDP initialization is performed under the same stream as subsequent forwards. If the mismatch is intentional, you can use torch.autograd.graph.set_warn_on_accumulate_grad_stream_mismatch(False) to suppress this warning. (Triggered internally at C:\actions-runner\_work\pytorch\pytorch\pytorch\torch\csrc\autograd\input_buffer.cpp:250.)
  return Variable._execution_engine.run_backward(  # Calls into the C++ engine to run the backward pass
[hybrid s0] step   100 loss 11.003 ce_ans 5.566 ce_copy 5.574 recall 0.008 15s
[hybrid s0] step   200 loss 10.949 ce_ans 5.556 ce_copy 5.557 recall 0.000 44s
[hybrid s0] step   300 loss 10.933 ce_ans 5.563 ce_copy 5.548 recall 0.000 72s
[hybrid s0] step   400 loss 10.925 ce_ans 5.550 ce_copy 5.554 recall 0.004 100s
[hybrid s0] step   500 loss 10.926 ce_ans 5.543 ce_copy 5.548 recall 0.004 129s
[hybrid s0] step   600 loss 10.924 ce_ans 5.555 ce_copy 5.549 recall 0.000 157s
[hybrid s0] step   700 loss 10.918 ce_ans 5.547 ce_copy 5.552 recall 0.008 185s
[hybrid s0] step   800 loss 10.917 ce_ans 5.549 ce_copy 5.548 recall 0.004 214s
[hybrid s0] step   900 loss 10.914 ce_ans 5.550 ce_copy 5.542 recall 0.000 242s
[hybrid s0] step  1000 loss 10.915 ce_ans 5.544 ce_copy 5.551 recall 0.004 270s
[hybrid s0] step  1100 loss 10.876 ce_ans 5.550 ce_copy 5.484 recall 0.008 298s
[hybrid s0] step  1200 loss 10.831 ce_ans 5.548 ce_copy 5.397 recall 0.008 327s
[hybrid s0] step  1300 loss 10.759 ce_ans 5.542 ce_copy 5.297 recall 0.004 355s
[hybrid s0] step  1400 loss 10.686 ce_ans 5.547 ce_copy 5.160 recall 0.000 383s
[hybrid s0] step  1500 loss 10.980 ce_ans 5.541 ce_copy 5.414 recall 0.012 412s
[hybrid s0] step  1600 loss 10.869 ce_ans 5.548 ce_copy 5.356 recall 0.000 440s
[hybrid s0] step  1700 loss 10.853 ce_ans 5.547 ce_copy 5.301 recall 0.000 468s
[hybrid s0] step  1800 loss 10.823 ce_ans 5.542 ce_copy 5.249 recall 0.000 496s
[hybrid s0] step  1900 loss 10.797 ce_ans 5.539 ce_copy 5.158 recall 0.004 525s
[hybrid s0] step  2000 loss 10.811 ce_ans 5.552 ce_copy 5.125 recall 0.008 553s
[hybrid s0] step  2100 loss 10.743 ce_ans 5.546 ce_copy 4.916 recall 0.000 581s
[hybrid s0] step  2200 loss 10.729 ce_ans 5.537 ce_copy 4.909 recall 0.004 610s
[hybrid s0] step  2300 loss 10.687 ce_ans 5.544 ce_copy 4.770 recall 0.000 638s
[hybrid s0] step  2400 loss 10.599 ce_ans 5.542 ce_copy 4.586 recall 0.008 666s
[hybrid s0] step  2500 loss 10.489 ce_ans 5.535 ce_copy 4.255 recall 0.008 695s
[hybrid s0] step  2600 loss 10.364 ce_ans 5.487 ce_copy 3.953 recall 0.008 723s
[hybrid s0] step  2700 loss 10.200 ce_ans 5.429 ce_copy 3.497 recall 0.020 751s
[hybrid s0] step  2800 loss 9.823 ce_ans 5.320 ce_copy 3.063 recall 0.008 780s
[hybrid s0] step  2900 loss 9.726 ce_ans 5.201 ce_copy 2.881 recall 0.051 808s
[hybrid s0] step  3000 loss 9.126 ce_ans 4.774 ce_copy 2.664 recall 0.051 836s
[hybrid s0] step  3100 loss 8.454 ce_ans 4.056 ce_copy 2.460 recall 0.160 865s
[hybrid s0] step  3200 loss 7.778 ce_ans 3.512 ce_copy 2.236 recall 0.281 893s
[hybrid s0] step  3300 loss 6.941 ce_ans 2.621 ce_copy 2.126 recall 0.363 921s
[hybrid s0] step  3400 loss 5.843 ce_ans 1.658 ce_copy 1.820 recall 0.688 950s
[hybrid s0] step  3500 loss 5.134 ce_ans 1.040 ce_copy 1.537 recall 0.852 978s
[hybrid s0] step  3600 loss 4.702 ce_ans 0.751 ce_copy 1.274 recall 0.934 1006s
[hybrid s0] step  3700 loss 4.500 ce_ans 0.468 ce_copy 1.064 recall 0.992 1035s
[hybrid s0] step  3800 loss 4.053 ce_ans 0.324 ce_copy 0.851 recall 0.980 1063s
[hybrid s0] step  3900 loss 4.103 ce_ans 0.285 ce_copy 0.748 recall 0.977 1091s
[hybrid s0] step  3999 loss 4.062 ce_ans 0.166 ce_copy 0.697 recall 0.984 1119s
[hybrid s0] len   256 recall 0.990 sink 0.009 ratio 0.4 noop 0.012 copy 0.002 gap +0.004
[hybrid s0] len   512 recall 0.816 sink 0.005 ratio 0.4 noop 0.007 copy 0.002 gap +0.427
[hybrid s0] len  1024 recall 0.366 sink 0.003 ratio 0.5 noop 0.004 copy 0.002 gap +0.842
[hybrid s0] len  2048 recall 0.171 sink 0.002 ratio 0.5 noop 0.002 copy 0.001 gap +0.625
wrote results/runs/main\hybrid__p0.5__g0__s0.json
