[hybrid_bka_first s9] step     0 loss 11.166 ce_ans 5.572 ce_copy 5.598 recall 0.000 2s
C:\Users\mohdm\Downloads\ICLR2027 - Copy\sinkprobe-release\sinkprobe\.venv\Lib\site-packages\torch\autograd\graph.py:869: UserWarning: The AccumulateGrad node's stream does not match the stream of the node that produced the incoming gradient. This may incur unnecessary synchronization and break CUDA graph capture if the AccumulateGrad node's stream is the default stream. This mismatch is caused by an AccumulateGrad node created prior to the current iteration being kept alive. This can happen if the autograd graph is still being kept alive by tensors such as the loss, or if you are using DDP, which will stash a reference to the node. To resolve the mismatch, delete all references to the autograd graph or ensure that DDP initialization is performed under the same stream as subsequent forwards. If the mismatch is intentional, you can use torch.autograd.graph.set_warn_on_accumulate_grad_stream_mismatch(False) to suppress this warning. (Triggered internally at C:\actions-runner\_work\pytorch\pytorch\pytorch\torch\csrc\autograd\input_buffer.cpp:250.)
  return Variable._execution_engine.run_backward(  # Calls into the C++ engine to run the backward pass
[hybrid_bka_first s9] step   100 loss 10.958 ce_ans 5.558 ce_copy 5.516 recall 0.000 31s
[hybrid_bka_first s9] step   200 loss 8.934 ce_ans 5.244 ce_copy 2.939 recall 0.031 59s
[hybrid_bka_first s9] step   300 loss 1.838 ce_ans 0.045 ce_copy 0.231 recall 0.996 88s
[hybrid_bka_first s9] step   400 loss 1.729 ce_ans 0.005 ce_copy 0.203 recall 1.000 117s
[hybrid_bka_first s9] step   500 loss 1.686 ce_ans 0.003 ce_copy 0.147 recall 1.000 146s
[hybrid_bka_first s9] step   600 loss 1.591 ce_ans 0.005 ce_copy 0.088 recall 1.000 174s
[hybrid_bka_first s9] step   700 loss 1.567 ce_ans 0.001 ce_copy 0.070 recall 1.000 202s
[hybrid_bka_first s9] step   800 loss 1.586 ce_ans 0.001 ce_copy 0.132 recall 1.000 231s
[hybrid_bka_first s9] step   900 loss 1.593 ce_ans 0.001 ce_copy 0.123 recall 1.000 260s
[hybrid_bka_first s9] step  1000 loss 1.542 ce_ans 0.000 ce_copy 0.113 recall 1.000 288s
[hybrid_bka_first s9] step  1100 loss 1.568 ce_ans 0.000 ce_copy 0.108 recall 1.000 318s
[hybrid_bka_first s9] step  1200 loss 1.629 ce_ans 0.000 ce_copy 0.203 recall 1.000 346s
[hybrid_bka_first s9] step  1300 loss 1.557 ce_ans 0.002 ce_copy 0.147 recall 1.000 375s
[hybrid_bka_first s9] step  1400 loss 1.587 ce_ans 0.000 ce_copy 0.142 recall 1.000 404s
[hybrid_bka_first s9] step  1500 loss 4.159 ce_ans 0.000 ce_copy 0.609 recall 1.000 434s
[hybrid_bka_first s9] step  1600 loss 3.598 ce_ans 0.000 ce_copy 0.556 recall 1.000 464s
[hybrid_bka_first s9] step  1700 loss 3.971 ce_ans 0.000 ce_copy 0.531 recall 1.000 493s
[hybrid_bka_first s9] step  1800 loss 3.630 ce_ans 0.000 ce_copy 0.379 recall 1.000 523s
[hybrid_bka_first s9] step  1900 loss 3.706 ce_ans 0.000 ce_copy 0.492 recall 1.000 552s
[hybrid_bka_first s9] step  2000 loss 3.763 ce_ans 0.000 ce_copy 0.519 recall 1.000 582s
[hybrid_bka_first s9] step  2100 loss 3.798 ce_ans 0.000 ce_copy 0.398 recall 1.000 612s
[hybrid_bka_first s9] step  2200 loss 3.646 ce_ans 0.000 ce_copy 0.413 recall 1.000 641s
[hybrid_bka_first s9] step  2300 loss 3.739 ce_ans 0.000 ce_copy 0.403 recall 1.000 670s
[hybrid_bka_first s9] step  2400 loss 3.412 ce_ans 0.000 ce_copy 0.335 recall 1.000 700s
[hybrid_bka_first s9] step  2500 loss 3.710 ce_ans 0.000 ce_copy 0.403 recall 1.000 729s
[hybrid_bka_first s9] step  2600 loss 3.633 ce_ans 0.000 ce_copy 0.347 recall 1.000 758s
[hybrid_bka_first s9] step  2700 loss 3.622 ce_ans 0.000 ce_copy 0.301 recall 1.000 786s
[hybrid_bka_first s9] step  2800 loss 3.608 ce_ans 0.000 ce_copy 0.332 recall 1.000 815s
[hybrid_bka_first s9] step  2900 loss 3.412 ce_ans 0.000 ce_copy 0.273 recall 1.000 844s
[hybrid_bka_first s9] step  3000 loss 3.674 ce_ans 0.000 ce_copy 0.358 recall 1.000 873s
[hybrid_bka_first s9] step  3100 loss 3.650 ce_ans 0.000 ce_copy 0.299 recall 1.000 902s
[hybrid_bka_first s9] step  3200 loss 3.722 ce_ans 0.000 ce_copy 0.331 recall 1.000 932s
[hybrid_bka_first s9] step  3300 loss 3.840 ce_ans 0.000 ce_copy 0.366 recall 1.000 961s
[hybrid_bka_first s9] step  3400 loss 3.655 ce_ans 0.000 ce_copy 0.280 recall 1.000 990s
[hybrid_bka_first s9] step  3500 loss 3.744 ce_ans 0.000 ce_copy 0.210 recall 1.000 1019s
[hybrid_bka_first s9] step  3600 loss 3.668 ce_ans 0.000 ce_copy 0.273 recall 1.000 1047s
[hybrid_bka_first s9] step  3700 loss 3.757 ce_ans 0.000 ce_copy 0.272 recall 1.000 1076s
[hybrid_bka_first s9] step  3800 loss 3.570 ce_ans 0.000 ce_copy 0.233 recall 1.000 1104s
[hybrid_bka_first s9] step  3900 loss 3.538 ce_ans 0.000 ce_copy 0.254 recall 1.000 1133s
[hybrid_bka_first s9] step  3999 loss 3.704 ce_ans 0.000 ce_copy 0.270 recall 1.000 1161s
[hybrid_bka_first s9] len   256 recall 1.000 sink 0.079 ratio 3.9 noop 0.114 copy 0.039 gap +0.000
[hybrid_bka_first s9] len  1024 recall 0.994 sink 0.044 ratio 6.9 noop 0.062 copy 0.024 gap -0.009
[hybrid_bka_first s9] len  2048 recall 0.996 sink 0.029 ratio 8.2 noop 0.039 copy 0.018 gap -0.002
[hybrid_bka_first s9] len  4096 recall 0.999 sink 0.019 ratio 10.1 noop 0.024 copy 0.012 gap +0.000
wrote results/runs/main/hybrid_bka_first__p0.5__g0__s9.json
