[hybrid_nogate s0] step     0 loss 11.144 ce_ans 5.558 ce_copy 5.587 recall 0.000 2s
C:\Users\mohdm\Downloads\ICLR2027 - Copy\sinkprobe-release\sinkprobe\.venv\Lib\site-packages\torch\autograd\graph.py:869: UserWarning: The AccumulateGrad node's stream does not match the stream of the node that produced the incoming gradient. This may incur unnecessary synchronization and break CUDA graph capture if the AccumulateGrad node's stream is the default stream. This mismatch is caused by an AccumulateGrad node created prior to the current iteration being kept alive. This can happen if the autograd graph is still being kept alive by tensors such as the loss, or if you are using DDP, which will stash a reference to the node. To resolve the mismatch, delete all references to the autograd graph or ensure that DDP initialization is performed under the same stream as subsequent forwards. If the mismatch is intentional, you can use torch.autograd.graph.set_warn_on_accumulate_grad_stream_mismatch(False) to suppress this warning. (Triggered internally at C:\actions-runner\_work\pytorch\pytorch\pytorch\torch\csrc\autograd\input_buffer.cpp:250.)
  return Variable._execution_engine.run_backward(  # Calls into the C++ engine to run the backward pass
[hybrid_nogate s0] step   100 loss 11.072 ce_ans 5.572 ce_copy 5.557 recall 0.000 31s
[hybrid_nogate s0] step   200 loss 10.941 ce_ans 5.558 ce_copy 5.559 recall 0.008 59s
[hybrid_nogate s0] step   300 loss 10.990 ce_ans 5.579 ce_copy 5.561 recall 0.000 88s
[hybrid_nogate s0] step   400 loss 10.949 ce_ans 5.546 ce_copy 5.561 recall 0.004 116s
[hybrid_nogate s0] step   500 loss 10.923 ce_ans 5.550 ce_copy 5.531 recall 0.000 145s
[hybrid_nogate s0] step   600 loss 10.857 ce_ans 5.558 ce_copy 5.429 recall 0.004 173s
[hybrid_nogate s0] step   700 loss 10.715 ce_ans 5.550 ce_copy 5.234 recall 0.004 202s
[hybrid_nogate s0] step   800 loss 10.296 ce_ans 5.553 ce_copy 4.501 recall 0.000 230s
[hybrid_nogate s0] step   900 loss 9.691 ce_ans 5.551 ce_copy 3.634 recall 0.004 258s
[hybrid_nogate s0] step  1000 loss 8.604 ce_ans 5.518 ce_copy 2.127 recall 0.008 286s
[hybrid_nogate s0] step  1100 loss 7.681 ce_ans 4.876 ce_copy 1.639 recall 0.059 315s
[hybrid_nogate s0] step  1200 loss 6.216 ce_ans 3.591 ce_copy 1.358 recall 0.203 343s
[hybrid_nogate s0] step  1300 loss 5.094 ce_ans 2.738 ce_copy 0.999 recall 0.398 371s
[hybrid_nogate s0] step  1400 loss 4.617 ce_ans 2.424 ce_copy 0.755 recall 0.500 400s
[hybrid_nogate s0] step  1500 loss 8.677 ce_ans 4.109 ce_copy 2.337 recall 0.137 428s
[hybrid_nogate s0] step  1600 loss 7.146 ce_ans 2.972 ce_copy 1.644 recall 0.352 456s
[hybrid_nogate s0] step  1700 loss 5.264 ce_ans 1.191 ce_copy 1.224 recall 0.727 484s
[hybrid_nogate s0] step  1800 loss 4.113 ce_ans 0.248 ce_copy 0.926 recall 0.957 513s
[hybrid_nogate s0] step  1900 loss 3.829 ce_ans 0.061 ce_copy 0.697 recall 0.996 541s
[hybrid_nogate s0] step  2000 loss 4.040 ce_ans 0.117 ce_copy 0.548 recall 0.980 569s
[hybrid_nogate s0] step  2100 loss 3.926 ce_ans 0.051 ce_copy 0.501 recall 0.992 597s
[hybrid_nogate s0] step  2200 loss 3.924 ce_ans 0.093 ce_copy 0.401 recall 0.992 626s
[hybrid_nogate s0] step  2300 loss 3.743 ce_ans 0.047 ce_copy 0.405 recall 0.992 654s
[hybrid_nogate s0] step  2400 loss 3.617 ce_ans 0.035 ce_copy 0.329 recall 0.996 682s
[hybrid_nogate s0] step  2500 loss 3.620 ce_ans 0.004 ce_copy 0.412 recall 1.000 711s
[hybrid_nogate s0] step  2600 loss 3.706 ce_ans 0.004 ce_copy 0.321 recall 1.000 739s
[hybrid_nogate s0] step  2700 loss 3.756 ce_ans 0.001 ce_copy 0.296 recall 1.000 767s
[hybrid_nogate s0] step  2800 loss 3.437 ce_ans 0.013 ce_copy 0.264 recall 0.996 795s
[hybrid_nogate s0] step  2900 loss 3.616 ce_ans 0.001 ce_copy 0.255 recall 1.000 823s
[hybrid_nogate s0] step  3000 loss 3.442 ce_ans 0.019 ce_copy 0.243 recall 0.996 859s
[hybrid_nogate s0] step  3100 loss 3.645 ce_ans 0.003 ce_copy 0.251 recall 1.000 897s
[hybrid_nogate s0] step  3200 loss 3.533 ce_ans 0.005 ce_copy 0.209 recall 0.996 932s
[hybrid_nogate s0] step  3300 loss 3.653 ce_ans 0.000 ce_copy 0.199 recall 1.000 957s
[hybrid_nogate s0] step  3400 loss 3.590 ce_ans 0.000 ce_copy 0.163 recall 1.000 974s
[hybrid_nogate s0] step  3500 loss 3.607 ce_ans 0.000 ce_copy 0.220 recall 1.000 1008s
[hybrid_nogate s0] step  3600 loss 3.540 ce_ans 0.000 ce_copy 0.206 recall 1.000 1046s
[hybrid_nogate s0] step  3700 loss 3.725 ce_ans 0.000 ce_copy 0.210 recall 1.000 1083s
[hybrid_nogate s0] step  3800 loss 3.457 ce_ans 0.000 ce_copy 0.200 recall 1.000 1120s
[hybrid_nogate s0] step  3900 loss 3.589 ce_ans 0.000 ce_copy 0.197 recall 1.000 1158s
[hybrid_nogate s0] step  3999 loss 3.687 ce_ans 0.000 ce_copy 0.198 recall 1.000 1195s
[hybrid_nogate s0] len   256 recall 1.000 sink 0.085 ratio 4.2 noop 0.132 copy 0.007 gap +0.000
[hybrid_nogate s0] len   512 recall 0.851 sink 0.060 ratio 5.3 noop 0.100 copy 0.008 gap +0.484
[hybrid_nogate s0] len  1024 recall 0.426 sink 0.045 ratio 7.0 noop 0.071 copy 0.015 gap +0.995
[hybrid_nogate s0] len  2048 recall 0.199 sink 0.032 ratio 9.2 noop 0.044 copy 0.016 gap +0.753
wrote results/runs/main\hybrid_nogate__p0.5__g0__s0.json
