[hybrid_nope_first s2] step     0 loss 11.154 ce_ans 5.578 ce_copy 5.577 recall 0.000 1s
C:\Users\mohdm\Downloads\ICLR2027 - Copy\sinkprobe-release\sinkprobe\.venv\Lib\site-packages\torch\autograd\graph.py:869: UserWarning: The AccumulateGrad node's stream does not match the stream of the node that produced the incoming gradient. This may incur unnecessary synchronization and break CUDA graph capture if the AccumulateGrad node's stream is the default stream. This mismatch is caused by an AccumulateGrad node created prior to the current iteration being kept alive. This can happen if the autograd graph is still being kept alive by tensors such as the loss, or if you are using DDP, which will stash a reference to the node. To resolve the mismatch, delete all references to the autograd graph or ensure that DDP initialization is performed under the same stream as subsequent forwards. If the mismatch is intentional, you can use torch.autograd.graph.set_warn_on_accumulate_grad_stream_mismatch(False) to suppress this warning. (Triggered internally at C:\actions-runner\_work\pytorch\pytorch\pytorch\torch\csrc\autograd\input_buffer.cpp:250.)
  return Variable._execution_engine.run_backward(  # Calls into the C++ engine to run the backward pass
[hybrid_nope_first s2] step   100 loss 10.956 ce_ans 5.570 ce_copy 5.521 recall 0.004 27s
[hybrid_nope_first s2] step   200 loss 10.783 ce_ans 5.540 ce_copy 5.333 recall 0.008 55s
[hybrid_nope_first s2] step   300 loss 10.646 ce_ans 5.535 ce_copy 5.149 recall 0.004 83s
[hybrid_nope_first s2] step   400 loss 10.403 ce_ans 5.542 ce_copy 4.734 recall 0.000 111s
[hybrid_nope_first s2] step   500 loss 8.237 ce_ans 5.537 ce_copy 1.440 recall 0.000 140s
[hybrid_nope_first s2] step   600 loss 7.623 ce_ans 5.504 ce_copy 0.642 recall 0.012 168s
[hybrid_nope_first s2] step   700 loss 7.264 ce_ans 5.274 ce_copy 0.499 recall 0.035 197s
[hybrid_nope_first s2] step   800 loss 5.598 ce_ans 3.382 ce_copy 0.824 recall 0.332 225s
[hybrid_nope_first s2] step   900 loss 3.930 ce_ans 2.144 ce_copy 0.326 recall 0.559 253s
[hybrid_nope_first s2] step  1000 loss 3.375 ce_ans 1.696 ce_copy 0.249 recall 0.676 282s
[hybrid_nope_first s2] step  1100 loss 2.850 ce_ans 1.241 ce_copy 0.181 recall 0.734 310s
[hybrid_nope_first s2] step  1200 loss 2.451 ce_ans 0.876 ce_copy 0.157 recall 0.801 374s
[hybrid_nope_first s2] step  1300 loss 2.325 ce_ans 0.793 ce_copy 0.151 recall 0.812 402s
[hybrid_nope_first s2] step  1400 loss 2.095 ce_ans 0.577 ce_copy 0.129 recall 0.879 430s
[hybrid_nope_first s2] step  1500 loss 12.033 ce_ans 6.840 ce_copy 3.208 recall 0.152 458s
[hybrid_nope_first s2] step  1600 loss 7.113 ce_ans 2.869 ce_copy 2.086 recall 0.391 487s
[hybrid_nope_first s2] step  1700 loss 6.786 ce_ans 2.682 ce_copy 1.590 recall 0.449 515s
[hybrid_nope_first s2] step  1800 loss 6.022 ce_ans 2.039 ce_copy 1.570 recall 0.562 543s
[hybrid_nope_first s2] step  1900 loss 6.103 ce_ans 2.088 ce_copy 1.455 recall 0.562 571s
[hybrid_nope_first s2] step  2000 loss 6.370 ce_ans 2.403 ce_copy 1.402 recall 0.508 600s
[hybrid_nope_first s2] step  2100 loss 5.933 ce_ans 1.903 ce_copy 1.387 recall 0.578 628s
[hybrid_nope_first s2] step  2200 loss 5.253 ce_ans 1.386 ce_copy 1.194 recall 0.688 656s
[hybrid_nope_first s2] step  2300 loss 5.052 ce_ans 1.279 ce_copy 1.048 recall 0.727 684s
[hybrid_nope_first s2] step  2400 loss 5.323 ce_ans 1.194 ce_copy 1.170 recall 0.727 713s
[hybrid_nope_first s2] step  2500 loss 4.139 ce_ans 0.487 ce_copy 0.784 recall 0.848 746s
[hybrid_nope_first s2] step  2600 loss 4.006 ce_ans 0.334 ce_copy 0.669 recall 0.918 774s
[hybrid_nope_first s2] step  2700 loss 4.140 ce_ans 0.317 ce_copy 0.719 recall 0.922 802s
[hybrid_nope_first s2] step  2800 loss 3.925 ce_ans 0.261 ce_copy 0.550 recall 0.918 831s
[hybrid_nope_first s2] step  2900 loss 3.896 ce_ans 0.141 ce_copy 0.554 recall 0.965 859s
[hybrid_nope_first s2] step  3000 loss 3.718 ce_ans 0.172 ce_copy 0.496 recall 0.957 887s
[hybrid_nope_first s2] step  3100 loss 3.903 ce_ans 0.134 ce_copy 0.501 recall 0.965 915s
[hybrid_nope_first s2] step  3200 loss 3.863 ce_ans 0.078 ce_copy 0.550 recall 0.980 944s
[hybrid_nope_first s2] step  3300 loss 4.007 ce_ans 0.154 ce_copy 0.567 recall 0.969 972s
[hybrid_nope_first s2] step  3400 loss 3.543 ce_ans 0.048 ce_copy 0.309 recall 0.988 1000s
[hybrid_nope_first s2] step  3500 loss 3.771 ce_ans 0.142 ce_copy 0.398 recall 0.969 1028s
[hybrid_nope_first s2] step  3600 loss 3.671 ce_ans 0.092 ce_copy 0.393 recall 0.969 1056s
[hybrid_nope_first s2] step  3700 loss 3.774 ce_ans 0.118 ce_copy 0.448 recall 0.973 1085s
[hybrid_nope_first s2] step  3800 loss 4.102 ce_ans 0.105 ce_copy 0.557 recall 0.973 1113s
[hybrid_nope_first s2] step  3900 loss 3.836 ce_ans 0.041 ce_copy 0.412 recall 0.992 1229s
[hybrid_nope_first s2] step  3999 loss 3.727 ce_ans 0.073 ce_copy 0.294 recall 0.984 1256s
[hybrid_nope_first s2] len   256 recall 0.984 sink 0.011 ratio 0.5 noop 0.014 copy 0.006 gap +0.008
[hybrid_nope_first s2] len  1024 recall 0.555 sink 0.004 ratio 0.6 noop 0.005 copy 0.003 gap -0.098
[hybrid_nope_first s2] len  2048 recall 0.421 sink 0.002 ratio 0.7 noop 0.003 copy 0.002 gap +0.270
[hybrid_nope_first s2] len  4096 recall 0.414 sink 0.001 ratio 0.7 noop 0.002 copy 0.001 gap +0.607
wrote results/runs/main/hybrid_nope_first__p0.5__g0__s2.json
