[sinklogit s0] step     0 loss 11.158 ce_ans 5.592 ce_copy 5.562 recall 0.008 1s
C:\Users\mohdm\Downloads\ICLR2027 - Copy\sinkprobe-release\sinkprobe\.venv\Lib\site-packages\torch\autograd\graph.py:869: UserWarning: The AccumulateGrad node's stream does not match the stream of the node that produced the incoming gradient. This may incur unnecessary synchronization and break CUDA graph capture if the AccumulateGrad node's stream is the default stream. This mismatch is caused by an AccumulateGrad node created prior to the current iteration being kept alive. This can happen if the autograd graph is still being kept alive by tensors such as the loss, or if you are using DDP, which will stash a reference to the node. To resolve the mismatch, delete all references to the autograd graph or ensure that DDP initialization is performed under the same stream as subsequent forwards. If the mismatch is intentional, you can use torch.autograd.graph.set_warn_on_accumulate_grad_stream_mismatch(False) to suppress this warning. (Triggered internally at C:\actions-runner\_work\pytorch\pytorch\pytorch\torch\csrc\autograd\input_buffer.cpp:250.)
  return Variable._execution_engine.run_backward(  # Calls into the C++ engine to run the backward pass
[sinklogit s0] step   100 loss 10.991 ce_ans 5.622 ce_copy 5.354 recall 0.000 29s
[sinklogit s0] step   200 loss 10.696 ce_ans 5.590 ce_copy 4.982 recall 0.000 58s
[sinklogit s0] step   300 loss 10.498 ce_ans 5.587 ce_copy 4.668 recall 0.000 87s
[sinklogit s0] step   400 loss 9.230 ce_ans 5.571 ce_copy 2.784 recall 0.000 116s
[sinklogit s0] step   500 loss 2.847 ce_ans 0.747 ce_copy 0.565 recall 0.906 145s
[sinklogit s0] step   600 loss 2.560 ce_ans 0.540 ce_copy 0.389 recall 0.910 174s
[sinklogit s0] step   700 loss 2.432 ce_ans 0.519 ce_copy 0.297 recall 0.922 203s
[sinklogit s0] step   800 loss 2.306 ce_ans 0.406 ce_copy 0.263 recall 0.934 232s
[sinklogit s0] step   900 loss 2.279 ce_ans 0.411 ce_copy 0.239 recall 0.926 261s
[sinklogit s0] step  1000 loss 2.017 ce_ans 0.227 ce_copy 0.212 recall 0.965 290s
[sinklogit s0] step  1100 loss 2.119 ce_ans 0.334 ce_copy 0.209 recall 0.945 319s
[sinklogit s0] step  1200 loss 2.001 ce_ans 0.214 ce_copy 0.197 recall 0.961 348s
[sinklogit s0] step  1300 loss 1.927 ce_ans 0.204 ce_copy 0.142 recall 0.957 377s
[sinklogit s0] step  1400 loss 1.898 ce_ans 0.175 ce_copy 0.139 recall 0.949 406s
[sinklogit s0] step  1500 loss 5.167 ce_ans 0.192 ce_copy 0.299 recall 0.973 435s
[sinklogit s0] step  1600 loss 3.811 ce_ans 0.014 ce_copy 0.428 recall 1.000 464s
[sinklogit s0] step  1700 loss 3.823 ce_ans 0.024 ce_copy 0.466 recall 0.996 492s
[sinklogit s0] step  1800 loss 3.672 ce_ans 0.009 ce_copy 0.406 recall 0.996 522s
[sinklogit s0] step  1900 loss 3.628 ce_ans 0.001 ce_copy 0.351 recall 1.000 550s
[sinklogit s0] step  2000 loss 3.813 ce_ans 0.001 ce_copy 0.338 recall 1.000 580s
[sinklogit s0] step  2100 loss 3.776 ce_ans 0.001 ce_copy 0.290 recall 1.000 608s
[sinklogit s0] step  2200 loss 3.714 ce_ans 0.000 ce_copy 0.257 recall 1.000 637s
[sinklogit s0] step  2300 loss 3.647 ce_ans 0.001 ce_copy 0.268 recall 1.000 666s
[sinklogit s0] step  2400 loss 3.509 ce_ans 0.000 ce_copy 0.213 recall 1.000 695s
[sinklogit s0] step  2500 loss 3.548 ce_ans 0.004 ce_copy 0.213 recall 0.996 724s
[sinklogit s0] step  2600 loss 3.646 ce_ans 0.000 ce_copy 0.210 recall 1.000 753s
[sinklogit s0] step  2700 loss 3.716 ce_ans 0.000 ce_copy 0.198 recall 1.000 782s
[sinklogit s0] step  2800 loss 3.365 ce_ans 0.000 ce_copy 0.183 recall 1.000 811s
[sinklogit s0] step  2900 loss 3.581 ce_ans 0.000 ce_copy 0.184 recall 1.000 840s
[sinklogit s0] step  3000 loss 3.392 ce_ans 0.000 ce_copy 0.153 recall 1.000 869s
[sinklogit s0] step  3100 loss 3.620 ce_ans 0.000 ce_copy 0.173 recall 1.000 898s
[sinklogit s0] step  3200 loss 3.502 ce_ans 0.000 ce_copy 0.156 recall 1.000 927s
[sinklogit s0] step  3300 loss 3.631 ce_ans 0.000 ce_copy 0.178 recall 1.000 956s
[sinklogit s0] step  3400 loss 3.576 ce_ans 0.000 ce_copy 0.148 recall 1.000 985s
[sinklogit s0] step  3500 loss 3.588 ce_ans 0.000 ce_copy 0.169 recall 1.000 1014s
[sinklogit s0] step  3600 loss 3.509 ce_ans 0.000 ce_copy 0.154 recall 1.000 1043s
[sinklogit s0] step  3700 loss 3.712 ce_ans 0.000 ce_copy 0.180 recall 1.000 1072s
[sinklogit s0] step  3800 loss 3.438 ce_ans 0.000 ce_copy 0.152 recall 1.000 1101s
[sinklogit s0] step  3900 loss 3.571 ce_ans 0.000 ce_copy 0.145 recall 1.000 1130s
[sinklogit s0] step  3999 loss 3.667 ce_ans 0.000 ce_copy 0.165 recall 1.000 1159s
[sinklogit s0] len   256 recall 1.000 sink 0.057 ratio 2.8 noop 0.070 copy 0.036 gap +0.000
[sinklogit s0] len   512 recall 0.917 sink 0.031 ratio 2.8 noop 0.040 copy 0.021 gap +0.252
[sinklogit s0] len  1024 recall 0.420 sink 0.018 ratio 2.8 noop 0.023 copy 0.013 gap +0.795
[sinklogit s0] len  2048 recall 0.029 sink 0.010 ratio 2.8 noop 0.011 copy 0.008 gap +0.073
wrote results/runs/main\sinklogit__p0.5__g0__s0.json
