[softmax s1] step     0 loss 11.200 ce_ans 5.618 ce_copy 5.578 recall 0.004 1s
C:\Users\mohdm\Downloads\ICLR2027 - Copy\sinkprobe-release\sinkprobe\.venv\Lib\site-packages\torch\autograd\graph.py:869: UserWarning: The AccumulateGrad node's stream does not match the stream of the node that produced the incoming gradient. This may incur unnecessary synchronization and break CUDA graph capture if the AccumulateGrad node's stream is the default stream. This mismatch is caused by an AccumulateGrad node created prior to the current iteration being kept alive. This can happen if the autograd graph is still being kept alive by tensors such as the loss, or if you are using DDP, which will stash a reference to the node. To resolve the mismatch, delete all references to the autograd graph or ensure that DDP initialization is performed under the same stream as subsequent forwards. If the mismatch is intentional, you can use torch.autograd.graph.set_warn_on_accumulate_grad_stream_mismatch(False) to suppress this warning. (Triggered internally at C:\actions-runner\_work\pytorch\pytorch\pytorch\torch\csrc\autograd\input_buffer.cpp:250.)
  return Variable._execution_engine.run_backward(  # Calls into the C++ engine to run the backward pass
[softmax s1] step   100 loss 11.001 ce_ans 5.622 ce_copy 5.380 recall 0.000 12s
[softmax s1] step   200 loss 10.680 ce_ans 5.571 ce_copy 4.978 recall 0.000 25s
[softmax s1] step   300 loss 10.495 ce_ans 5.576 ce_copy 4.666 recall 0.000 38s
[softmax s1] step   400 loss 8.382 ce_ans 5.546 ce_copy 1.589 recall 0.012 51s
[softmax s1] step   500 loss 2.918 ce_ans 0.896 ce_copy 0.414 recall 0.871 64s
[softmax s1] step   600 loss 2.360 ce_ans 0.437 ce_copy 0.381 recall 0.938 77s
[softmax s1] step   700 loss 2.432 ce_ans 0.539 ce_copy 0.335 recall 0.902 90s
[softmax s1] step   800 loss 2.230 ce_ans 0.371 ce_copy 0.220 recall 0.941 103s
[softmax s1] step   900 loss 2.246 ce_ans 0.401 ce_copy 0.290 recall 0.934 116s
[softmax s1] step  1000 loss 2.113 ce_ans 0.304 ce_copy 0.240 recall 0.957 130s
[softmax s1] step  1100 loss 2.094 ce_ans 0.288 ce_copy 0.274 recall 0.941 143s
[softmax s1] step  1200 loss 1.950 ce_ans 0.173 ce_copy 0.187 recall 0.969 156s
[softmax s1] step  1300 loss 1.758 ce_ans 0.048 ce_copy 0.115 recall 0.996 169s
[softmax s1] step  1400 loss 1.840 ce_ans 0.160 ce_copy 0.093 recall 0.984 182s
[softmax s1] step  1500 loss 3.766 ce_ans 0.006 ce_copy 0.390 recall 0.996 195s
[softmax s1] step  1600 loss 3.650 ce_ans 0.001 ce_copy 0.381 recall 1.000 208s
[softmax s1] step  1700 loss 3.612 ce_ans 0.001 ce_copy 0.276 recall 1.000 221s
[softmax s1] step  1800 loss 3.775 ce_ans 0.000 ce_copy 0.311 recall 1.000 234s
[softmax s1] step  1900 loss 3.650 ce_ans 0.000 ce_copy 0.257 recall 1.000 248s
[softmax s1] step  2000 loss 3.524 ce_ans 0.000 ce_copy 0.254 recall 1.000 261s
[softmax s1] step  2100 loss 3.678 ce_ans 0.001 ce_copy 0.247 recall 1.000 274s
[softmax s1] step  2200 loss 3.536 ce_ans 0.010 ce_copy 0.240 recall 0.996 287s
[softmax s1] step  2300 loss 3.724 ce_ans 0.000 ce_copy 0.213 recall 1.000 300s
[softmax s1] step  2400 loss 3.468 ce_ans 0.000 ce_copy 0.248 recall 1.000 313s
[softmax s1] step  2500 loss 3.536 ce_ans 0.000 ce_copy 0.172 recall 1.000 326s
[softmax s1] step  2600 loss 3.775 ce_ans 0.000 ce_copy 0.260 recall 1.000 339s
[softmax s1] step  2700 loss 3.686 ce_ans 0.000 ce_copy 0.206 recall 1.000 352s
[softmax s1] step  2800 loss 3.463 ce_ans 0.000 ce_copy 0.206 recall 1.000 366s
[softmax s1] step  2900 loss 3.579 ce_ans 0.000 ce_copy 0.176 recall 1.000 379s
[softmax s1] step  3000 loss 3.533 ce_ans 0.000 ce_copy 0.168 recall 1.000 392s
[softmax s1] step  3100 loss 3.600 ce_ans 0.000 ce_copy 0.185 recall 1.000 405s
[softmax s1] step  3200 loss 3.834 ce_ans 0.000 ce_copy 0.204 recall 1.000 418s
[softmax s1] step  3300 loss 3.807 ce_ans 0.000 ce_copy 0.175 recall 1.000 431s
[softmax s1] step  3400 loss 3.614 ce_ans 0.000 ce_copy 0.194 recall 1.000 443s
[softmax s1] step  3500 loss 3.547 ce_ans 0.000 ce_copy 0.193 recall 1.000 453s
[softmax s1] step  3600 loss 3.520 ce_ans 0.000 ce_copy 0.180 recall 1.000 463s
[softmax s1] step  3700 loss 3.755 ce_ans 0.000 ce_copy 0.182 recall 1.000 474s
[softmax s1] step  3800 loss 3.529 ce_ans 0.000 ce_copy 0.131 recall 1.000 484s
[softmax s1] step  3900 loss 3.616 ce_ans 0.000 ce_copy 0.135 recall 1.000 494s
[softmax s1] step  3999 loss 3.572 ce_ans 0.000 ce_copy 0.172 recall 1.000 504s
[softmax s1] len   256 recall 1.000 sink 0.047 ratio 2.3 noop 0.062 copy 0.027 gap +0.000
[softmax s1] len  1024 recall 0.478 sink 0.015 ratio 2.4 noop 0.021 copy 0.009 gap +0.935
[softmax s1] len  2048 recall 0.110 sink 0.008 ratio 2.3 noop 0.011 copy 0.004 gap +0.405
wrote results/runs/main/softmax__p0.5__g0__s1.json
