[softpick s0] step     0 loss 11.160 ce_ans 5.594 ce_copy 5.562 recall 0.004 1s
C:\Users\mohdm\Downloads\ICLR2027 - Copy\sinkprobe-release\sinkprobe\.venv\Lib\site-packages\torch\autograd\graph.py:869: UserWarning: The AccumulateGrad node's stream does not match the stream of the node that produced the incoming gradient. This may incur unnecessary synchronization and break CUDA graph capture if the AccumulateGrad node's stream is the default stream. This mismatch is caused by an AccumulateGrad node created prior to the current iteration being kept alive. This can happen if the autograd graph is still being kept alive by tensors such as the loss, or if you are using DDP, which will stash a reference to the node. To resolve the mismatch, delete all references to the autograd graph or ensure that DDP initialization is performed under the same stream as subsequent forwards. If the mismatch is intentional, you can use torch.autograd.graph.set_warn_on_accumulate_grad_stream_mismatch(False) to suppress this warning. (Triggered internally at C:\actions-runner\_work\pytorch\pytorch\pytorch\torch\csrc\autograd\input_buffer.cpp:250.)
  return Variable._execution_engine.run_backward(  # Calls into the C++ engine to run the backward pass
[softpick s0] step   100 loss 11.007 ce_ans 5.613 ce_copy 5.404 recall 0.000 23s
[softpick s0] step   200 loss 10.810 ce_ans 5.609 ce_copy 5.125 recall 0.000 46s
[softpick s0] step   300 loss 10.568 ce_ans 5.589 ce_copy 4.765 recall 0.000 68s
[softpick s0] step   400 loss 10.492 ce_ans 5.587 ce_copy 4.631 recall 0.000 91s
[softpick s0] step   500 loss 6.662 ce_ans 4.017 ce_copy 1.094 recall 0.309 113s
[softpick s0] step   600 loss 2.910 ce_ans 0.817 ce_copy 0.455 recall 0.906 136s
[softpick s0] step   700 loss 2.473 ce_ans 0.504 ce_copy 0.423 recall 0.926 159s
[softpick s0] step   800 loss 2.349 ce_ans 0.448 ce_copy 0.301 recall 0.926 181s
[softpick s0] step   900 loss 2.248 ce_ans 0.383 ce_copy 0.256 recall 0.934 204s
[softpick s0] step  1000 loss 2.042 ce_ans 0.250 ce_copy 0.208 recall 0.949 226s
[softpick s0] step  1100 loss 2.101 ce_ans 0.329 ce_copy 0.212 recall 0.953 249s
[softpick s0] step  1200 loss 1.895 ce_ans 0.096 ce_copy 0.227 recall 0.980 271s
[softpick s0] step  1300 loss 1.863 ce_ans 0.134 ce_copy 0.160 recall 0.969 294s
[softpick s0] step  1400 loss 1.933 ce_ans 0.170 ce_copy 0.201 recall 0.957 316s
[softpick s0] step  1500 loss 4.381 ce_ans 0.117 ce_copy 0.563 recall 0.980 338s
[softpick s0] step  1600 loss 4.071 ce_ans 0.247 ce_copy 0.545 recall 0.965 361s
[softpick s0] step  1700 loss 3.969 ce_ans 0.098 ce_copy 0.639 recall 0.969 383s
[softpick s0] step  1800 loss 3.784 ce_ans 0.079 ce_copy 0.467 recall 0.984 406s
[softpick s0] step  1900 loss 3.742 ce_ans 0.056 ce_copy 0.466 recall 0.992 428s
[softpick s0] step  2000 loss 3.922 ce_ans 0.061 ce_copy 0.438 recall 0.992 451s
[softpick s0] step  2100 loss 3.897 ce_ans 0.063 ce_copy 0.456 recall 0.984 473s
[softpick s0] step  2200 loss 3.816 ce_ans 0.047 ce_copy 0.390 recall 0.988 496s
[softpick s0] step  2300 loss 3.751 ce_ans 0.036 ce_copy 0.416 recall 0.992 518s
[softpick s0] step  2400 loss 3.582 ce_ans 0.011 ce_copy 0.347 recall 1.000 541s
[softpick s0] step  2500 loss 3.595 ce_ans 0.009 ce_copy 0.300 recall 0.996 563s
[softpick s0] step  2600 loss 3.704 ce_ans 0.006 ce_copy 0.368 recall 1.000 586s
[softpick s0] step  2700 loss 3.766 ce_ans 0.007 ce_copy 0.302 recall 1.000 608s
[softpick s0] step  2800 loss 3.424 ce_ans 0.009 ce_copy 0.266 recall 0.996 631s
[softpick s0] step  2900 loss 3.662 ce_ans 0.019 ce_copy 0.319 recall 0.992 653s
[softpick s0] step  3000 loss 3.440 ce_ans 0.017 ce_copy 0.227 recall 0.996 676s
[softpick s0] step  3100 loss 3.648 ce_ans 0.001 ce_copy 0.223 recall 1.000 698s
[softpick s0] step  3200 loss 3.573 ce_ans 0.042 ce_copy 0.232 recall 0.996 721s
[softpick s0] step  3300 loss 3.674 ce_ans 0.001 ce_copy 0.250 recall 1.000 743s
[softpick s0] step  3400 loss 3.613 ce_ans 0.003 ce_copy 0.223 recall 1.000 766s
[softpick s0] step  3500 loss 3.622 ce_ans 0.003 ce_copy 0.236 recall 1.000 788s
[softpick s0] step  3600 loss 3.542 ce_ans 0.001 ce_copy 0.200 recall 1.000 811s
[softpick s0] step  3700 loss 3.735 ce_ans 0.000 ce_copy 0.239 recall 1.000 834s
[softpick s0] step  3800 loss 3.470 ce_ans 0.010 ce_copy 0.205 recall 0.996 856s
[softpick s0] step  3900 loss 3.602 ce_ans 0.000 ce_copy 0.218 recall 1.000 878s
[softpick s0] step  3999 loss 3.691 ce_ans 0.001 ce_copy 0.217 recall 1.000 901s
[softpick s0] len   256 recall 0.999 sink 0.047 ratio 2.4 noop 0.069 copy 0.015 gap +0.004
[softpick s0] len   512 recall 0.534 sink 0.024 ratio 2.1 noop 0.036 copy 0.009 gap +0.628
[softpick s0] len  1024 recall 0.077 sink 0.016 ratio 2.5 noop 0.023 copy 0.008 gap +0.221
[softpick s0] len  2048 recall 0.001 sink 0.009 ratio 2.7 noop 0.012 copy 0.005 gap +0.003
wrote results/runs/main\softpick__p0.5__g0__s0.json
