[softmax s0] step     0 loss 11.155 ce_ans 5.591 ce_copy 5.561 recall 0.004 1s
C:\Users\mohdm\Downloads\ICLR2027 - Copy\sinkprobe-release\sinkprobe\.venv\Lib\site-packages\torch\autograd\graph.py:869: UserWarning: The AccumulateGrad node's stream does not match the stream of the node that produced the incoming gradient. This may incur unnecessary synchronization and break CUDA graph capture if the AccumulateGrad node's stream is the default stream. This mismatch is caused by an AccumulateGrad node created prior to the current iteration being kept alive. This can happen if the autograd graph is still being kept alive by tensors such as the loss, or if you are using DDP, which will stash a reference to the node. To resolve the mismatch, delete all references to the autograd graph or ensure that DDP initialization is performed under the same stream as subsequent forwards. If the mismatch is intentional, you can use torch.autograd.graph.set_warn_on_accumulate_grad_stream_mismatch(False) to suppress this warning. (Triggered internally at C:\actions-runner\_work\pytorch\pytorch\pytorch\torch\csrc\autograd\input_buffer.cpp:250.)
  return Variable._execution_engine.run_backward(  # Calls into the C++ engine to run the backward pass
[softmax s0] step   100 loss 10.977 ce_ans 5.610 ce_copy 5.361 recall 0.000 11s
[softmax s0] step   200 loss 10.712 ce_ans 5.612 ce_copy 4.977 recall 0.000 21s
[softmax s0] step   300 loss 10.479 ce_ans 5.594 ce_copy 4.630 recall 0.000 31s
[softmax s0] step   400 loss 10.235 ce_ans 5.558 ce_copy 4.451 recall 0.008 41s
[softmax s0] step   500 loss 3.243 ce_ans 1.083 ce_copy 0.579 recall 0.875 51s
[softmax s0] step   600 loss 2.576 ce_ans 0.566 ce_copy 0.396 recall 0.922 61s
[softmax s0] step   700 loss 2.414 ce_ans 0.486 ce_copy 0.426 recall 0.930 71s
[softmax s0] step   800 loss 2.373 ce_ans 0.501 ce_copy 0.307 recall 0.938 81s
[softmax s0] step   900 loss 2.399 ce_ans 0.539 ce_copy 0.321 recall 0.918 91s
[softmax s0] step  1000 loss 2.222 ce_ans 0.444 ce_copy 0.214 recall 0.949 101s
[softmax s0] step  1100 loss 2.257 ce_ans 0.475 ce_copy 0.228 recall 0.914 111s
[softmax s0] step  1200 loss 2.041 ce_ans 0.256 ce_copy 0.211 recall 0.957 121s
[softmax s0] step  1300 loss 2.035 ce_ans 0.294 ce_copy 0.161 recall 0.938 131s
[softmax s0] step  1400 loss 1.911 ce_ans 0.201 ce_copy 0.127 recall 0.973 141s
[softmax s0] step  1500 loss 4.206 ce_ans 0.005 ce_copy 0.357 recall 1.000 152s
[softmax s0] step  1600 loss 3.786 ce_ans 0.030 ce_copy 0.433 recall 0.996 162s
[softmax s0] step  1700 loss 3.769 ce_ans 0.003 ce_copy 0.457 recall 1.000 172s
[softmax s0] step  1800 loss 3.645 ce_ans 0.001 ce_copy 0.307 recall 1.000 182s
[softmax s0] step  1900 loss 3.612 ce_ans 0.000 ce_copy 0.336 recall 1.000 192s
[softmax s0] step  2000 loss 3.799 ce_ans 0.000 ce_copy 0.328 recall 1.000 202s
[softmax s0] step  2100 loss 3.746 ce_ans 0.000 ce_copy 0.253 recall 1.000 212s
[softmax s0] step  2200 loss 3.709 ce_ans 0.000 ce_copy 0.255 recall 1.000 222s
[softmax s0] step  2300 loss 3.636 ce_ans 0.000 ce_copy 0.243 recall 1.000 232s
[softmax s0] step  2400 loss 3.498 ce_ans 0.000 ce_copy 0.178 recall 1.000 242s
[softmax s0] step  2500 loss 3.528 ce_ans 0.000 ce_copy 0.183 recall 1.000 252s
[softmax s0] step  2600 loss 3.647 ce_ans 0.000 ce_copy 0.213 recall 1.000 262s
[softmax s0] step  2700 loss 3.710 ce_ans 0.000 ce_copy 0.210 recall 1.000 272s
[softmax s0] step  2800 loss 3.362 ce_ans 0.000 ce_copy 0.149 recall 1.000 282s
[softmax s0] step  2900 loss 3.587 ce_ans 0.000 ce_copy 0.214 recall 1.000 292s
[softmax s0] step  3000 loss 3.385 ce_ans 0.000 ce_copy 0.154 recall 1.000 302s
[softmax s0] step  3100 loss 3.609 ce_ans 0.000 ce_copy 0.171 recall 1.000 312s
[softmax s0] step  3200 loss 3.489 ce_ans 0.000 ce_copy 0.143 recall 1.000 322s
[softmax s0] step  3300 loss 3.633 ce_ans 0.000 ce_copy 0.157 recall 1.000 332s
[softmax s0] step  3400 loss 3.576 ce_ans 0.000 ce_copy 0.149 recall 1.000 342s
[softmax s0] step  3500 loss 3.587 ce_ans 0.000 ce_copy 0.186 recall 1.000 352s
[softmax s0] step  3600 loss 3.509 ce_ans 0.000 ce_copy 0.147 recall 1.000 362s
[softmax s0] step  3700 loss 3.706 ce_ans 0.000 ce_copy 0.166 recall 1.000 372s
[softmax s0] step  3800 loss 3.432 ce_ans 0.000 ce_copy 0.157 recall 1.000 382s
[softmax s0] step  3900 loss 3.578 ce_ans 0.000 ce_copy 0.142 recall 1.000 392s
[softmax s0] step  3999 loss 3.664 ce_ans 0.000 ce_copy 0.150 recall 1.000 402s
[softmax s0] len   256 recall 1.000 sink 0.035 ratio 1.8 noop 0.046 copy 0.020 gap +0.000
[softmax s0] len   512 recall 0.931 sink 0.020 ratio 1.8 noop 0.027 copy 0.013 gap +0.231
[softmax s0] len  1024 recall 0.465 sink 0.011 ratio 1.8 noop 0.015 copy 0.007 gap +0.872
[softmax s0] len  2048 recall 0.073 sink 0.006 ratio 1.8 noop 0.008 copy 0.005 gap +0.223
wrote results/runs/main\softmax__p0.5__g0__s0.json
