[hybrid_bka_first s0] step     0 loss 5.590 ce_ans 0.000 ce_copy 0.000 recall 0.000 2s
C:\Users\mohdm\Downloads\ICLR2027 - Copy\sinkprobe-release\sinkprobe\.venv\Lib\site-packages\torch\autograd\graph.py:869: UserWarning: The AccumulateGrad node's stream does not match the stream of the node that produced the incoming gradient. This may incur unnecessary synchronization and break CUDA graph capture if the AccumulateGrad node's stream is the default stream. This mismatch is caused by an AccumulateGrad node created prior to the current iteration being kept alive. This can happen if the autograd graph is still being kept alive by tensors such as the loss, or if you are using DDP, which will stash a reference to the node. To resolve the mismatch, delete all references to the autograd graph or ensure that DDP initialization is performed under the same stream as subsequent forwards. If the mismatch is intentional, you can use torch.autograd.graph.set_warn_on_accumulate_grad_stream_mismatch(False) to suppress this warning. (Triggered internally at C:\actions-runner\_work\pytorch\pytorch\pytorch\torch\csrc\autograd\input_buffer.cpp:250.)
  return Variable._execution_engine.run_backward(  # Calls into the C++ engine to run the backward pass
[hybrid_bka_first s0] step   100 loss 1.871 ce_ans 0.000 ce_copy 0.000 recall 0.219 33s
[hybrid_bka_first s0] step   200 loss 1.598 ce_ans 0.000 ce_copy 0.000 recall 0.125 63s
[hybrid_bka_first s0] step   300 loss 1.477 ce_ans 0.000 ce_copy 0.000 recall 0.344 94s
[hybrid_bka_first s0] step   400 loss 1.516 ce_ans 0.000 ce_copy 0.000 recall 0.250 124s
[hybrid_bka_first s0] step   500 loss 1.397 ce_ans 0.000 ce_copy 0.000 recall 0.281 154s
[hybrid_bka_first s0] step   600 loss 1.346 ce_ans 0.000 ce_copy 0.000 recall 0.344 184s
[hybrid_bka_first s0] step   700 loss 1.327 ce_ans 0.000 ce_copy 0.000 recall 0.031 214s
[hybrid_bka_first s0] step   800 loss 1.273 ce_ans 0.000 ce_copy 0.000 recall 0.188 245s
[hybrid_bka_first s0] step   900 loss 1.252 ce_ans 0.000 ce_copy 0.000 recall 0.219 275s
[hybrid_bka_first s0] step  1000 loss 1.285 ce_ans 0.000 ce_copy 0.000 recall 0.219 305s
[hybrid_bka_first s0] step  1100 loss 1.233 ce_ans 0.000 ce_copy 0.000 recall 0.156 336s
[hybrid_bka_first s0] step  1200 loss 1.196 ce_ans 0.000 ce_copy 0.000 recall 0.312 365s
[hybrid_bka_first s0] step  1300 loss 1.198 ce_ans 0.000 ce_copy 0.000 recall 0.188 395s
[hybrid_bka_first s0] step  1400 loss 1.158 ce_ans 0.000 ce_copy 0.000 recall 0.188 424s
[hybrid_bka_first s0] step  1500 loss 1.195 ce_ans 0.000 ce_copy 0.000 recall 0.250 454s
[hybrid_bka_first s0] step  1600 loss 1.148 ce_ans 0.000 ce_copy 0.000 recall 0.156 483s
[hybrid_bka_first s0] step  1700 loss 1.168 ce_ans 0.000 ce_copy 0.000 recall 0.156 512s
[hybrid_bka_first s0] step  1800 loss 1.134 ce_ans 0.000 ce_copy 0.000 recall 0.188 542s
[hybrid_bka_first s0] step  1900 loss 1.110 ce_ans 0.000 ce_copy 0.000 recall 0.156 572s
[hybrid_bka_first s0] step  2000 loss 1.123 ce_ans 0.000 ce_copy 0.000 recall 0.188 603s
[hybrid_bka_first s0] step  2100 loss 1.113 ce_ans 0.000 ce_copy 0.000 recall 0.219 633s
[hybrid_bka_first s0] step  2200 loss 1.110 ce_ans 0.000 ce_copy 0.000 recall 0.250 664s
[hybrid_bka_first s0] step  2300 loss 1.021 ce_ans 0.000 ce_copy 0.000 recall 0.188 694s
[hybrid_bka_first s0] step  2400 loss 1.052 ce_ans 0.000 ce_copy 0.000 recall 0.094 724s
[hybrid_bka_first s0] step  2500 loss 1.036 ce_ans 0.000 ce_copy 0.000 recall 0.219 755s
[hybrid_bka_first s0] step  2600 loss 1.076 ce_ans 0.000 ce_copy 0.000 recall 0.219 785s
[hybrid_bka_first s0] step  2700 loss 1.057 ce_ans 0.000 ce_copy 0.000 recall 0.125 815s
[hybrid_bka_first s0] step  2800 loss 1.078 ce_ans 0.000 ce_copy 0.000 recall 0.250 846s
[hybrid_bka_first s0] step  2900 loss 1.041 ce_ans 0.000 ce_copy 0.000 recall 0.281 876s
[hybrid_bka_first s0] step  2999 loss 1.063 ce_ans 0.000 ce_copy 0.000 recall 0.188 906s
[hybrid_bka_first s0] len   512 recall 0.793 sink 0.093 ratio 8.2 noop nan copy nan gap +0.017
[hybrid_bka_first s0] len  1024 recall 0.784 sink 0.068 ratio 10.7 noop nan copy nan gap -0.002
[hybrid_bka_first s0] len  2048 recall 0.764 sink 0.047 ratio 13.3 noop nan copy nan gap -0.012
wrote results/runs/text/text_hybrid_bka_first__s0.json
