[hybrid_bka s0] step     0 loss 5.581 ce_ans 0.000 ce_copy 0.000 recall 0.000 2s
C:\Users\mohdm\Downloads\ICLR2027 - Copy\sinkprobe-release\sinkprobe\.venv\Lib\site-packages\torch\autograd\graph.py:869: UserWarning: The AccumulateGrad node's stream does not match the stream of the node that produced the incoming gradient. This may incur unnecessary synchronization and break CUDA graph capture if the AccumulateGrad node's stream is the default stream. This mismatch is caused by an AccumulateGrad node created prior to the current iteration being kept alive. This can happen if the autograd graph is still being kept alive by tensors such as the loss, or if you are using DDP, which will stash a reference to the node. To resolve the mismatch, delete all references to the autograd graph or ensure that DDP initialization is performed under the same stream as subsequent forwards. If the mismatch is intentional, you can use torch.autograd.graph.set_warn_on_accumulate_grad_stream_mismatch(False) to suppress this warning. (Triggered internally at C:\actions-runner\_work\pytorch\pytorch\pytorch\torch\csrc\autograd\input_buffer.cpp:250.)
  return Variable._execution_engine.run_backward(  # Calls into the C++ engine to run the backward pass
[hybrid_bka s0] step   100 loss 1.869 ce_ans 0.000 ce_copy 0.000 recall 0.219 33s
[hybrid_bka s0] step   200 loss 1.586 ce_ans 0.000 ce_copy 0.000 recall 0.062 63s
[hybrid_bka s0] step   300 loss 1.475 ce_ans 0.000 ce_copy 0.000 recall 0.344 94s
[hybrid_bka s0] step   400 loss 1.520 ce_ans 0.000 ce_copy 0.000 recall 0.250 124s
[hybrid_bka s0] step   500 loss 1.409 ce_ans 0.000 ce_copy 0.000 recall 0.281 154s
[hybrid_bka s0] step   600 loss 1.346 ce_ans 0.000 ce_copy 0.000 recall 0.344 184s
[hybrid_bka s0] step   700 loss 1.324 ce_ans 0.000 ce_copy 0.000 recall 0.031 215s
[hybrid_bka s0] step   800 loss 1.274 ce_ans 0.000 ce_copy 0.000 recall 0.188 245s
[hybrid_bka s0] step   900 loss 1.254 ce_ans 0.000 ce_copy 0.000 recall 0.219 275s
[hybrid_bka s0] step  1000 loss 1.287 ce_ans 0.000 ce_copy 0.000 recall 0.219 306s
[hybrid_bka s0] step  1100 loss 1.244 ce_ans 0.000 ce_copy 0.000 recall 0.156 336s
[hybrid_bka s0] step  1200 loss 1.200 ce_ans 0.000 ce_copy 0.000 recall 0.312 367s
[hybrid_bka s0] step  1300 loss 1.200 ce_ans 0.000 ce_copy 0.000 recall 0.188 397s
[hybrid_bka s0] step  1400 loss 1.158 ce_ans 0.000 ce_copy 0.000 recall 0.188 427s
[hybrid_bka s0] step  1500 loss 1.193 ce_ans 0.000 ce_copy 0.000 recall 0.250 458s
[hybrid_bka s0] step  1600 loss 1.149 ce_ans 0.000 ce_copy 0.000 recall 0.156 488s
[hybrid_bka s0] step  1700 loss 1.156 ce_ans 0.000 ce_copy 0.000 recall 0.156 519s
[hybrid_bka s0] step  1800 loss 1.133 ce_ans 0.000 ce_copy 0.000 recall 0.188 549s
[hybrid_bka s0] step  1900 loss 1.102 ce_ans 0.000 ce_copy 0.000 recall 0.156 579s
[hybrid_bka s0] step  2000 loss 1.112 ce_ans 0.000 ce_copy 0.000 recall 0.188 610s
[hybrid_bka s0] step  2100 loss 1.110 ce_ans 0.000 ce_copy 0.000 recall 0.219 640s
[hybrid_bka s0] step  2200 loss 1.096 ce_ans 0.000 ce_copy 0.000 recall 0.250 671s
[hybrid_bka s0] step  2300 loss 1.014 ce_ans 0.000 ce_copy 0.000 recall 0.188 701s
[hybrid_bka s0] step  2400 loss 1.046 ce_ans 0.000 ce_copy 0.000 recall 0.094 731s
[hybrid_bka s0] step  2500 loss 1.037 ce_ans 0.000 ce_copy 0.000 recall 0.219 762s
[hybrid_bka s0] step  2600 loss 1.070 ce_ans 0.000 ce_copy 0.000 recall 0.219 792s
[hybrid_bka s0] step  2700 loss 1.047 ce_ans 0.000 ce_copy 0.000 recall 0.125 822s
[hybrid_bka s0] step  2800 loss 1.067 ce_ans 0.000 ce_copy 0.000 recall 0.250 853s
[hybrid_bka s0] step  2900 loss 1.030 ce_ans 0.000 ce_copy 0.000 recall 0.281 883s
[hybrid_bka s0] step  2999 loss 1.052 ce_ans 0.000 ce_copy 0.000 recall 0.188 913s
[hybrid_bka s0] len   512 recall 0.797 sink 0.091 ratio 8.0 noop nan copy nan gap +0.024
[hybrid_bka s0] len  1024 recall 0.785 sink 0.065 ratio 10.2 noop nan copy nan gap +0.018
[hybrid_bka s0] len  2048 recall 0.773 sink 0.049 ratio 13.9 noop nan copy nan gap +0.019
wrote results/runs/text/text_hybrid_bka__s0.json
