[hybrid_bka_first s1] step     0 loss 5.579 ce_ans 0.000 ce_copy 0.000 recall 0.000 2s
C:\Users\mohdm\Downloads\ICLR2027 - Copy\sinkprobe-release\sinkprobe\.venv\Lib\site-packages\torch\autograd\graph.py:869: UserWarning: The AccumulateGrad node's stream does not match the stream of the node that produced the incoming gradient. This may incur unnecessary synchronization and break CUDA graph capture if the AccumulateGrad node's stream is the default stream. This mismatch is caused by an AccumulateGrad node created prior to the current iteration being kept alive. This can happen if the autograd graph is still being kept alive by tensors such as the loss, or if you are using DDP, which will stash a reference to the node. To resolve the mismatch, delete all references to the autograd graph or ensure that DDP initialization is performed under the same stream as subsequent forwards. If the mismatch is intentional, you can use torch.autograd.graph.set_warn_on_accumulate_grad_stream_mismatch(False) to suppress this warning. (Triggered internally at C:\actions-runner\_work\pytorch\pytorch\pytorch\torch\csrc\autograd\input_buffer.cpp:250.)
  return Variable._execution_engine.run_backward(  # Calls into the C++ engine to run the backward pass
[hybrid_bka_first s1] step   100 loss 1.916 ce_ans 0.000 ce_copy 0.000 recall 0.438 33s
[hybrid_bka_first s1] step   200 loss 1.700 ce_ans 0.000 ce_copy 0.000 recall 0.344 63s
[hybrid_bka_first s1] step   300 loss 1.483 ce_ans 0.000 ce_copy 0.000 recall 0.188 93s
[hybrid_bka_first s1] step   400 loss 1.437 ce_ans 0.000 ce_copy 0.000 recall 0.125 124s
[hybrid_bka_first s1] step   500 loss 1.377 ce_ans 0.000 ce_copy 0.000 recall 0.188 154s
[hybrid_bka_first s1] step   600 loss 1.341 ce_ans 0.000 ce_copy 0.000 recall 0.188 184s
[hybrid_bka_first s1] step   700 loss 1.310 ce_ans 0.000 ce_copy 0.000 recall 0.250 215s
[hybrid_bka_first s1] step   800 loss 1.287 ce_ans 0.000 ce_copy 0.000 recall 0.156 245s
[hybrid_bka_first s1] step   900 loss 1.267 ce_ans 0.000 ce_copy 0.000 recall 0.219 275s
[hybrid_bka_first s1] step  1000 loss 1.250 ce_ans 0.000 ce_copy 0.000 recall 0.312 306s
[hybrid_bka_first s1] step  1100 loss 1.241 ce_ans 0.000 ce_copy 0.000 recall 0.125 336s
[hybrid_bka_first s1] step  1200 loss 1.179 ce_ans 0.000 ce_copy 0.000 recall 0.250 366s
[hybrid_bka_first s1] step  1300 loss 1.223 ce_ans 0.000 ce_copy 0.000 recall 0.188 395s
[hybrid_bka_first s1] step  1400 loss 1.155 ce_ans 0.000 ce_copy 0.000 recall 0.219 424s
[hybrid_bka_first s1] step  1500 loss 1.159 ce_ans 0.000 ce_copy 0.000 recall 0.188 454s
[hybrid_bka_first s1] step  1600 loss 1.148 ce_ans 0.000 ce_copy 0.000 recall 0.188 484s
[hybrid_bka_first s1] step  1700 loss 1.136 ce_ans 0.000 ce_copy 0.000 recall 0.250 514s
[hybrid_bka_first s1] step  1800 loss 1.112 ce_ans 0.000 ce_copy 0.000 recall 0.312 543s
[hybrid_bka_first s1] step  1900 loss 1.106 ce_ans 0.000 ce_copy 0.000 recall 0.219 572s
[hybrid_bka_first s1] step  2000 loss 1.141 ce_ans 0.000 ce_copy 0.000 recall 0.375 601s
[hybrid_bka_first s1] step  2100 loss 1.110 ce_ans 0.000 ce_copy 0.000 recall 0.094 630s
[hybrid_bka_first s1] step  2200 loss 1.088 ce_ans 0.000 ce_copy 0.000 recall 0.188 659s
[hybrid_bka_first s1] step  2300 loss 1.101 ce_ans 0.000 ce_copy 0.000 recall 0.156 688s
[hybrid_bka_first s1] step  2400 loss 1.073 ce_ans 0.000 ce_copy 0.000 recall 0.188 718s
[hybrid_bka_first s1] step  2500 loss 1.060 ce_ans 0.000 ce_copy 0.000 recall 0.219 749s
[hybrid_bka_first s1] step  2600 loss 1.065 ce_ans 0.000 ce_copy 0.000 recall 0.250 780s
[hybrid_bka_first s1] step  2700 loss 1.041 ce_ans 0.000 ce_copy 0.000 recall 0.094 810s
[hybrid_bka_first s1] step  2800 loss 1.045 ce_ans 0.000 ce_copy 0.000 recall 0.062 841s
[hybrid_bka_first s1] step  2900 loss 1.026 ce_ans 0.000 ce_copy 0.000 recall 0.281 871s
[hybrid_bka_first s1] step  2999 loss 1.047 ce_ans 0.000 ce_copy 0.000 recall 0.156 901s
[hybrid_bka_first s1] len   512 recall 0.808 sink 0.093 ratio 8.1 noop nan copy nan gap -0.032
[hybrid_bka_first s1] len  1024 recall 0.783 sink 0.058 ratio 9.0 noop nan copy nan gap +0.011
[hybrid_bka_first s1] len  2048 recall 0.764 sink 0.043 ratio 12.3 noop nan copy nan gap +0.011
wrote results/runs/text/text_hybrid_bka_first__s1.json
