[hybrid_bka s1] step     0 loss 5.568 ce_ans 0.000 ce_copy 0.000 recall 0.000 2s
C:\Users\mohdm\Downloads\ICLR2027 - Copy\sinkprobe-release\sinkprobe\.venv\Lib\site-packages\torch\autograd\graph.py:869: UserWarning: The AccumulateGrad node's stream does not match the stream of the node that produced the incoming gradient. This may incur unnecessary synchronization and break CUDA graph capture if the AccumulateGrad node's stream is the default stream. This mismatch is caused by an AccumulateGrad node created prior to the current iteration being kept alive. This can happen if the autograd graph is still being kept alive by tensors such as the loss, or if you are using DDP, which will stash a reference to the node. To resolve the mismatch, delete all references to the autograd graph or ensure that DDP initialization is performed under the same stream as subsequent forwards. If the mismatch is intentional, you can use torch.autograd.graph.set_warn_on_accumulate_grad_stream_mismatch(False) to suppress this warning. (Triggered internally at C:\actions-runner\_work\pytorch\pytorch\pytorch\torch\csrc\autograd\input_buffer.cpp:250.)
  return Variable._execution_engine.run_backward(  # Calls into the C++ engine to run the backward pass
[hybrid_bka s1] step   100 loss 1.899 ce_ans 0.000 ce_copy 0.000 recall 0.438 33s
[hybrid_bka s1] step   200 loss 1.703 ce_ans 0.000 ce_copy 0.000 recall 0.344 63s
[hybrid_bka s1] step   300 loss 1.492 ce_ans 0.000 ce_copy 0.000 recall 0.188 92s
[hybrid_bka s1] step   400 loss 1.427 ce_ans 0.000 ce_copy 0.000 recall 0.125 121s
[hybrid_bka s1] step   500 loss 1.385 ce_ans 0.000 ce_copy 0.000 recall 0.188 151s
[hybrid_bka s1] step   600 loss 1.348 ce_ans 0.000 ce_copy 0.000 recall 0.188 180s
[hybrid_bka s1] step   700 loss 1.317 ce_ans 0.000 ce_copy 0.000 recall 0.250 210s
[hybrid_bka s1] step   800 loss 1.308 ce_ans 0.000 ce_copy 0.000 recall 0.156 239s
[hybrid_bka s1] step   900 loss 1.285 ce_ans 0.000 ce_copy 0.000 recall 0.219 269s
[hybrid_bka s1] step  1000 loss 1.278 ce_ans 0.000 ce_copy 0.000 recall 0.312 298s
[hybrid_bka s1] step  1100 loss 1.254 ce_ans 0.000 ce_copy 0.000 recall 0.125 327s
[hybrid_bka s1] step  1200 loss 1.181 ce_ans 0.000 ce_copy 0.000 recall 0.250 357s
[hybrid_bka s1] step  1300 loss 1.231 ce_ans 0.000 ce_copy 0.000 recall 0.188 386s
[hybrid_bka s1] step  1400 loss 1.157 ce_ans 0.000 ce_copy 0.000 recall 0.219 415s
[hybrid_bka s1] step  1500 loss 1.162 ce_ans 0.000 ce_copy 0.000 recall 0.188 444s
[hybrid_bka s1] step  1600 loss 1.137 ce_ans 0.000 ce_copy 0.000 recall 0.188 474s
[hybrid_bka s1] step  1700 loss 1.133 ce_ans 0.000 ce_copy 0.000 recall 0.250 503s
[hybrid_bka s1] step  1800 loss 1.112 ce_ans 0.000 ce_copy 0.000 recall 0.312 532s
[hybrid_bka s1] step  1900 loss 1.108 ce_ans 0.000 ce_copy 0.000 recall 0.219 561s
[hybrid_bka s1] step  2000 loss 1.128 ce_ans 0.000 ce_copy 0.000 recall 0.375 591s
[hybrid_bka s1] step  2100 loss 1.106 ce_ans 0.000 ce_copy 0.000 recall 0.094 620s
[hybrid_bka s1] step  2200 loss 1.085 ce_ans 0.000 ce_copy 0.000 recall 0.188 650s
[hybrid_bka s1] step  2300 loss 1.088 ce_ans 0.000 ce_copy 0.000 recall 0.156 679s
[hybrid_bka s1] step  2400 loss 1.061 ce_ans 0.000 ce_copy 0.000 recall 0.188 708s
[hybrid_bka s1] step  2500 loss 1.050 ce_ans 0.000 ce_copy 0.000 recall 0.219 738s
[hybrid_bka s1] step  2600 loss 1.057 ce_ans 0.000 ce_copy 0.000 recall 0.250 767s
[hybrid_bka s1] step  2700 loss 1.027 ce_ans 0.000 ce_copy 0.000 recall 0.094 796s
[hybrid_bka s1] step  2800 loss 1.042 ce_ans 0.000 ce_copy 0.000 recall 0.062 826s
[hybrid_bka s1] step  2900 loss 1.015 ce_ans 0.000 ce_copy 0.000 recall 0.281 855s
[hybrid_bka s1] step  2999 loss 1.035 ce_ans 0.000 ce_copy 0.000 recall 0.156 884s
[hybrid_bka s1] len   512 recall 0.815 sink 0.085 ratio 7.5 noop nan copy nan gap -0.022
[hybrid_bka s1] len  1024 recall 0.797 sink 0.053 ratio 8.3 noop nan copy nan gap +0.018
[hybrid_bka s1] len  2048 recall 0.768 sink 0.038 ratio 10.8 noop nan copy nan gap +0.003
wrote results/runs/text/text_hybrid_bka__s1.json
